job 4 / 126 done 1 u 0 0 0 0 4 matrices 1587 rings 4 seconds 0.0415535
job 3 / 126 done 1 u 0 0 0 0 3 matrices 1414 rings 17 seconds 0.0503401
job 2 / 126 done 1 u 0 0 0 0 2 matrices 8700 rings 9 seconds 0.0695306
job 1 / 126 done 1 u 0 0 0 0 1 matrices 63667 rings 243 seconds 0.371334
job 12 / 126 done 1 u 0 0 0 3 3 matrices 45387 rings 0 seconds 0.46449
job 14 / 126 done 1 u 0 0 0 4 4 matrices 49845 rings 1 seconds 0.519784
job 9 / 126 done 1 u 0 0 0 2 2 matrices 188242 rings 5 seconds 0.651693
job 11 / 126 done 1 u 0 0 0 2 4 matrices 860489 rings 0 seconds 2.09786
job 5 / 126 done 1 u 0 0 0 1 1 matrices 2975307 rings 145 seconds 4.3349
job 15 / 126 done 1 u 0 0 1 1 1 matrices 17686823 rings 92 seconds 21.8682
job 6 / 126 done 1 u 0 0 0 1 2 matrices 28549732 rings 45 seconds 35.1178
job 7 / 126 done 1 u 0 0 0 1 3 matrices 59241005 rings 3 seconds 74.64
job 8 / 126 done 1 u 0 0 0 1 4 matrices 69888958 rings 0 seconds 88.2846
job 0 / 126 done 1 u 0 0 0 0 0 matrices 3 rings 2151 seconds 94.0413
job 25 / 126 done 1 u 0 0 2 2 2 matrices 954764 rings 0 seconds 2.58891
job 16 / 126 done 1 u 0 0 1 1 2 matrices 152163459 rings 31 seconds 196.108
job 27 / 126 done 1 u 0 0 2 2 4 matrices 5051110 rings 0 seconds 11.9866
job 10 / 126 done 1 u 0 0 0 2 3 matrices 168244429 rings 3 seconds 217.457
job 17 / 126 done 1 u 0 0 1 1 3 matrices 288726834 rings 3 seconds 330.442
job 30 / 126 done 1 u 0 0 2 4 4 matrices 9535853 rings 0 seconds 18.9759
job 31 / 126 done 1 u 0 0 3 3 3 matrices 209176 rings 0 seconds 1.58924
job 19 / 126 done 1 u 0 0 1 2 2 matrices 365439234 rings 16 seconds 417.381
job 18 / 126 done 1 u 0 0 1 1 4 matrices 341893995 rings 0 seconds 448.416
job 34 / 126 done 1 u 0 0 4 4 4 matrices 249966 rings 2 seconds 1.71374
job 35 / 126 done 1 u 0 1 1 1 1 matrices 29800130 rings 35 seconds 46.1976
job 13 / 126 done 1 u 0 0 0 3 4 matrices 400585148 rings 0 seconds 506.292
job 36 / 126 done 1 u 0 1 1 1 2 matrices 278837475 rings 13 seconds 381.882
job 37 / 126 done 1 u 0 1 1 1 3 matrices 456115982 rings 0 seconds 551.344
job 22 / 126 done 1 u 0 0 1 3 3 matrices 1032510728 rings 2 seconds 1328.53
job 38 / 126 done 1 u 0 1 1 1 4 matrices 535862718 rings 0 seconds 658.335
job 20 / 126 done 1 u 0 0 1 2 3 matrices 1234841169 rings 12 seconds 1556.84
job 26 / 126 done 1 u 0 0 2 2 3 matrices 1186321974 rings 0 seconds 1483.91
job 21 / 126 done 1 u 0 0 1 2 4 matrices 1484306297 rings 0 seconds 1826.72
job 39 / 126 done 1 u 0 1 1 2 2 matrices 838416392 rings 12 seconds 1107.45
job 24 / 126 done 1 u 0 0 1 4 4 matrices 1643267639 rings 0 seconds 2083.74
job 28 / 126 done 1 u 0 0 2 3 3 matrices 1778475623 rings 0 seconds 2174.77
job 23 / 126 done 1 u 0 0 1 3 4 matrices 2488081046 rings 0 seconds 3152.7
job 45 / 126 done 1 u 0 1 2 2 2 matrices 990632378 rings 4 seconds 1276.26
job 42 / 126 done 1 u 0 1 1 3 3 matrices 1882228547 rings 1 seconds 2185.23
job 32 / 126 done 1 u 0 0 3 3 4 matrices 2947017889 rings 2 seconds 3748.62
job 33 / 126 done 1 u 0 0 3 4 4 matrices 3544601911 rings 0 seconds 4075.87
job 40 / 126 done 1 u 0 1 1 2 3 matrices 2566420082 rings 6 seconds 3151.37
job 41 / 126 done 1 u 0 1 1 2 4 matrices 2927125594 rings 0 seconds 3558.12
job 44 / 126 done 1 u 0 1 1 4 4 matrices 2684237306 rings 0 seconds 3422.71
job 55 / 126 done 1 u 0 2 2 2 2 matrices 1421783 rings 2 seconds 3.46825
job 29 / 126 done 1 u 0 0 2 3 4 matrices 4225887967 rings 0 seconds 5476.02
job 57 / 126 done 1 u 0 2 2 2 4 matrices 8679195 rings 0 seconds 15.7459
job 43 / 126 done 1 u 0 1 1 3 4 matrices 4427336847 rings 1 seconds 5354.86
job 51 / 126 done 1 u 0 1 3 3 3 matrices 2472665643 rings 3 seconds 3066.72
job 60 / 126 done 1 u 0 2 2 4 4 matrices 18605547 rings 0 seconds 30.9149
job 46 / 126 done 1 u 0 1 2 2 3 matrices 4195385821 rings 2 seconds 5241.13
job 56 / 126 done 1 u 0 2 2 2 3 matrices 2095237725 rings 1 seconds 2528.08
job 47 / 126 done 1 u 0 1 2 2 4 matrices 4815374749 rings 0 seconds 5631.29
job 64 / 126 done 1 u 0 2 4 4 4 matrices 15823081 rings 0 seconds 26.1128
job 65 / 126 done 1 u 0 3 3 3 3 matrices 218890 rings 0 seconds 1.16872
job 54 / 126 done 1 u 0 1 4 4 4 matrices 3609710790 rings 0 seconds 4411.09
job 48 / 126 done 1 u 0 1 2 3 3 matrices 5745415706 rings 2 seconds 6886.98
job 58 / 126 done 1 u 0 2 2 3 3 matrices 3953659370 rings 0 seconds 4758.03
job 69 / 126 done 1 u 0 4 4 4 4 matrices 267358 rings 4 seconds 1.25439
job 70 / 126 done 1 u 1 1 1 1 1 matrices 3583035 rings 1 seconds 5.1628
job 71 / 126 done 1 u 1 1 1 1 2 matrices 36366935 rings 8 seconds 47.5623
job 72 / 126 done 1 u 1 1 1 1 3 matrices 55532297 rings 0 seconds 71.9528
job 73 / 126 done 1 u 1 1 1 1 4 matrices 59600855 rings 0 seconds 75.8574
job 61 / 126 done 1 u 0 2 3 3 3 matrices 3250397317 rings 0 seconds 3565.52
job 74 / 126 done 1 u 1 1 1 2 2 matrices 134190906 rings 4 seconds 170.33
job 75 / 126 done 1 u 1 1 1 2 3 matrices 370077439 rings 3 seconds 410.154
job 76 / 126 done 1 u 1 1 1 2 4 matrices 408654232 rings 0 seconds 509.602
job 77 / 126 done 1 u 1 1 1 3 3 matrices 254987076 rings 0 seconds 281.803
job 79 / 126 done 1 u 1 1 1 4 4 matrices 310470415 rings 0 seconds 363.937
job 78 / 126 done 1 u 1 1 1 3 4 matrices 560332794 rings 1 seconds 676.02
job 80 / 126 done 1 u 1 1 2 2 2 matrices 217756187 rings 10 seconds 262.625
job 66 / 126 done 1 u 0 3 3 3 4 matrices 3997911469 rings 0 seconds 4411.67
job 50 / 126 done 1 u 0 1 2 4 4 matrices 7519646851 rings 0 seconds 8816.15
job 81 / 126 done 1 u 1 1 2 2 3 matrices 871243151 rings 2 seconds 1032.22
job 82 / 126 done 1 u 1 1 2 2 4 matrices 931738668 rings 0 seconds 1098.4
job 86 / 126 done 1 u 1 1 3 3 3 matrices 451495379 rings 0 seconds 528.975
job 52 / 126 done 1 u 0 1 3 3 4 matrices 8353788919 rings 0 seconds 9221.15
job 83 / 126 done 1 u 1 1 2 3 3 matrices 1106158885 rings 4 seconds 1265.9
job 89 / 126 done 1 u 1 1 4 4 4 matrices 549986126 rings 0 seconds 668.008
job 85 / 126 done 1 u 1 1 2 4 4 matrices 1282545463 rings 0 seconds 1495.33
job 90 / 126 done 1 u 1 2 2 2 2 matrices 168301250 rings 8 seconds 196.063
job 53 / 126 done 1 u 0 1 3 4 4 matrices 9542119627 rings 0 seconds 10641.4
job 84 / 126 done 1 u 1 1 2 3 4 matrices 2334475635 rings 0 seconds 2723.82
job 87 / 126 done 1 u 1 1 3 3 4 matrices 1434665644 rings 0 seconds 1582.9
job 88 / 126 done 1 u 1 1 3 4 4 matrices 1518326834 rings 0 seconds 1653.08
job 91 / 126 done 1 u 1 2 2 2 3 matrices 823221946 rings 0 seconds 966.008
job 92 / 126 done 1 u 1 2 2 2 4 matrices 854790541 rings 0 seconds 951.198
job 68 / 126 done 1 u 0 3 4 4 4 matrices 4591433247 rings 0 seconds 5543.16
job 96 / 126 done 1 u 1 2 3 3 3 matrices 1140392161 rings 1 seconds 1248.63
job 93 / 126 done 1 u 1 2 2 3 3 matrices 1477003969 rings 1 seconds 1648.51
job 67 / 126 done 1 u 0 3 3 4 4 matrices 6463080287 rings 0 seconds 7322.01
job 100 / 126 done 1 u 1 3 3 3 3 matrices 318027244 rings 0 seconds 353.622
job 95 / 126 done 1 u 1 2 2 4 4 matrices 1611199425 rings 0 seconds 1750.49
job 99 / 126 done 1 u 1 2 4 4 4 matrices 1280050356 rings 1 seconds 1553.34
job 105 / 126 done 1 u 2 2 2 2 2 matrices 20735 rings 1 seconds 0.152467
job 106 / 126 done 1 u 2 2 2 2 3 matrices 34092272 rings 2 seconds 42.5313
job 107 / 126 done 1 u 2 2 2 2 4 matrices 128911 rings 0 seconds 0.299502
job 108 / 126 done 1 u 2 2 2 3 3 matrices 80783850 rings 1 seconds 98.7913
job 59 / 126 done 1 u 0 2 2 3 4 matrices 8716664991 rings 1 seconds 10469.6
job 110 / 126 done 1 u 2 2 2 4 4 matrices 305091 rings 0 seconds 0.617379
job 104 / 126 done 1 u 1 4 4 4 4 matrices 351102554 rings 0 seconds 392.539
job 111 / 126 done 1 u 2 2 3 3 3 matrices 91135208 rings 6 seconds 111.642
job 109 / 126 done 1 u 2 2 2 3 4 matrices 153447804 rings 0 seconds 185.041
job 114 / 126 done 1 u 2 2 4 4 4 matrices 381135 rings 0 seconds 0.678769
job 115 / 126 done 1 u 2 3 3 3 3 matrices 53276929 rings 3 seconds 64.0426
job 112 / 126 done 1 u 2 2 3 3 4 matrices 272992508 rings 0 seconds 311.536
job 116 / 126 done 1 u 2 3 3 3 4 matrices 201702647 rings 0 seconds 233.528
job 113 / 126 done 1 u 2 2 3 4 4 matrices 264989603 rings 0 seconds 334.058
job 119 / 126 done 1 u 2 4 4 4 4 matrices 232030 rings 0 seconds 0.491426
job 120 / 126 done 1 u 3 3 3 3 3 matrices 323 rings 1 seconds 0.0133623
job 121 / 126 done 1 u 3 3 3 3 4 matrices 1814545 rings 0 seconds 2.41017
job 122 / 126 done 1 u 3 3 3 4 4 matrices 3545865 rings 0 seconds 4.6093
job 123 / 126 done 1 u 3 3 4 4 4 matrices 3373544 rings 1 seconds 4.38042
job 124 / 126 done 1 u 3 4 4 4 4 matrices 1698144 rings 0 seconds 2.3885
job 125 / 126 done 1 u 4 4 4 4 4 matrices 0 rings 0 seconds 0.000424573
job 118 / 126 done 1 u 2 3 4 4 4 matrices 202241948 rings 0 seconds 228.487
job 117 / 126 done 1 u 2 3 3 4 4 matrices 306901266 rings 0 seconds 346.681
job 101 / 126 done 1 u 1 3 3 3 4 matrices 1317023616 rings 0 seconds 1547.44
job 94 / 126 done 1 u 1 2 2 3 4 matrices 3057062837 rings 1 seconds 3070.2
job 103 / 126 done 1 u 1 3 4 4 4 matrices 1389575995 rings 0 seconds 1460.33
job 49 / 126 done 1 u 0 1 2 3 4 matrices 12945457633 rings 0 seconds 15283.9
job 102 / 126 done 1 u 1 3 3 4 4 matrices 2021204182 rings 0 seconds 1961.93
job 97 / 126 done 1 u 1 2 3 3 4 matrices 3492149755 rings 0 seconds 3395.79
job 62 / 126 done 1 u 0 2 3 3 4 matrices 10520937204 rings 1 seconds 11543.7
job 98 / 126 done 1 u 1 2 3 4 4 matrices 3679214480 rings 1 seconds 3464.22
job 63 / 126 done 1 u 0 2 3 4 4 matrices 11475111624 rings 0 seconds 11733.7
FINAL rank 7 bound 4 complete 1 jobs 126 / 126 matrices 192949528273 singular 2522445 completion_nodes 4631623 classes 2935 seconds 19536.9 counts 18 194 705 2018
