job 3 / 126 done 1 u 0 0 0 3 matrices 1569 rings 2 seconds 0.0170668
job 2 / 126 done 1 u 0 0 0 2 matrices 3353 rings 30 seconds 0.0213114
job 5 / 126 done 1 u 0 0 0 5 matrices 221 rings 0 seconds 0.00794359
job 4 / 126 done 1 u 0 0 0 4 matrices 1696 rings 5 seconds 0.0197065
job 1 / 126 done 1 u 0 0 0 1 matrices 11612 rings 158 seconds 0.056952
job 6 / 126 done 1 u 0 0 1 1 matrices 172311 rings 143 seconds 0.589326
job 7 / 126 done 1 u 0 0 1 2 matrices 1001785 rings 68 seconds 1.88441
job 8 / 126 done 1 u 0 0 1 3 matrices 1800666 rings 8 seconds 2.5157
job 11 / 126 done 1 u 0 0 2 2 matrices 38679 rings 13 seconds 0.106159
job 9 / 126 done 1 u 0 0 1 4 matrices 2313313 rings 9 seconds 3.03008
job 13 / 126 done 1 u 0 0 2 4 matrices 134972 rings 6 seconds 0.243631
job 10 / 126 done 1 u 0 0 1 5 matrices 1942175 rings 1 seconds 2.33907
job 15 / 126 done 1 u 0 0 3 3 matrices 18628 rings 3 seconds 0.0621221
job 12 / 126 done 1 u 0 0 2 3 matrices 3543509 rings 8 seconds 3.92303
job 14 / 126 done 1 u 0 0 2 5 matrices 4013051 rings 0 seconds 4.16205
job 18 / 126 done 1 u 0 0 4 4 matrices 19403 rings 4 seconds 0.0854701
job 16 / 126 done 1 u 0 0 3 4 matrices 6460085 rings 2 seconds 5.98065
job 20 / 126 done 1 u 0 0 5 5 matrices 3031 rings 0 seconds 0.0322667
job 21 / 126 done 1 u 0 1 1 1 matrices 389577 rings 55 seconds 0.673335
job 17 / 126 done 1 u 0 0 3 5 matrices 6323963 rings 0 seconds 5.67306
job 0 / 126 done 1 u 0 0 0 0 matrices 10 rings 1625 seconds 12.6461
job 22 / 126 done 1 u 0 1 1 2 matrices 2459551 rings 63 seconds 2.55298
job 23 / 126 done 1 u 0 1 1 3 matrices 3794063 rings 13 seconds 3.20318
job 19 / 126 done 1 u 0 0 4 5 matrices 8662854 rings 0 seconds 8.0313
job 24 / 126 done 1 u 0 1 1 4 matrices 4623609 rings 3 seconds 3.84283
job 25 / 126 done 1 u 0 1 1 5 matrices 4235191 rings 0 seconds 3.33803
job 26 / 126 done 1 u 0 1 2 2 matrices 4392831 rings 24 seconds 4.4857
job 27 / 126 done 1 u 0 1 2 3 matrices 12437925 rings 20 seconds 7.55922
job 29 / 126 done 1 u 0 1 2 5 matrices 13827933 rings 0 seconds 6.905
job 28 / 126 done 1 u 0 1 2 4 matrices 14762098 rings 3 seconds 7.88285
job 30 / 126 done 1 u 0 1 3 3 matrices 8644274 rings 2 seconds 7.26059
job 32 / 126 done 1 u 0 1 3 5 matrices 20064299 rings 1 seconds 11.4651
job 33 / 126 done 1 u 0 1 4 4 matrices 12702349 rings 0 seconds 11.2776
job 36 / 126 done 1 u 0 2 2 2 matrices 75434 rings 3 seconds 0.162377
job 31 / 126 done 1 u 0 1 3 4 matrices 20233151 rings 1 seconds 13.0968
job 38 / 126 done 1 u 0 2 2 4 matrices 355662 rings 0 seconds 0.55827
job 34 / 126 done 1 u 0 1 4 5 matrices 25759540 rings 0 seconds 18.0853
job 37 / 126 done 1 u 0 2 2 3 matrices 9424137 rings 7 seconds 10.9537
job 39 / 126 done 1 u 0 2 2 5 matrices 10581961 rings 0 seconds 11.1899
job 35 / 126 done 1 u 0 1 5 5 matrices 14155839 rings 0 seconds 16.6419
job 43 / 126 done 1 u 0 2 4 4 matrices 532805 rings 1 seconds 0.899639
job 40 / 126 done 1 u 0 2 3 3 matrices 12364377 rings 3 seconds 13.6812
job 41 / 126 done 1 u 0 2 3 4 matrices 28620690 rings 2 seconds 19.4386
job 46 / 126 done 1 u 0 3 3 3 matrices 32920 rings 0 seconds 0.177283
job 42 / 126 done 1 u 0 2 3 5 matrices 28266469 rings 0 seconds 19.6874
job 44 / 126 done 1 u 0 2 4 5 matrices 33374674 rings 0 seconds 22.2706
job 45 / 126 done 1 u 0 2 5 5 matrices 18218069 rings 0 seconds 19.0858
job 47 / 126 done 1 u 0 3 3 4 matrices 17715445 rings 0 seconds 17.4087
job 48 / 126 done 1 u 0 3 3 5 matrices 17654476 rings 0 seconds 17.1947
job 52 / 126 done 1 u 0 4 4 4 matrices 32157 rings 1 seconds 0.192433
job 49 / 126 done 1 u 0 3 4 4 matrices 19493955 rings 3 seconds 20.5873
job 50 / 126 done 1 u 0 3 4 5 matrices 40553383 rings 1 seconds 25.7945
job 55 / 126 done 1 u 0 5 5 5 matrices 5686 rings 3 seconds 0.0352924
job 56 / 126 done 1 u 1 1 1 1 matrices 78034 rings 11 seconds 0.221136
job 57 / 126 done 1 u 1 1 1 2 matrices 566311 rings 19 seconds 0.780542
job 51 / 126 done 1 u 0 3 5 5 matrices 21800804 rings 0 seconds 21.3307
job 58 / 126 done 1 u 1 1 1 3 matrices 832969 rings 3 seconds 1.08896
job 59 / 126 done 1 u 1 1 1 4 matrices 944954 rings 4 seconds 1.23707
job 53 / 126 done 1 u 0 4 4 5 matrices 23139845 rings 1 seconds 21.0841
job 60 / 126 done 1 u 1 1 1 5 matrices 853774 rings 0 seconds 1.25397
job 61 / 126 done 1 u 1 1 2 2 matrices 1436785 rings 16 seconds 2.06023
job 62 / 126 done 1 u 1 1 2 3 matrices 3850072 rings 6 seconds 2.97932
job 63 / 126 done 1 u 1 1 2 4 matrices 4311984 rings 4 seconds 3.08685
job 64 / 126 done 1 u 1 1 2 5 matrices 4058310 rings 2 seconds 2.6762
job 65 / 126 done 1 u 1 1 3 3 matrices 2557856 rings 1 seconds 2.86553
job 66 / 126 done 1 u 1 1 3 4 matrices 5802462 rings 2 seconds 3.94661
job 67 / 126 done 1 u 1 1 3 5 matrices 5612191 rings 0 seconds 3.82554
job 54 / 126 done 1 u 0 4 5 5 matrices 24544549 rings 0 seconds 20.5959
job 68 / 126 done 1 u 1 1 4 4 matrices 3349044 rings 0 seconds 3.80362
job 71 / 126 done 1 u 1 2 2 2 matrices 1503396 rings 13 seconds 2.03854
job 69 / 126 done 1 u 1 1 4 5 matrices 6627537 rings 0 seconds 4.21649
job 70 / 126 done 1 u 1 1 5 5 matrices 3466888 rings 0 seconds 3.89883
job 72 / 126 done 1 u 1 2 2 3 matrices 5634783 rings 23 seconds 4.30586
job 74 / 126 done 1 u 1 2 2 5 matrices 6030229 rings 0 seconds 3.67206
job 73 / 126 done 1 u 1 2 2 4 matrices 6352357 rings 1 seconds 4.08815
job 75 / 126 done 1 u 1 2 3 3 matrices 7078330 rings 7 seconds 4.88721
job 76 / 126 done 1 u 1 2 3 4 matrices 15666147 rings 1 seconds 6.93684
job 77 / 126 done 1 u 1 2 3 5 matrices 15182279 rings 0 seconds 6.00734
job 78 / 126 done 1 u 1 2 4 4 matrices 8600611 rings 0 seconds 6.30741
job 79 / 126 done 1 u 1 2 4 5 matrices 17020147 rings 0 seconds 6.86609
job 81 / 126 done 1 u 1 3 3 3 matrices 2914728 rings 0 seconds 4.14435
job 80 / 126 done 1 u 1 2 5 5 matrices 8986790 rings 0 seconds 6.61841
job 82 / 126 done 1 u 1 3 3 4 matrices 9385563 rings 0 seconds 6.84245
job 83 / 126 done 1 u 1 3 3 5 matrices 9163046 rings 0 seconds 6.48345
job 84 / 126 done 1 u 1 3 4 4 matrices 10131257 rings 0 seconds 7.20811
job 87 / 126 done 1 u 1 4 4 4 matrices 3695392 rings 0 seconds 5.45167
job 85 / 126 done 1 u 1 3 4 5 matrices 20368135 rings 1 seconds 8.31604
job 86 / 126 done 1 u 1 3 5 5 matrices 10648145 rings 0 seconds 7.93046
job 91 / 126 done 1 u 2 2 2 2 matrices 4968 rings 4 seconds 0.0275122
job 92 / 126 done 1 u 2 2 2 3 matrices 744364 rings 6 seconds 1.0808
job 93 / 126 done 1 u 2 2 2 4 matrices 24750 rings 2 seconds 0.0497507
job 94 / 126 done 1 u 2 2 2 5 matrices 718207 rings 0 seconds 1.12398
job 95 / 126 done 1 u 2 2 3 3 matrices 1399220 rings 8 seconds 1.97474
job 88 / 126 done 1 u 1 4 4 5 matrices 11251827 rings 1 seconds 8.31529
job 90 / 126 done 1 u 1 5 5 5 matrices 3958349 rings 0 seconds 5.98266
job 98 / 126 done 1 u 2 2 4 4 matrices 52590 rings 0 seconds 0.182307
job 97 / 126 done 1 u 2 2 3 5 matrices 2759290 rings 0 seconds 2.00232
job 96 / 126 done 1 u 2 2 3 4 matrices 2913329 rings 5 seconds 2.14289
job 99 / 126 done 1 u 2 2 4 5 matrices 3082291 rings 0 seconds 2.00984
job 101 / 126 done 1 u 2 3 3 3 matrices 1125656 rings 8 seconds 1.48341
job 89 / 126 done 1 u 1 4 5 5 matrices 11556313 rings 2 seconds 8.95861
job 100 / 126 done 1 u 2 2 5 5 matrices 1557398 rings 0 seconds 1.86547
job 102 / 126 done 1 u 2 3 3 4 matrices 3596672 rings 7 seconds 2.83392
job 103 / 126 done 1 u 2 3 3 5 matrices 3379646 rings 1 seconds 2.5069
job 107 / 126 done 1 u 2 4 4 4 matrices 44531 rings 0 seconds 0.0730827
job 104 / 126 done 1 u 2 3 4 4 matrices 3893797 rings 2 seconds 2.93881
job 105 / 126 done 1 u 2 3 4 5 matrices 7551514 rings 1 seconds 3.13284
job 106 / 126 done 1 u 2 3 5 5 matrices 3702528 rings 0 seconds 2.50841
job 111 / 126 done 1 u 3 3 3 3 matrices 415 rings 2 seconds 0.00785652
job 112 / 126 done 1 u 3 3 3 4 matrices 274590 rings 1 seconds 0.524295
job 108 / 126 done 1 u 2 4 4 5 matrices 4152128 rings 0 seconds 3.01905
job 113 / 126 done 1 u 3 3 3 5 matrices 249863 rings 0 seconds 0.439099
job 110 / 126 done 1 u 2 5 5 5 matrices 1393531 rings 0 seconds 2.33082
job 109 / 126 done 1 u 2 4 5 5 matrices 4113584 rings 0 seconds 2.92585
job 114 / 126 done 1 u 3 3 4 4 matrices 453327 rings 7 seconds 0.690363
job 115 / 126 done 1 u 3 3 4 5 matrices 823801 rings 0 seconds 0.646816
job 116 / 126 done 1 u 3 3 5 5 matrices 391537 rings 0 seconds 0.575505
job 117 / 126 done 1 u 3 4 4 4 matrices 338473 rings 3 seconds 0.501975
job 121 / 126 done 1 u 4 4 4 4 matrices 115 rings 2 seconds 0.00140911
job 122 / 126 done 1 u 4 4 4 5 matrices 33382 rings 0 seconds 0.0763038
job 123 / 126 done 1 u 4 4 5 5 matrices 51445 rings 1 seconds 0.135325
job 124 / 126 done 1 u 4 5 5 5 matrices 36379 rings 1 seconds 0.0877007
job 125 / 126 done 1 u 5 5 5 5 matrices 4 rings 0 seconds 9.8656e-05
job 120 / 126 done 1 u 3 5 5 5 matrices 324057 rings 0 seconds 0.606571
job 118 / 126 done 1 u 3 4 4 5 matrices 925709 rings 0 seconds 0.808317
job 119 / 126 done 1 u 3 4 5 5 matrices 939649 rings 0 seconds 0.766603
FINAL rank 6 bound 5 complete 1 jobs 126 / 126 matrices 786266349 singular 12609341 completion_nodes 45300546 classes 2473 seconds 158.464 counts 20 102 286 703 1362
{"wall_seconds": 158.46, "user_seconds": 571.24, "system_seconds": 0.06}
