job 0 / 35 done 1 u 0 0 0 0 matrices 6 rings 303 seconds 0.261763
job 1 / 35 done 1 u 0 0 0 1 matrices 1414 rings 35 seconds 0.00814455
job 2 / 35 done 1 u 0 0 0 2 matrices 237 rings 2 seconds 0.0015143
job 3 / 35 done 1 u 0 0 0 3 matrices 107 rings 0 seconds 0.00113081
job 4 / 35 done 1 u 0 0 1 1 matrices 13958 rings 23 seconds 0.0618977
job 5 / 35 done 1 u 0 0 1 2 matrices 57715 rings 8 seconds 0.136107
job 6 / 35 done 1 u 0 0 1 3 matrices 61604 rings 0 seconds 0.158657
job 7 / 35 done 1 u 0 0 2 2 matrices 2264 rings 0 seconds 0.010551
job 8 / 35 done 1 u 0 0 2 3 matrices 116922 rings 0 seconds 0.240497
job 9 / 35 done 1 u 0 0 3 3 matrices 963 rings 0 seconds 0.00664718
job 10 / 35 done 1 u 0 1 1 1 matrices 27005 rings 8 seconds 0.113411
job 11 / 35 done 1 u 0 1 1 2 matrices 130250 rings 9 seconds 0.292917
job 12 / 35 done 1 u 0 1 1 3 matrices 135897 rings 1 seconds 0.267536
job 13 / 35 done 1 u 0 1 2 2 matrices 202464 rings 2 seconds 0.427107
job 14 / 35 done 1 u 0 1 2 3 matrices 447903 rings 0 seconds 0.541397
job 15 / 35 done 1 u 0 1 3 3 matrices 283104 rings 0 seconds 0.642628
job 16 / 35 done 1 u 0 2 2 2 matrices 3531 rings 0 seconds 0.0109177
job 17 / 35 done 1 u 0 2 2 3 matrices 327421 rings 0 seconds 0.586325
job 18 / 35 done 1 u 0 2 3 3 matrices 360640 rings 0 seconds 0.630921
job 19 / 35 done 1 u 0 3 3 3 matrices 1890 rings 0 seconds 0.00593277
job 20 / 35 done 1 u 1 1 1 1 matrices 2712 rings 2 seconds 0.0372584
job 21 / 35 done 1 u 1 1 1 2 matrices 14961 rings 4 seconds 0.0529018
job 22 / 35 done 1 u 1 1 1 3 matrices 14585 rings 0 seconds 0.0659799
job 23 / 35 done 1 u 1 1 2 2 matrices 33787 rings 5 seconds 0.0986791
job 24 / 35 done 1 u 1 1 2 3 matrices 66980 rings 0 seconds 0.106096
job 25 / 35 done 1 u 1 1 3 3 matrices 35546 rings 0 seconds 0.162288
job 26 / 35 done 1 u 1 2 2 2 matrices 32350 rings 2 seconds 0.110299
job 27 / 35 done 1 u 1 2 2 3 matrices 93172 rings 0 seconds 0.137354
job 28 / 35 done 1 u 1 2 3 3 matrices 100673 rings 0 seconds 0.165138
job 29 / 35 done 1 u 1 3 3 3 matrices 40337 rings 0 seconds 0.129393
job 30 / 35 done 1 u 2 2 2 2 matrices 58 rings 2 seconds 0.00092571
job 31 / 35 done 1 u 2 2 2 3 matrices 3338 rings 0 seconds 0.0122635
job 32 / 35 done 1 u 2 2 3 3 matrices 5891 rings 1 seconds 0.0509694
job 33 / 35 done 1 u 2 3 3 3 matrices 4489 rings 1 seconds 0.0233606
job 34 / 35 done 1 u 3 3 3 3 matrices 4 rings 0 seconds 8.4034e-05
FINAL rank 6 bound 3 complete 1 jobs 35 / 35 matrices 2624178 singular 195436 completion_nodes 499249 classes 408 seconds 5.56066 counts 20 102 286
5.56 seconds
