job 2 / 21 done 1 u 0 0 0 0 2 matrices 90 rings 0 seconds 0.00241232
job 1 / 21 done 1 u 0 0 0 0 1 matrices 2210 rings 15 seconds 0.030848
job 5 / 21 done 1 u 0 0 0 2 2 matrices 1174 rings 0 seconds 0.0157487
job 0 / 21 done 1 u 0 0 0 0 0 matrices 3 rings 176 seconds 0.356678
job 3 / 21 done 1 u 0 0 0 1 1 matrices 28729 rings 5 seconds 0.476891
job 4 / 21 done 1 u 0 0 0 1 2 matrices 135715 rings 3 seconds 1.19206
job 9 / 21 done 1 u 0 0 2 2 2 matrices 4319 rings 0 seconds 0.078983
job 6 / 21 done 1 u 0 0 1 1 1 matrices 140348 rings 8 seconds 1.58292
job 10 / 21 done 1 u 0 1 1 1 1 matrices 167300 rings 3 seconds 2.16121
job 7 / 21 done 1 u 0 0 1 1 2 matrices 660728 rings 0 seconds 5.01446
job 8 / 21 done 1 u 0 0 1 2 2 matrices 1127995 rings 0 seconds 7.37693
job 14 / 21 done 1 u 0 2 2 2 2 matrices 4016 rings 0 seconds 0.0594148
job 15 / 21 done 1 u 1 1 1 1 1 matrices 3455 rings 1 seconds 0.0583914
job 16 / 21 done 1 u 1 1 1 1 2 matrices 21480 rings 0 seconds 0.173521
job 17 / 21 done 1 u 1 1 1 2 2 matrices 53090 rings 0 seconds 0.44462
job 11 / 21 done 1 u 0 1 1 1 2 matrices 1034816 rings 0 seconds 7.19883
job 18 / 21 done 1 u 1 1 2 2 2 matrices 63841 rings 1 seconds 0.527032
job 20 / 21 done 1 u 2 2 2 2 2 matrices 0 rings 0 seconds 3.7856e-05
job 19 / 21 done 1 u 1 2 2 2 2 matrices 37929 rings 0 seconds 0.449446
job 12 / 21 done 1 u 0 1 1 2 2 matrices 2261207 rings 0 seconds 12.3888
job 13 / 21 done 1 u 0 1 2 2 2 matrices 1798867 rings 0 seconds 11.7006
FINAL rank 7 bound 2 complete 1 jobs 21 / 21 matrices 7547312 singular 947012 completion_nodes 1799921 classes 212 seconds 17.074 counts 18 194
{"wall_seconds": 17.07, "user_seconds": 51.20, "system_seconds": 0.00}
