job 3 / 210 done 1 u 0 0 0 3 matrices 6156 rings 74 seconds 0.0163918
job 2 / 210 done 1 u 0 0 0 2 matrices 10099 rings 71 seconds 0.0188555
job 1 / 210 done 1 u 0 0 0 1 matrices 23402 rings 256 seconds 0.0250328
job 6 / 210 done 1 u 0 0 0 6 matrices 356 rings 0 seconds 0.0053825
job 5 / 210 done 1 u 0 0 0 5 matrices 836 rings 1 seconds 0.0125064
job 4 / 210 done 1 u 0 0 0 4 matrices 4303 rings 13 seconds 0.018477
job 7 / 210 done 1 u 0 0 1 1 matrices 408732 rings 240 seconds 0.158242
job 0 / 210 done 1 u 0 0 0 0 matrices 13 rings 3005 seconds 0.589293
job 8 / 210 done 1 u 0 0 1 2 matrices 2927810 rings 129 seconds 0.831991
job 9 / 210 done 1 u 0 0 1 3 matrices 5740720 rings 31 seconds 1.47207
job 13 / 210 done 1 u 0 0 2 2 matrices 116116 rings 31 seconds 0.0599263
job 10 / 210 done 1 u 0 0 1 4 matrices 8310132 rings 14 seconds 1.97826
job 15 / 210 done 1 u 0 0 2 4 matrices 503192 rings 14 seconds 0.205741
job 12 / 210 done 1 u 0 0 1 6 matrices 7042006 rings 6 seconds 1.72635
job 11 / 210 done 1 u 0 0 1 5 matrices 9118974 rings 1 seconds 2.15882
job 18 / 210 done 1 u 0 0 3 3 matrices 62934 rings 7 seconds 0.0486419
job 17 / 210 done 1 u 0 0 2 6 matrices 507258 rings 0 seconds 0.209466
job 14 / 210 done 1 u 0 0 2 3 matrices 11341675 rings 18 seconds 2.54614
job 21 / 210 done 1 u 0 0 3 6 matrices 178657 rings 1 seconds 0.107589
job 22 / 210 done 1 u 0 0 4 4 matrices 47639 rings 12 seconds 0.052347
job 16 / 210 done 1 u 0 0 2 5 matrices 17080694 rings 0 seconds 4.0567
job 24 / 210 done 1 u 0 0 4 6 matrices 1149975 rings 0 seconds 0.463949
job 25 / 210 done 1 u 0 0 5 5 matrices 11154 rings 0 seconds 0.0514977
job 19 / 210 done 1 u 0 0 3 4 matrices 23163748 rings 5 seconds 5.33314
job 27 / 210 done 1 u 0 0 6 6 matrices 5954 rings 0 seconds 0.0316733
job 28 / 210 done 1 u 0 1 1 1 matrices 1082009 rings 112 seconds 0.364481
job 20 / 210 done 1 u 0 0 3 5 matrices 25574400 rings 1 seconds 5.98518
job 29 / 210 done 1 u 0 1 1 2 matrices 7195398 rings 133 seconds 1.82547
job 30 / 210 done 1 u 0 1 1 3 matrices 12157126 rings 37 seconds 2.82938
job 23 / 210 done 1 u 0 0 4 5 matrices 34686376 rings 0 seconds 7.82005
job 31 / 210 done 1 u 0 1 1 4 matrices 16312184 rings 7 seconds 3.84784
job 33 / 210 done 1 u 0 1 1 6 matrices 15714677 rings 2 seconds 3.65365
job 32 / 210 done 1 u 0 1 1 5 matrices 18030679 rings 4 seconds 4.52109
job 26 / 210 done 1 u 0 0 5 6 matrices 42047816 rings 0 seconds 9.54476
job 34 / 210 done 1 u 0 1 2 2 matrices 13411060 rings 57 seconds 3.55216
job 35 / 210 done 1 u 0 1 2 3 matrices 39609402 rings 49 seconds 9.07261
job 36 / 210 done 1 u 0 1 2 4 matrices 51378419 rings 13 seconds 11.809
job 37 / 210 done 1 u 0 1 2 5 matrices 56257066 rings 2 seconds 13.3201
job 38 / 210 done 1 u 0 1 2 6 matrices 51706041 rings 2 seconds 12.0607
job 39 / 210 done 1 u 0 1 3 3 matrices 28741185 rings 8 seconds 7.09458
job 43 / 210 done 1 u 0 1 4 4 matrices 44726342 rings 0 seconds 10.9898
job 40 / 210 done 1 u 0 1 3 4 matrices 71176756 rings 11 seconds 16.4091
job 42 / 210 done 1 u 0 1 3 6 matrices 75308779 rings 0 seconds 17.6605
job 41 / 210 done 1 u 0 1 3 5 matrices 80700979 rings 2 seconds 19.0976
job 46 / 210 done 1 u 0 1 5 5 matrices 58851073 rings 0 seconds 14.0772
job 44 / 210 done 1 u 0 1 4 5 matrices 101569726 rings 0 seconds 24.0693
job 49 / 210 done 1 u 0 2 2 2 matrices 239506 rings 14 seconds 0.10006
job 45 / 210 done 1 u 0 1 4 6 matrices 97723368 rings 3 seconds 23.2981
job 51 / 210 done 1 u 0 2 2 4 matrices 1253861 rings 7 seconds 0.492293
job 50 / 210 done 1 u 0 2 2 3 matrices 30313781 rings 14 seconds 7.407
job 53 / 210 done 1 u 0 2 2 6 matrices 1306645 rings 0 seconds 0.485708
job 48 / 210 done 1 u 0 1 6 6 matrices 64134182 rings 0 seconds 15.0181
job 47 / 210 done 1 u 0 1 5 6 matrices 119111387 rings 0 seconds 28.1621
job 52 / 210 done 1 u 0 2 2 5 matrices 41877844 rings 0 seconds 9.83075
job 54 / 210 done 1 u 0 2 3 3 matrices 41167878 rings 14 seconds 9.40955
job 58 / 210 done 1 u 0 2 4 4 matrices 2060099 rings 1 seconds 0.723175
job 55 / 210 done 1 u 0 2 3 4 matrices 100383146 rings 7 seconds 22.8848
job 60 / 210 done 1 u 0 2 4 6 matrices 4377552 rings 1 seconds 1.41825
job 57 / 210 done 1 u 0 2 3 6 matrices 103957891 rings 1 seconds 24.0224
job 56 / 210 done 1 u 0 2 3 5 matrices 110462173 rings 1 seconds 25.5034
job 63 / 210 done 1 u 0 2 6 6 matrices 2745276 rings 0 seconds 1.06804
job 64 / 210 done 1 u 0 3 3 3 matrices 127672 rings 3 seconds 0.0862974
job 59 / 210 done 1 u 0 2 4 5 matrices 134244200 rings 2 seconds 31.1056
job 61 / 210 done 1 u 0 2 5 5 matrices 74852738 rings 1 seconds 16.9544
job 67 / 210 done 1 u 0 3 3 6 matrices 483288 rings 0 seconds 0.230589
job 65 / 210 done 1 u 0 3 3 4 matrices 64785578 rings 0 seconds 14.9354
job 66 / 210 done 1 u 0 3 3 5 matrices 69994148 rings 0 seconds 16.2327
job 68 / 210 done 1 u 0 3 4 4 matrices 75054604 rings 4 seconds 17.5739
job 62 / 210 done 1 u 0 2 5 6 matrices 152057689 rings 1 seconds 35.5074
job 69 / 210 done 1 u 0 3 4 5 matrices 163368096 rings 2 seconds 37.5788
job 73 / 210 done 1 u 0 3 6 6 matrices 726283 rings 0 seconds 0.369945
job 74 / 210 done 1 u 0 4 4 4 matrices 94102 rings 2 seconds 0.0778487
job 71 / 210 done 1 u 0 3 5 5 matrices 90436802 rings 1 seconds 21.4051
job 76 / 210 done 1 u 0 4 4 6 matrices 3187842 rings 0 seconds 1.01703
job 70 / 210 done 1 u 0 3 4 6 matrices 162007752 rings 0 seconds 40.3967
job 75 / 210 done 1 u 0 4 4 5 matrices 94166192 rings 1 seconds 26.2284
job 72 / 210 done 1 u 0 3 5 6 matrices 180508298 rings 2 seconds 45.6164
job 80 / 210 done 1 u 0 5 5 5 matrices 25540 rings 6 seconds 0.0580378
job 79 / 210 done 1 u 0 4 6 6 matrices 3762967 rings 0 seconds 1.22804
job 77 / 210 done 1 u 0 4 5 5 matrices 100330854 rings 0 seconds 27.4875
job 83 / 210 done 1 u 0 6 6 6 matrices 12845 rings 0 seconds 0.0446793
job 84 / 210 done 1 u 1 1 1 1 matrices 256714 rings 22 seconds 0.114996
job 85 / 210 done 1 u 1 1 1 2 matrices 2035999 rings 41 seconds 0.522128
job 86 / 210 done 1 u 1 1 1 3 matrices 3051760 rings 7 seconds 0.715907
job 87 / 210 done 1 u 1 1 1 4 matrices 3938885 rings 4 seconds 0.980329
job 88 / 210 done 1 u 1 1 1 5 matrices 4195148 rings 5 seconds 1.00509
job 89 / 210 done 1 u 1 1 1 6 matrices 3808125 rings 0 seconds 0.878091
job 90 / 210 done 1 u 1 1 2 2 matrices 5133547 rings 42 seconds 1.20818
job 91 / 210 done 1 u 1 1 2 3 matrices 14495279 rings 22 seconds 3.38419
job 92 / 210 done 1 u 1 1 2 4 matrices 17883186 rings 8 seconds 4.00954
job 93 / 210 done 1 u 1 1 2 5 matrices 19598199 rings 2 seconds 4.61146
job 94 / 210 done 1 u 1 1 2 6 matrices 17898447 rings 0 seconds 4.21904
job 81 / 210 done 1 u 0 5 5 6 matrices 113335704 rings 0 seconds 25.0709
job 95 / 210 done 1 u 1 1 3 3 matrices 9908942 rings 4 seconds 2.3109
job 82 / 210 done 1 u 0 5 6 6 matrices 116614108 rings 0 seconds 25.5617
job 96 / 210 done 1 u 1 1 3 4 matrices 24352107 rings 4 seconds 5.75497
job 98 / 210 done 1 u 1 1 3 6 matrices 24303567 rings 0 seconds 5.69221
job 97 / 210 done 1 u 1 1 3 5 matrices 26144464 rings 1 seconds 5.95687
job 99 / 210 done 1 u 1 1 4 4 matrices 14776133 rings 0 seconds 3.41432
job 78 / 210 done 1 u 0 4 5 6 matrices 204604668 rings 2 seconds 46.3651
job 102 / 210 done 1 u 1 1 5 5 matrices 17630555 rings 3 seconds 4.11512
job 100 / 210 done 1 u 1 1 4 5 matrices 31815667 rings 1 seconds 7.24862
job 101 / 210 done 1 u 1 1 4 6 matrices 30961686 rings 1 seconds 7.18146
job 105 / 210 done 1 u 1 2 2 2 matrices 5328868 rings 26 seconds 1.43989
job 104 / 210 done 1 u 1 1 6 6 matrices 18474189 rings 0 seconds 4.34209
job 103 / 210 done 1 u 1 1 5 6 matrices 35024882 rings 0 seconds 8.17208
job 106 / 210 done 1 u 1 2 2 3 matrices 21585102 rings 41 seconds 4.95776
job 107 / 210 done 1 u 1 2 2 4 matrices 25883636 rings 1 seconds 5.90007
job 108 / 210 done 1 u 1 2 2 5 matrices 27836979 rings 1 seconds 6.80533
job 109 / 210 done 1 u 1 2 2 6 matrices 25404858 rings 1 seconds 5.82088
job 110 / 210 done 1 u 1 2 3 3 matrices 28586729 rings 19 seconds 6.80609
job 114 / 210 done 1 u 1 2 4 4 matrices 38460658 rings 1 seconds 8.85752
job 111 / 210 done 1 u 1 2 3 4 matrices 66666718 rings 5 seconds 15.3018
job 113 / 210 done 1 u 1 2 3 6 matrices 67043223 rings 1 seconds 15.1575
job 112 / 210 done 1 u 1 2 3 5 matrices 70747689 rings 3 seconds 15.9823
job 117 / 210 done 1 u 1 2 5 5 matrices 44545458 rings 0 seconds 10.7673
job 115 / 210 done 1 u 1 2 4 5 matrices 82330554 rings 0 seconds 19.2512
job 116 / 210 done 1 u 1 2 4 6 matrices 79370765 rings 1 seconds 18.5151
job 120 / 210 done 1 u 1 3 3 3 matrices 11983561 rings 2 seconds 3.01164
job 119 / 210 done 1 u 1 2 6 6 matrices 45261871 rings 0 seconds 10.2978
job 118 / 210 done 1 u 1 2 5 6 matrices 88539938 rings 0 seconds 20.9701
job 121 / 210 done 1 u 1 3 3 4 matrices 40946025 rings 7 seconds 9.48293
job 122 / 210 done 1 u 1 3 3 5 matrices 43182583 rings 0 seconds 9.99322
job 123 / 210 done 1 u 1 3 3 6 matrices 41750694 rings 0 seconds 9.21304
job 124 / 210 done 1 u 1 3 4 4 matrices 46679433 rings 4 seconds 10.7272
job 127 / 210 done 1 u 1 3 5 5 matrices 51845281 rings 0 seconds 11.6887
job 125 / 210 done 1 u 1 3 4 5 matrices 98166761 rings 2 seconds 21.9316
job 126 / 210 done 1 u 1 3 4 6 matrices 96152713 rings 0 seconds 21.5601
job 130 / 210 done 1 u 1 4 4 4 matrices 17373305 rings 0 seconds 4.22044
job 129 / 210 done 1 u 1 3 6 6 matrices 53593359 rings 0 seconds 12.5322
job 128 / 210 done 1 u 1 3 5 6 matrices 103286745 rings 0 seconds 23.0921
job 131 / 210 done 1 u 1 4 4 5 matrices 54518463 rings 1 seconds 12.3816
job 132 / 210 done 1 u 1 4 4 6 matrices 53581603 rings 0 seconds 12.284
job 133 / 210 done 1 u 1 4 5 5 matrices 57212226 rings 2 seconds 13.3282
job 136 / 210 done 1 u 1 5 5 5 matrices 20443746 rings 0 seconds 5.08956
job 135 / 210 done 1 u 1 4 6 6 matrices 58437649 rings 0 seconds 13.5059
job 139 / 210 done 1 u 1 6 6 6 matrices 21526612 rings 0 seconds 5.27819
job 140 / 210 done 1 u 2 2 2 2 matrices 24313 rings 6 seconds 0.0213938
job 141 / 210 done 1 u 2 2 2 3 matrices 3750276 rings 8 seconds 1.24454
job 142 / 210 done 1 u 2 2 2 4 matrices 139187 rings 3 seconds 0.0550937
job 134 / 210 done 1 u 1 4 5 6 matrices 115592346 rings 0 seconds 27.5945
job 144 / 210 done 1 u 2 2 2 6 matrices 132111 rings 0 seconds 0.053576
job 143 / 210 done 1 u 2 2 2 5 matrices 4510060 rings 0 seconds 1.64261
job 137 / 210 done 1 u 1 5 5 6 matrices 60880391 rings 0 seconds 15.1793
job 138 / 210 done 1 u 1 5 6 6 matrices 63226098 rings 0 seconds 15.1918
job 145 / 210 done 1 u 2 2 3 3 matrices 7217783 rings 13 seconds 1.78233
job 149 / 210 done 1 u 2 2 4 4 matrices 311234 rings 1 seconds 0.108053
job 147 / 210 done 1 u 2 2 3 5 matrices 17062027 rings 5 seconds 3.86377
job 146 / 210 done 1 u 2 2 3 4 matrices 16410106 rings 7 seconds 3.99819
job 151 / 210 done 1 u 2 2 4 6 matrices 606597 rings 0 seconds 0.246243
job 148 / 210 done 1 u 2 2 3 6 matrices 15644333 rings 2 seconds 3.79923
job 154 / 210 done 1 u 2 2 6 6 matrices 336151 rings 0 seconds 0.107078
job 155 / 210 done 1 u 2 3 3 3 matrices 6002074 rings 12 seconds 1.39688
job 150 / 210 done 1 u 2 2 4 5 matrices 19448855 rings 2 seconds 4.42018
job 152 / 210 done 1 u 2 2 5 5 matrices 10301907 rings 0 seconds 2.28012
job 153 / 210 done 1 u 2 2 5 6 matrices 19485777 rings 0 seconds 4.30612
job 156 / 210 done 1 u 2 3 3 4 matrices 20200858 rings 21 seconds 4.60222
job 158 / 210 done 1 u 2 3 3 6 matrices 19554068 rings 0 seconds 4.4873
job 157 / 210 done 1 u 2 3 3 5 matrices 20803603 rings 1 seconds 4.78005
job 159 / 210 done 1 u 2 3 4 4 matrices 22720387 rings 12 seconds 5.69452
job 162 / 210 done 1 u 2 3 5 5 matrices 24055895 rings 0 seconds 6.1229
job 161 / 210 done 1 u 2 3 4 6 matrices 43991105 rings 0 seconds 10.694
job 165 / 210 done 1 u 2 4 4 4 matrices 287194 rings 0 seconds 0.0940465
job 160 / 210 done 1 u 2 3 4 5 matrices 46719474 rings 2 seconds 11.1828
job 167 / 210 done 1 u 2 4 4 6 matrices 859807 rings 0 seconds 0.252886
job 164 / 210 done 1 u 2 3 6 6 matrices 23313953 rings 0 seconds 5.25242
job 163 / 210 done 1 u 2 3 5 6 matrices 47311180 rings 0 seconds 11.0725
job 170 / 210 done 1 u 2 4 6 6 matrices 906294 rings 0 seconds 0.304307
job 166 / 210 done 1 u 2 4 4 5 matrices 25855524 rings 0 seconds 5.86678
job 171 / 210 done 1 u 2 5 5 5 matrices 9438128 rings 0 seconds 2.125
job 168 / 210 done 1 u 2 4 5 5 matrices 27335754 rings 0 seconds 6.15002
job 174 / 210 done 1 u 2 6 6 6 matrices 323386 rings 0 seconds 0.0936632
job 175 / 210 done 1 u 3 3 3 3 matrices 3449 rings 2 seconds 0.00486051
job 176 / 210 done 1 u 3 3 3 4 matrices 2324720 rings 2 seconds 0.572839
job 177 / 210 done 1 u 3 3 3 5 matrices 2321449 rings 2 seconds 0.574573
job 178 / 210 done 1 u 3 3 3 6 matrices 13739 rings 0 seconds 0.00788288
job 179 / 210 done 1 u 3 3 4 4 matrices 3911942 rings 8 seconds 0.915989
job 180 / 210 done 1 u 3 3 4 5 matrices 7913744 rings 5 seconds 1.72555
job 172 / 210 done 1 u 2 5 5 6 matrices 27942357 rings 1 seconds 6.24947
job 181 / 210 done 1 u 3 3 4 6 matrices 7256877 rings 0 seconds 1.61302
job 173 / 210 done 1 u 2 5 6 6 matrices 27513812 rings 2 seconds 6.20754
job 184 / 210 done 1 u 3 3 6 6 matrices 29583 rings 0 seconds 0.0127518
job 169 / 210 done 1 u 2 4 5 6 matrices 52253868 rings 1 seconds 11.6858
job 185 / 210 done 1 u 3 4 4 4 matrices 2940807 rings 9 seconds 0.686022
job 182 / 210 done 1 u 3 3 5 5 matrices 4120488 rings 0 seconds 0.975708
job 183 / 210 done 1 u 3 3 5 6 matrices 7742813 rings 0 seconds 1.64451
job 186 / 210 done 1 u 3 4 4 5 matrices 9048100 rings 9 seconds 2.15724
job 187 / 210 done 1 u 3 4 4 6 matrices 8346988 rings 1 seconds 1.92381
job 188 / 210 done 1 u 3 4 5 5 matrices 9402071 rings 3 seconds 2.03847
job 191 / 210 done 1 u 3 5 5 5 matrices 3309008 rings 0 seconds 0.782591
job 190 / 210 done 1 u 3 4 6 6 matrices 8633920 rings 0 seconds 1.87875
job 194 / 210 done 1 u 3 6 6 6 matrices 27963 rings 0 seconds 0.0109941
job 195 / 210 done 1 u 4 4 4 4 matrices 723 rings 4 seconds 0.00252292
job 196 / 210 done 1 u 4 4 4 5 matrices 671844 rings 1 seconds 0.150496
job 197 / 210 done 1 u 4 4 4 6 matrices 20260 rings 0 seconds 0.00711342
job 198 / 210 done 1 u 4 4 5 5 matrices 1067234 rings 5 seconds 0.238918
job 192 / 210 done 1 u 3 5 5 6 matrices 9569389 rings 0 seconds 2.1084
job 200 / 210 done 1 u 4 4 6 6 matrices 32463 rings 0 seconds 0.0103068
job 199 / 210 done 1 u 4 4 5 6 matrices 1938419 rings 0 seconds 0.418649
job 201 / 210 done 1 u 4 5 5 5 matrices 766358 rings 2 seconds 0.17931
job 189 / 210 done 1 u 3 4 5 6 matrices 17703193 rings 1 seconds 3.89147
job 204 / 210 done 1 u 4 6 6 6 matrices 25326 rings 0 seconds 0.00825711
job 205 / 210 done 1 u 5 5 5 5 matrices 64 rings 2 seconds 0.000660688
job 206 / 210 done 1 u 5 5 5 6 matrices 74647 rings 0 seconds 0.0176421
job 193 / 210 done 1 u 3 5 6 6 matrices 9323357 rings 0 seconds 2.00644
job 207 / 210 done 1 u 5 5 6 6 matrices 113962 rings 1 seconds 0.0251929
job 209 / 210 done 1 u 6 6 6 6 matrices 8 rings 0 seconds 0.000197943
job 208 / 210 done 1 u 5 6 6 6 matrices 81920 rings 1 seconds 0.0199245
job 202 / 210 done 1 u 4 5 5 6 matrices 2142932 rings 0 seconds 0.496331
job 203 / 210 done 1 u 4 5 6 6 matrices 2100629 rings 0 seconds 0.454338
FINAL rank 6 bound 6 complete 1 jobs 210 / 210 matrices 6299306535 singular 177131 completion_nodes 332579 classes 4901 seconds 370.688 counts 20 102 286 703 1362 2428
{"wall_seconds": 370.69, "user_seconds": 1462.29, "system_seconds": 0.10}
