job 0 / 35 done 1 u 0 0 0 0 matrices 6 rings 303 seconds 0.286592
job 1 / 35 done 1 u 0 0 0 1 matrices 1414 rings 35 seconds 0.0127762
job 2 / 35 done 1 u 0 0 0 2 matrices 237 rings 2 seconds 0.00232575
job 3 / 35 done 1 u 0 0 0 3 matrices 107 rings 0 seconds 0.00130753
job 4 / 35 done 1 u 0 0 1 1 matrices 13958 rings 23 seconds 0.0887764
job 5 / 35 done 1 u 0 0 1 2 matrices 57715 rings 8 seconds 0.138133
job 6 / 35 done 1 u 0 0 1 3 matrices 61604 rings 0 seconds 0.199755
job 7 / 35 done 1 u 0 0 2 2 matrices 2264 rings 0 seconds 0.0145234
job 8 / 35 done 1 u 0 0 2 3 matrices 116922 rings 0 seconds 0.392365
job 9 / 35 done 1 u 0 0 3 3 matrices 963 rings 0 seconds 0.00458405
job 10 / 35 done 1 u 0 1 1 1 matrices 27005 rings 8 seconds 0.107872
job 11 / 35 done 1 u 0 1 1 2 matrices 130250 rings 9 seconds 0.341449
job 12 / 35 done 1 u 0 1 1 3 matrices 135897 rings 1 seconds 0.326624
job 13 / 35 done 1 u 0 1 2 2 matrices 202464 rings 2 seconds 0.480092
job 14 / 35 done 1 u 0 1 2 3 matrices 447903 rings 0 seconds 0.55177
job 15 / 35 done 1 u 0 1 3 3 matrices 283104 rings 0 seconds 0.658365
job 16 / 35 done 1 u 0 2 2 2 matrices 3531 rings 0 seconds 0.0149128
job 17 / 35 done 1 u 0 2 2 3 matrices 327421 rings 0 seconds 0.808863
job 18 / 35 done 1 u 0 2 3 3 matrices 360640 rings 0 seconds 0.889771
job 19 / 35 done 1 u 0 3 3 3 matrices 1890 rings 0 seconds 0.00988889
job 20 / 35 done 1 u 1 1 1 1 matrices 2712 rings 2 seconds 0.0227243
job 21 / 35 done 1 u 1 1 1 2 matrices 14961 rings 4 seconds 0.0687399
job 22 / 35 done 1 u 1 1 1 3 matrices 14585 rings 0 seconds 0.0598652
job 23 / 35 done 1 u 1 1 2 2 matrices 33787 rings 5 seconds 0.128796
job 24 / 35 done 1 u 1 1 2 3 matrices 66980 rings 0 seconds 0.137372
job 25 / 35 done 1 u 1 1 3 3 matrices 35546 rings 0 seconds 0.127443
job 26 / 35 done 1 u 1 2 2 2 matrices 32350 rings 2 seconds 0.07695
job 27 / 35 done 1 u 1 2 2 3 matrices 93172 rings 0 seconds 0.156578
job 28 / 35 done 1 u 1 2 3 3 matrices 100673 rings 0 seconds 0.167251
job 29 / 35 done 1 u 1 3 3 3 matrices 40337 rings 0 seconds 0.164354
job 30 / 35 done 1 u 2 2 2 2 matrices 58 rings 2 seconds 0.000957636
job 31 / 35 done 1 u 2 2 2 3 matrices 3338 rings 0 seconds 0.0108428
job 32 / 35 done 1 u 2 2 3 3 matrices 5891 rings 1 seconds 0.0364399
job 33 / 35 done 1 u 2 3 3 3 matrices 4489 rings 1 seconds 0.0184685
job 34 / 35 done 1 u 3 3 3 3 matrices 4 rings 0 seconds 9.8265e-05
FINAL rank 6 bound 3 complete 1 jobs 35 / 35 matrices 2624178 singular 195436 completion_nodes 499249 classes 408 seconds 6.50878 counts 20 102 286
6.51 seconds
