job 3 / 56 done 1 u 0 0 0 0 3 matrices 240 rings 0 seconds 0.00482282
job 2 / 56 done 1 u 0 0 0 0 2 matrices 580 rings 2 seconds 0.00777525
job 1 / 56 done 1 u 0 0 0 0 1 matrices 13122 rings 93 seconds 0.0450913
job 4 / 56 done 1 u 0 0 0 1 1 matrices 425360 rings 32 seconds 0.396234
job 7 / 56 done 1 u 0 0 0 2 2 matrices 17658 rings 0 seconds 0.0380998
job 5 / 56 done 1 u 0 0 0 1 2 matrices 3036572 rings 14 seconds 1.45694
job 9 / 56 done 1 u 0 0 0 3 3 matrices 4644 rings 0 seconds 0.0230859
job 6 / 56 done 1 u 0 0 0 1 3 matrices 4148330 rings 0 seconds 1.8187
job 0 / 56 done 1 u 0 0 0 0 0 matrices 3 rings 690 seconds 2.5348
job 10 / 56 done 1 u 0 0 1 1 1 matrices 2147493 rings 30 seconds 1.16354
job 8 / 56 done 1 u 0 0 0 2 3 matrices 11700327 rings 1 seconds 4.80868
job 11 / 56 done 1 u 0 0 1 1 2 matrices 15328785 rings 4 seconds 6.56351
job 12 / 56 done 1 u 0 0 1 1 3 matrices 21278910 rings 0 seconds 8.42094
job 16 / 56 done 1 u 0 0 2 2 2 matrices 66966 rings 0 seconds 0.0888539
job 13 / 56 done 1 u 0 0 1 2 2 matrices 32734594 rings 5 seconds 13.5522
job 15 / 56 done 1 u 0 0 1 3 3 matrices 66506300 rings 0 seconds 28.5177
job 19 / 56 done 1 u 0 0 3 3 3 matrices 22326 rings 0 seconds 0.0514208
job 20 / 56 done 1 u 0 1 1 1 1 matrices 3286459 rings 16 seconds 1.84757
job 14 / 56 done 1 u 0 0 1 2 3 matrices 91652345 rings 1 seconds 36.5416
job 17 / 56 done 1 u 0 0 2 2 3 matrices 82867512 rings 0 seconds 34.8003
job 21 / 56 done 1 u 0 1 1 1 2 matrices 26792339 rings 2 seconds 11.5802
job 22 / 56 done 1 u 0 1 1 1 3 matrices 35141194 rings 0 seconds 16.6901
job 18 / 56 done 1 u 0 0 2 3 3 matrices 106012439 rings 0 seconds 42.4361
job 23 / 56 done 1 u 0 1 1 2 2 matrices 72550513 rings 1 seconds 32.8096
job 26 / 56 done 1 u 0 1 2 2 2 matrices 76183927 rings 1 seconds 32.8455
job 25 / 56 done 1 u 0 1 1 3 3 matrices 113448738 rings 1 seconds 46.3316
job 24 / 56 done 1 u 0 1 1 2 3 matrices 181061990 rings 2 seconds 74.7804
job 30 / 56 done 1 u 0 2 2 2 2 matrices 78000 rings 0 seconds 0.10412
job 29 / 56 done 1 u 0 1 3 3 3 matrices 130786322 rings 1 seconds 51.6211
job 31 / 56 done 1 u 0 2 2 2 3 matrices 120664378 rings 0 seconds 47.7499
job 27 / 56 done 1 u 0 1 2 2 3 matrices 265807749 rings 0 seconds 104.765
job 34 / 56 done 1 u 0 3 3 3 3 matrices 30205 rings 0 seconds 0.0569162
job 35 / 56 done 1 u 1 1 1 1 1 matrices 213549 rings 1 seconds 0.13988
job 36 / 56 done 1 u 1 1 1 1 2 matrices 1924493 rings 5 seconds 0.922585
job 37 / 56 done 1 u 1 1 1 1 3 matrices 2293413 rings 0 seconds 0.940487
job 38 / 56 done 1 u 1 1 1 2 2 matrices 6362825 rings 1 seconds 2.82915
job 39 / 56 done 1 u 1 1 1 2 3 matrices 13990926 rings 0 seconds 5.46282
job 40 / 56 done 1 u 1 1 1 3 3 matrices 7950477 rings 0 seconds 3.19134
job 41 / 56 done 1 u 1 1 2 2 2 matrices 9492639 rings 6 seconds 4.17395
job 42 / 56 done 1 u 1 1 2 2 3 matrices 29605651 rings 1 seconds 12.2387
job 28 / 56 done 1 u 0 1 2 3 3 matrices 324233132 rings 1 seconds 125.566
job 44 / 56 done 1 u 1 1 3 3 3 matrices 12277389 rings 0 seconds 4.71359
job 45 / 56 done 1 u 1 2 2 2 2 matrices 6336905 rings 3 seconds 2.67383
job 43 / 56 done 1 u 1 1 2 3 3 matrices 33689302 rings 1 seconds 12.8456
job 33 / 56 done 1 u 0 2 3 3 3 matrices 150529256 rings 0 seconds 57.5557
job 46 / 56 done 1 u 1 2 2 2 3 matrices 26786684 rings 0 seconds 10.1853
job 32 / 56 done 1 u 0 2 2 3 3 matrices 207053456 rings 0 seconds 78.9992
job 50 / 56 done 1 u 2 2 2 2 2 matrices 265 rings 1 seconds 0.00334215
job 51 / 56 done 1 u 2 2 2 2 3 matrices 294940 rings 0 seconds 0.123289
job 52 / 56 done 1 u 2 2 2 3 3 matrices 596421 rings 0 seconds 0.238999
job 53 / 56 done 1 u 2 2 3 3 3 matrices 591899 rings 1 seconds 0.264783
job 54 / 56 done 1 u 2 3 3 3 3 matrices 340402 rings 0 seconds 0.19751
job 55 / 56 done 1 u 3 3 3 3 3 matrices 0 rings 0 seconds 8.5266e-05
job 49 / 56 done 1 u 1 3 3 3 3 matrices 8147545 rings 0 seconds 3.59076
job 48 / 56 done 1 u 1 2 3 3 3 matrices 29673172 rings 0 seconds 11.3754
job 47 / 56 done 1 u 1 2 2 3 3 matrices 42152524 rings 0 seconds 16.2539
FINAL rank 7 bound 3 complete 1 jobs 56 / 56 matrices 2378333585 singular 270187 completion_nodes 475982 classes 917 seconds 242.477 counts 18 194 705
{"wall_seconds": 242.48, "user_seconds": 952.47, "system_seconds": 0.07}
