job 2 / 286 done 1 u 0 0 2 matrices 1776 rings 71 seconds 0.00274041
job 1 / 286 done 1 u 0 0 1 matrices 5423 rings 308 seconds 0.00335185
job 3 / 286 done 1 u 0 0 3 matrices 1939 rings 58 seconds 0.00344086
job 5 / 286 done 1 u 0 0 5 matrices 968 rings 14 seconds 0.00199727
job 6 / 286 done 1 u 0 0 6 matrices 253 rings 5 seconds 0.00266954
job 4 / 286 done 1 u 0 0 4 matrices 2500 rings 81 seconds 0.00348604
job 7 / 286 done 1 u 0 0 7 matrices 375 rings 5 seconds 0.0019102
job 10 / 286 done 1 u 0 0 10 matrices 68 rings 0 seconds 0.00155574
job 9 / 286 done 1 u 0 0 9 matrices 182 rings 1 seconds 0.00254919
job 8 / 286 done 1 u 0 0 8 matrices 650 rings 6 seconds 0.00296031
job 11 / 286 done 1 u 0 1 1 matrices 26648 rings 201 seconds 0.00662886
job 0 / 286 done 1 u 0 0 0 matrices 2 rings 1206 seconds 0.0368318
job 12 / 286 done 1 u 0 1 2 matrices 126503 rings 183 seconds 0.0291483
job 14 / 286 done 1 u 0 1 4 matrices 302422 rings 43 seconds 0.0365616
job 13 / 286 done 1 u 0 1 3 matrices 219576 rings 87 seconds 0.0439497
job 15 / 286 done 1 u 0 1 5 matrices 367832 rings 27 seconds 0.0446683
job 17 / 286 done 1 u 0 1 7 matrices 415107 rings 8 seconds 0.0504498
job 16 / 286 done 1 u 0 1 6 matrices 402315 rings 13 seconds 0.0751296
job 21 / 286 done 1 u 0 2 2 matrices 7686 rings 44 seconds 0.00542762
job 19 / 286 done 1 u 0 1 9 matrices 346137 rings 0 seconds 0.0433629
job 18 / 286 done 1 u 0 1 8 matrices 396453 rings 2 seconds 0.0746913
job 23 / 286 done 1 u 0 2 4 matrices 28275 rings 13 seconds 0.00753286
job 20 / 286 done 1 u 0 1 10 matrices 252254 rings 0 seconds 0.0323392
job 25 / 286 done 1 u 0 2 6 matrices 36116 rings 3 seconds 0.00843619
job 27 / 286 done 1 u 0 2 8 matrices 36489 rings 3 seconds 0.00881031
job 22 / 286 done 1 u 0 2 3 matrices 330126 rings 66 seconds 0.0497139
job 29 / 286 done 1 u 0 2 10 matrices 25830 rings 1 seconds 0.00686992
job 30 / 286 done 1 u 0 3 3 matrices 7810 rings 23 seconds 0.00387655
job 24 / 286 done 1 u 0 2 5 matrices 490718 rings 7 seconds 0.0633004
job 26 / 286 done 1 u 0 2 7 matrices 549381 rings 2 seconds 0.0718887
job 28 / 286 done 1 u 0 2 9 matrices 477894 rings 0 seconds 0.0586757
job 33 / 286 done 1 u 0 3 6 matrices 21872 rings 11 seconds 0.0122398
job 32 / 286 done 1 u 0 3 5 matrices 608639 rings 13 seconds 0.0704743
job 36 / 286 done 1 u 0 3 9 matrices 21901 rings 0 seconds 0.00773581
job 31 / 286 done 1 u 0 3 4 matrices 533396 rings 27 seconds 0.0948389
job 38 / 286 done 1 u 0 4 4 matrices 8505 rings 31 seconds 0.00665688
job 34 / 286 done 1 u 0 3 7 matrices 689017 rings 1 seconds 0.0820611
job 40 / 286 done 1 u 0 4 6 matrices 53344 rings 7 seconds 0.0106178
job 37 / 286 done 1 u 0 3 10 matrices 515749 rings 0 seconds 0.0601921
job 42 / 286 done 1 u 0 4 8 matrices 19337 rings 7 seconds 0.00763686
job 35 / 286 done 1 u 0 3 8 matrices 665904 rings 5 seconds 0.119814
job 44 / 286 done 1 u 0 4 10 matrices 44108 rings 0 seconds 0.00947964
job 45 / 286 done 1 u 0 5 5 matrices 2913 rings 3 seconds 0.00330893
job 39 / 286 done 1 u 0 4 5 matrices 723182 rings 5 seconds 0.103734
job 41 / 286 done 1 u 0 4 7 matrices 799070 rings 0 seconds 0.090867
job 43 / 286 done 1 u 0 4 9 matrices 753944 rings 0 seconds 0.0866685
job 46 / 286 done 1 u 0 5 6 matrices 872610 rings 2 seconds 0.0994844
job 50 / 286 done 1 u 0 5 10 matrices 6187 rings 0 seconds 0.00631255
job 51 / 286 done 1 u 0 6 6 matrices 1097 rings 0 seconds 0.00288323
job 47 / 286 done 1 u 0 5 7 matrices 902907 rings 2 seconds 0.104161
job 48 / 286 done 1 u 0 5 8 matrices 918429 rings 0 seconds 0.108861
job 53 / 286 done 1 u 0 6 8 matrices 67560 rings 1 seconds 0.0126737
job 54 / 286 done 1 u 0 6 9 matrices 32549 rings 1 seconds 0.00977731
job 55 / 286 done 1 u 0 6 10 matrices 62028 rings 0 seconds 0.0119733
job 56 / 286 done 1 u 0 7 7 matrices 1693 rings 0 seconds 0.00381729
job 49 / 286 done 1 u 0 5 9 matrices 868358 rings 1 seconds 0.100009
job 52 / 286 done 1 u 0 6 7 matrices 1005704 rings 2 seconds 0.119735
job 60 / 286 done 1 u 0 8 8 matrices 2670 rings 0 seconds 0.00352367
job 58 / 286 done 1 u 0 7 9 matrices 1079558 rings 0 seconds 0.12464
job 62 / 286 done 1 u 0 8 10 matrices 75198 rings 0 seconds 0.0135503
job 63 / 286 done 1 u 0 9 9 matrices 796 rings 0 seconds 0.00330989
job 57 / 286 done 1 u 0 7 8 matrices 1093969 rings 2 seconds 0.145285
job 65 / 286 done 1 u 0 10 10 matrices 357 rings 0 seconds 0.00446059
job 59 / 286 done 1 u 0 7 10 matrices 1007337 rings 0 seconds 0.140987
job 66 / 286 done 1 u 1 1 1 matrices 12872 rings 75 seconds 0.00507289
job 67 / 286 done 1 u 1 1 2 matrices 71210 rings 93 seconds 0.0106431
job 68 / 286 done 1 u 1 1 3 matrices 109009 rings 44 seconds 0.014563
job 69 / 286 done 1 u 1 1 4 matrices 140854 rings 24 seconds 0.0185999
job 70 / 286 done 1 u 1 1 5 matrices 164052 rings 14 seconds 0.0205005
job 61 / 286 done 1 u 0 8 9 matrices 1162635 rings 0 seconds 0.131661
job 71 / 286 done 1 u 1 1 6 matrices 179834 rings 7 seconds 0.0226335
job 72 / 286 done 1 u 1 1 7 matrices 184514 rings 7 seconds 0.0233122
job 74 / 286 done 1 u 1 1 9 matrices 155158 rings 0 seconds 0.0201791
job 73 / 286 done 1 u 1 1 8 matrices 178759 rings 1 seconds 0.0232818
job 75 / 286 done 1 u 1 1 10 matrices 120276 rings 0 seconds 0.0159166
job 76 / 286 done 1 u 1 2 2 matrices 112721 rings 98 seconds 0.0288435
job 78 / 286 done 1 u 1 2 4 matrices 369996 rings 26 seconds 0.0469612
job 64 / 286 done 1 u 0 9 10 matrices 1189800 rings 0 seconds 0.135972
job 77 / 286 done 1 u 1 2 3 matrices 303167 rings 91 seconds 0.0567571
job 80 / 286 done 1 u 1 2 6 matrices 456223 rings 16 seconds 0.0557325
job 79 / 286 done 1 u 1 2 5 matrices 424935 rings 18 seconds 0.0792576
job 81 / 286 done 1 u 1 2 7 matrices 472511 rings 5 seconds 0.0584486
job 85 / 286 done 1 u 1 3 3 matrices 195311 rings 11 seconds 0.0267556
job 82 / 286 done 1 u 1 2 8 matrices 451559 rings 3 seconds 0.0834567
job 83 / 286 done 1 u 1 2 9 matrices 406136 rings 0 seconds 0.0500537
job 84 / 286 done 1 u 1 2 10 matrices 331000 rings 0 seconds 0.0577095
job 86 / 286 done 1 u 1 3 4 matrices 464206 rings 33 seconds 0.064752
job 87 / 286 done 1 u 1 3 5 matrices 525459 rings 15 seconds 0.0691099
job 89 / 286 done 1 u 1 3 7 matrices 571958 rings 0 seconds 0.0719622
job 88 / 286 done 1 u 1 3 6 matrices 565881 rings 4 seconds 0.0899322
job 91 / 286 done 1 u 1 3 9 matrices 515548 rings 0 seconds 0.0620282
job 93 / 286 done 1 u 1 4 4 matrices 273094 rings 8 seconds 0.0411999
job 92 / 286 done 1 u 1 3 10 matrices 436640 rings 0 seconds 0.0530382
job 90 / 286 done 1 u 1 3 8 matrices 556355 rings 3 seconds 0.0872341
job 94 / 286 done 1 u 1 4 5 matrices 608937 rings 21 seconds 0.0778
job 95 / 286 done 1 u 1 4 6 matrices 645924 rings 5 seconds 0.0784964
job 97 / 286 done 1 u 1 4 8 matrices 657214 rings 1 seconds 0.0784059
job 96 / 286 done 1 u 1 4 7 matrices 659760 rings 1 seconds 0.0794138
job 100 / 286 done 1 u 1 5 5 matrices 339199 rings 4 seconds 0.043427
job 98 / 286 done 1 u 1 4 9 matrices 612306 rings 0 seconds 0.0738098
job 99 / 286 done 1 u 1 4 10 matrices 534958 rings 0 seconds 0.0687327
job 101 / 286 done 1 u 1 5 6 matrices 721154 rings 5 seconds 0.0858471
job 102 / 286 done 1 u 1 5 7 matrices 750109 rings 2 seconds 0.0901553
job 105 / 286 done 1 u 1 5 10 matrices 633577 rings 0 seconds 0.078277
job 106 / 286 done 1 u 1 6 6 matrices 391949 rings 0 seconds 0.0484963
job 103 / 286 done 1 u 1 5 8 matrices 745383 rings 1 seconds 0.1316
job 104 / 286 done 1 u 1 5 9 matrices 702345 rings 0 seconds 0.12719
job 107 / 286 done 1 u 1 6 7 matrices 813799 rings 1 seconds 0.0966171
job 108 / 286 done 1 u 1 6 8 matrices 808635 rings 0 seconds 0.0953591
job 110 / 286 done 1 u 1 6 10 matrices 714080 rings 0 seconds 0.091115
job 109 / 286 done 1 u 1 6 9 matrices 783265 rings 0 seconds 0.114163
job 111 / 286 done 1 u 1 7 7 matrices 430328 rings 0 seconds 0.0640183
job 112 / 286 done 1 u 1 7 8 matrices 871449 rings 0 seconds 0.105181
job 113 / 286 done 1 u 1 7 9 matrices 852469 rings 0 seconds 0.110059
job 115 / 286 done 1 u 1 8 8 matrices 456364 rings 0 seconds 0.0710302
job 114 / 286 done 1 u 1 7 10 matrices 801543 rings 0 seconds 0.104913
job 118 / 286 done 1 u 1 9 9 matrices 467994 rings 0 seconds 0.0607032
job 116 / 286 done 1 u 1 8 9 matrices 905824 rings 0 seconds 0.110701
job 121 / 286 done 1 u 2 2 2 matrices 2220 rings 19 seconds 0.0014073
job 122 / 286 done 1 u 2 2 3 matrices 132419 rings 47 seconds 0.0180577
job 123 / 286 done 1 u 2 2 4 matrices 10589 rings 5 seconds 0.00294277
job 117 / 286 done 1 u 1 8 10 matrices 863506 rings 0 seconds 0.121071
job 120 / 286 done 1 u 1 10 10 matrices 466507 rings 0 seconds 0.0622807
job 125 / 286 done 1 u 2 2 6 matrices 12909 rings 0 seconds 0.00333116
job 127 / 286 done 1 u 2 2 8 matrices 12229 rings 1 seconds 0.00348484
job 119 / 286 done 1 u 1 9 10 matrices 913119 rings 0 seconds 0.122493
job 129 / 286 done 1 u 2 2 10 matrices 9165 rings 0 seconds 0.00317528
job 124 / 286 done 1 u 2 2 5 matrices 177591 rings 12 seconds 0.0217459
job 128 / 286 done 1 u 2 2 9 matrices 168558 rings 0 seconds 0.0213312
job 126 / 286 done 1 u 2 2 7 matrices 193356 rings 1 seconds 0.0267006
job 130 / 286 done 1 u 2 3 3 matrices 164133 rings 37 seconds 0.0246247
job 131 / 286 done 1 u 2 3 4 matrices 384828 rings 43 seconds 0.04863
job 132 / 286 done 1 u 2 3 5 matrices 433217 rings 18 seconds 0.054238
job 133 / 286 done 1 u 2 3 6 matrices 456198 rings 3 seconds 0.0577526
job 134 / 286 done 1 u 2 3 7 matrices 459930 rings 2 seconds 0.0608208
job 138 / 286 done 1 u 2 4 4 matrices 14862 rings 2 seconds 0.00418438
job 135 / 286 done 1 u 2 3 8 matrices 445855 rings 3 seconds 0.0632532
job 137 / 286 done 1 u 2 3 10 matrices 345382 rings 0 seconds 0.055453
job 136 / 286 done 1 u 2 3 9 matrices 405378 rings 1 seconds 0.0611402
job 140 / 286 done 1 u 2 4 6 matrices 34228 rings 10 seconds 0.0113033
job 142 / 286 done 1 u 2 4 8 matrices 34024 rings 1 seconds 0.0111302
job 144 / 286 done 1 u 2 4 10 matrices 28718 rings 0 seconds 0.00986578
job 139 / 286 done 1 u 2 4 5 matrices 494741 rings 18 seconds 0.0877104
job 145 / 286 done 1 u 2 5 5 matrices 276514 rings 5 seconds 0.0421819
job 143 / 286 done 1 u 2 4 9 matrices 480266 rings 0 seconds 0.0710889
job 141 / 286 done 1 u 2 4 7 matrices 535143 rings 1 seconds 0.0917756
job 146 / 286 done 1 u 2 5 6 matrices 582000 rings 7 seconds 0.07936
job 147 / 286 done 1 u 2 5 7 matrices 595640 rings 1 seconds 0.0705946
job 151 / 286 done 1 u 2 6 6 matrices 20484 rings 1 seconds 0.00465177
job 148 / 286 done 1 u 2 5 8 matrices 579171 rings 0 seconds 0.071694
job 153 / 286 done 1 u 2 6 8 matrices 42843 rings 0 seconds 0.00839541
job 149 / 286 done 1 u 2 5 9 matrices 552933 rings 0 seconds 0.0667781
job 155 / 286 done 1 u 2 6 10 matrices 37252 rings 0 seconds 0.0086645
job 150 / 286 done 1 u 2 5 10 matrices 490761 rings 0 seconds 0.0706321
job 152 / 286 done 1 u 2 6 7 matrices 636154 rings 2 seconds 0.0766174
job 154 / 286 done 1 u 2 6 9 matrices 608744 rings 0 seconds 0.0759911
job 156 / 286 done 1 u 2 7 7 matrices 335418 rings 0 seconds 0.0637242
job 160 / 286 done 1 u 2 8 8 matrices 23163 rings 0 seconds 0.00750255
job 158 / 286 done 1 u 2 7 9 matrices 654889 rings 0 seconds 0.0761591
job 157 / 286 done 1 u 2 7 8 matrices 668393 rings 0 seconds 0.0981036
job 159 / 286 done 1 u 2 7 10 matrices 610917 rings 0 seconds 0.0740341
job 162 / 286 done 1 u 2 8 10 matrices 43511 rings 0 seconds 0.0130325
job 165 / 286 done 1 u 2 10 10 matrices 23077 rings 0 seconds 0.00478089
job 166 / 286 done 1 u 3 3 3 matrices 1255 rings 16 seconds 0.00133899
job 161 / 286 done 1 u 2 8 9 matrices 678373 rings 1 seconds 0.0851365
job 167 / 286 done 1 u 3 3 4 matrices 143939 rings 39 seconds 0.0185126
job 169 / 286 done 1 u 3 3 6 matrices 5213 rings 0 seconds 0.00233056
job 168 / 286 done 1 u 3 3 5 matrices 158076 rings 9 seconds 0.0206795
job 163 / 286 done 1 u 2 9 9 matrices 345812 rings 0 seconds 0.0505768
job 172 / 286 done 1 u 3 3 9 matrices 4318 rings 0 seconds 0.00259348
job 170 / 286 done 1 u 3 3 7 matrices 168526 rings 1 seconds 0.020449
job 171 / 286 done 1 u 3 3 8 matrices 163038 rings 0 seconds 0.0208258
job 173 / 286 done 1 u 3 3 10 matrices 125109 rings 0 seconds 0.0169116
job 174 / 286 done 1 u 3 4 4 matrices 164623 rings 18 seconds 0.0219777
job 164 / 286 done 1 u 2 9 10 matrices 673525 rings 0 seconds 0.0875535
job 175 / 286 done 1 u 3 4 5 matrices 362829 rings 24 seconds 0.0433192
job 176 / 286 done 1 u 3 4 6 matrices 384363 rings 2 seconds 0.0499933
job 177 / 286 done 1 u 3 4 7 matrices 391745 rings 0 seconds 0.0454627
job 178 / 286 done 1 u 3 4 8 matrices 371691 rings 1 seconds 0.045336
job 181 / 286 done 1 u 3 5 5 matrices 204939 rings 5 seconds 0.0296035
job 179 / 286 done 1 u 3 4 9 matrices 346552 rings 0 seconds 0.041906
job 180 / 286 done 1 u 3 4 10 matrices 300915 rings 1 seconds 0.0390813
job 182 / 286 done 1 u 3 5 6 matrices 429368 rings 10 seconds 0.0542438
job 184 / 286 done 1 u 3 5 8 matrices 425944 rings 0 seconds 0.0512756
job 183 / 286 done 1 u 3 5 7 matrices 433783 rings 0 seconds 0.0524345
job 187 / 286 done 1 u 3 6 6 matrices 7118 rings 1 seconds 0.00280781
job 185 / 286 done 1 u 3 5 9 matrices 400103 rings 0 seconds 0.0500717
job 190 / 286 done 1 u 3 6 9 matrices 13491 rings 1 seconds 0.00444594
job 186 / 286 done 1 u 3 5 10 matrices 354367 rings 0 seconds 0.0448764
job 188 / 286 done 1 u 3 6 7 matrices 465194 rings 4 seconds 0.055651
job 189 / 286 done 1 u 3 6 8 matrices 460301 rings 3 seconds 0.0544437
job 191 / 286 done 1 u 3 6 10 matrices 403322 rings 0 seconds 0.0543211
job 192 / 286 done 1 u 3 7 7 matrices 241670 rings 0 seconds 0.0317579
job 196 / 286 done 1 u 3 8 8 matrices 245802 rings 0 seconds 0.0374917
job 194 / 286 done 1 u 3 7 9 matrices 469450 rings 0 seconds 0.0562775
job 193 / 286 done 1 u 3 7 8 matrices 478172 rings 1 seconds 0.0656791
job 195 / 286 done 1 u 3 7 10 matrices 438499 rings 0 seconds 0.0614839
job 199 / 286 done 1 u 3 9 9 matrices 7639 rings 1 seconds 0.00452922
job 201 / 286 done 1 u 3 10 10 matrices 233898 rings 0 seconds 0.0449946
job 198 / 286 done 1 u 3 8 10 matrices 456597 rings 0 seconds 0.0583738
job 202 / 286 done 1 u 4 4 4 matrices 846 rings 13 seconds 0.00203289
job 204 / 286 done 1 u 4 4 6 matrices 8427 rings 1 seconds 0.00355799
job 197 / 286 done 1 u 3 8 9 matrices 475114 rings 0 seconds 0.0816399
job 200 / 286 done 1 u 3 9 10 matrices 468630 rings 0 seconds 0.0612672
job 206 / 286 done 1 u 4 4 8 matrices 2857 rings 0 seconds 0.00249909
job 208 / 286 done 1 u 4 4 10 matrices 6580 rings 0 seconds 0.0030789
job 203 / 286 done 1 u 4 4 5 matrices 124552 rings 13 seconds 0.0182752
job 205 / 286 done 1 u 4 4 7 matrices 130306 rings 0 seconds 0.0228909
job 207 / 286 done 1 u 4 4 9 matrices 115353 rings 0 seconds 0.0153231
job 209 / 286 done 1 u 4 5 5 matrices 138841 rings 10 seconds 0.0314672
job 210 / 286 done 1 u 4 5 6 matrices 288374 rings 9 seconds 0.0371566
job 212 / 286 done 1 u 4 5 8 matrices 284850 rings 0 seconds 0.0364041
job 215 / 286 done 1 u 4 6 6 matrices 10210 rings 0 seconds 0.00330402
job 211 / 286 done 1 u 4 5 7 matrices 292114 rings 1 seconds 0.0532233
job 214 / 286 done 1 u 4 5 10 matrices 234526 rings 0 seconds 0.0291469
job 217 / 286 done 1 u 4 6 8 matrices 20522 rings 0 seconds 0.00670792
job 219 / 286 done 1 u 4 6 10 matrices 17692 rings 0 seconds 0.00597707
job 213 / 286 done 1 u 4 5 9 matrices 265388 rings 0 seconds 0.0480276
job 216 / 286 done 1 u 4 6 7 matrices 311649 rings 6 seconds 0.0525239
job 220 / 286 done 1 u 4 7 7 matrices 164120 rings 1 seconds 0.0296236
job 221 / 286 done 1 u 4 7 8 matrices 323468 rings 1 seconds 0.0449082
job 218 / 286 done 1 u 4 6 9 matrices 295533 rings 0 seconds 0.0584065
job 224 / 286 done 1 u 4 8 8 matrices 3985 rings 0 seconds 0.00178733
job 226 / 286 done 1 u 4 8 10 matrices 20392 rings 0 seconds 0.00404586
job 223 / 286 done 1 u 4 7 10 matrices 292381 rings 0 seconds 0.0357672
job 222 / 286 done 1 u 4 7 9 matrices 313144 rings 0 seconds 0.0475994
job 229 / 286 done 1 u 4 10 10 matrices 10072 rings 0 seconds 0.00266309
job 227 / 286 done 1 u 4 9 9 matrices 160851 rings 0 seconds 0.024582
job 230 / 286 done 1 u 5 5 5 matrices 164 rings 7 seconds 0.000905219
job 232 / 286 done 1 u 5 5 7 matrices 88479 rings 1 seconds 0.0111589
job 231 / 286 done 1 u 5 5 6 matrices 87512 rings 4 seconds 0.0154667
job 225 / 286 done 1 u 4 8 9 matrices 319918 rings 0 seconds 0.0484898
job 235 / 286 done 1 u 5 5 10 matrices 377 rings 0 seconds 0.0011107
job 228 / 286 done 1 u 4 9 10 matrices 306545 rings 0 seconds 0.0358455
job 233 / 286 done 1 u 5 5 8 matrices 85442 rings 0 seconds 0.010729
job 234 / 286 done 1 u 5 5 9 matrices 79257 rings 0 seconds 0.0100428
job 236 / 286 done 1 u 5 6 6 matrices 93332 rings 10 seconds 0.0130898
job 238 / 286 done 1 u 5 6 8 matrices 186318 rings 0 seconds 0.0229576
job 239 / 286 done 1 u 5 6 9 matrices 176126 rings 0 seconds 0.0211798
job 237 / 286 done 1 u 5 6 7 matrices 190073 rings 4 seconds 0.0249078
job 240 / 286 done 1 u 5 6 10 matrices 158889 rings 0 seconds 0.0201432
job 241 / 286 done 1 u 5 7 7 matrices 99707 rings 0 seconds 0.013544
job 242 / 286 done 1 u 5 7 8 matrices 195383 rings 3 seconds 0.0232531
job 243 / 286 done 1 u 5 7 9 matrices 190752 rings 0 seconds 0.0231795
job 245 / 286 done 1 u 5 8 8 matrices 100870 rings 0 seconds 0.0135355
job 244 / 286 done 1 u 5 7 10 matrices 176724 rings 0 seconds 0.0213403
job 248 / 286 done 1 u 5 9 9 matrices 97943 rings 0 seconds 0.0123771
job 250 / 286 done 1 u 5 10 10 matrices 619 rings 0 seconds 0.00095963
job 251 / 286 done 1 u 6 6 6 matrices 29 rings 4 seconds 0.000693436
job 252 / 286 done 1 u 6 6 7 matrices 51503 rings 2 seconds 0.00722553
job 246 / 286 done 1 u 5 8 9 matrices 195761 rings 0 seconds 0.0236934
job 247 / 286 done 1 u 5 8 10 matrices 185080 rings 0 seconds 0.0241433
job 253 / 286 done 1 u 6 6 8 matrices 3355 rings 0 seconds 0.00110473
job 254 / 286 done 1 u 6 6 9 matrices 1412 rings 0 seconds 0.00122164
job 255 / 286 done 1 u 6 6 10 matrices 2798 rings 0 seconds 0.00168633
job 256 / 286 done 1 u 6 7 7 matrices 54436 rings 6 seconds 0.00749066
job 249 / 286 done 1 u 5 9 10 matrices 185722 rings 0 seconds 0.030611
job 260 / 286 done 1 u 6 8 8 matrices 3724 rings 0 seconds 0.00193926
job 257 / 286 done 1 u 6 7 8 matrices 106624 rings 4 seconds 0.013176
job 262 / 286 done 1 u 6 8 10 matrices 6469 rings 0 seconds 0.0016899
job 263 / 286 done 1 u 6 9 9 matrices 1674 rings 0 seconds 0.000997215
job 259 / 286 done 1 u 6 7 10 matrices 94345 rings 0 seconds 0.0129909
job 258 / 286 done 1 u 6 7 9 matrices 103119 rings 0 seconds 0.0194306
job 265 / 286 done 1 u 6 10 10 matrices 3403 rings 0 seconds 0.00112908
job 266 / 286 done 1 u 7 7 7 matrices 45 rings 4 seconds 0.00101719
job 267 / 286 done 1 u 7 7 8 matrices 25043 rings 2 seconds 0.00363531
job 268 / 286 done 1 u 7 7 9 matrices 24034 rings 0 seconds 0.00524308
job 264 / 286 done 1 u 6 9 10 matrices 102186 rings 0 seconds 0.0121485
job 269 / 286 done 1 u 7 7 10 matrices 21589 rings 0 seconds 0.00702016
job 261 / 286 done 1 u 6 8 9 matrices 107349 rings 1 seconds 0.0198342
job 270 / 286 done 1 u 7 8 8 matrices 26177 rings 2 seconds 0.00600049
job 271 / 286 done 1 u 7 8 9 matrices 49673 rings 2 seconds 0.00719494
job 273 / 286 done 1 u 7 9 9 matrices 25575 rings 0 seconds 0.00571529
job 272 / 286 done 1 u 7 8 10 matrices 46545 rings 0 seconds 0.00633701
job 276 / 286 done 1 u 8 8 8 matrices 22 rings 4 seconds 0.000835346
job 278 / 286 done 1 u 8 8 10 matrices 549 rings 0 seconds 0.000842106
job 277 / 286 done 1 u 8 8 9 matrices 9325 rings 2 seconds 0.00158294
job 275 / 286 done 1 u 7 10 10 matrices 23921 rings 0 seconds 0.00524864
job 281 / 286 done 1 u 8 10 10 matrices 586 rings 0 seconds 0.000532648
job 282 / 286 done 1 u 9 9 9 matrices 8 rings 1 seconds 0.000418309
job 274 / 286 done 1 u 7 9 10 matrices 47598 rings 0 seconds 0.00906352
job 279 / 286 done 1 u 8 9 9 matrices 9539 rings 1 seconds 0.00266025
job 283 / 286 done 1 u 9 9 10 matrices 2317 rings 1 seconds 0.00060827
job 280 / 286 done 1 u 8 9 10 matrices 17917 rings 0 seconds 0.00246344
job 285 / 286 done 1 u 10 10 10 matrices 0 rings 0 seconds 0.000647128
job 284 / 286 done 1 u 9 10 10 matrices 2401 rings 0 seconds 0.00107517
FINAL rank 5 bound 10 complete 1 jobs 286 / 286 matrices 79707388 singular 10248 completion_nodes 23926 classes 3737 seconds 2.75208 counts 10 28 67 115 192 310 448 696 832 1039
{"wall_seconds": 2.75, "user_seconds": 10.97, "system_seconds": 0.00}
