job 1 / 330 done 1 u 0 0 0 1 matrices 39854 rings 398 seconds 0.12364
job 2 / 330 done 1 u 0 0 0 2 matrices 17524 rings 117 seconds 0.0602055
job 3 / 330 done 1 u 0 0 0 3 matrices 14892 rings 102 seconds 0.0573929
job 4 / 330 done 1 u 0 0 0 4 matrices 9933 rings 32 seconds 0.0587436
job 5 / 330 done 1 u 0 0 0 5 matrices 1951 rings 3 seconds 0.0419514
job 6 / 330 done 1 u 0 0 0 6 matrices 947 rings 0 seconds 0.0303865
job 7 / 330 done 1 u 0 0 0 7 matrices 409 rings 0 seconds 0.0270394
job 8 / 330 done 1 u 0 0 1 1 matrices 887492 rings 361 seconds 1.15527
job 0 / 330 done 1 u 0 0 0 0 matrices 14 rings 4789 seconds 6.30926
job 9 / 330 done 1 u 0 0 1 2 matrices 7045657 rings 225 seconds 8.29003
job 10 / 330 done 1 u 0 0 1 3 matrices 15436215 rings 60 seconds 16.9729
job 11 / 330 done 1 u 0 0 1 4 matrices 24393257 rings 31 seconds 27.3013
job 12 / 330 done 1 u 0 0 1 5 matrices 30528452 rings 9 seconds 33.1315
job 13 / 330 done 1 u 0 0 1 6 matrices 31289237 rings 14 seconds 34.7765
job 15 / 330 done 1 u 0 0 2 2 matrices 275000 rings 77 seconds 0.463295
job 14 / 330 done 1 u 0 0 1 7 matrices 23776625 rings 0 seconds 25.9447
job 17 / 330 done 1 u 0 0 2 4 matrices 1322598 rings 31 seconds 1.88516
job 16 / 330 done 1 u 0 0 2 3 matrices 30262952 rings 36 seconds 33.6957
job 19 / 330 done 1 u 0 0 2 6 matrices 1781277 rings 0 seconds 2.60946
job 18 / 330 done 1 u 0 0 2 5 matrices 53463295 rings 3 seconds 57.6813
job 21 / 330 done 1 u 0 0 3 3 matrices 153358 rings 20 seconds 0.318752
job 20 / 330 done 1 u 0 0 2 7 matrices 47606586 rings 1 seconds 53.0402
job 22 / 330 done 1 u 0 0 3 4 matrices 66650248 rings 13 seconds 72.4705
job 24 / 330 done 1 u 0 0 3 6 matrices 548837 rings 4 seconds 1.03746
job 23 / 330 done 1 u 0 0 3 5 matrices 80159755 rings 4 seconds 88.7467
job 26 / 330 done 1 u 0 0 4 4 matrices 132035 rings 22 seconds 0.359604
job 25 / 330 done 1 u 0 0 3 7 matrices 77809173 rings 0 seconds 83.7261
job 28 / 330 done 1 u 0 0 4 6 matrices 3681077 rings 0 seconds 4.89688
job 27 / 330 done 1 u 0 0 4 5 matrices 106867424 rings 4 seconds 117.694
job 30 / 330 done 1 u 0 0 5 5 matrices 33580 rings 0 seconds 0.278957
job 29 / 330 done 1 u 0 0 4 7 matrices 111809951 rings 1 seconds 120.239
job 31 / 330 done 1 u 0 0 5 6 matrices 146333733 rings 1 seconds 160.874
job 33 / 330 done 1 u 0 0 6 6 matrices 18785 rings 0 seconds 0.189888
job 32 / 330 done 1 u 0 0 5 7 matrices 141965577 rings 0 seconds 151.91
job 35 / 330 done 1 u 0 0 7 7 matrices 7500 rings 0 seconds 0.236965
job 36 / 330 done 1 u 0 1 1 1 matrices 2523716 rings 175 seconds 3.01701
job 37 / 330 done 1 u 0 1 1 2 matrices 17791435 rings 220 seconds 19.583
job 38 / 330 done 1 u 0 1 1 3 matrices 31839582 rings 66 seconds 34.5577
job 39 / 330 done 1 u 0 1 1 4 matrices 45450739 rings 17 seconds 48.9203
job 34 / 330 done 1 u 0 0 6 7 matrices 167671340 rings 0 seconds 183.559
job 40 / 330 done 1 u 0 1 1 5 matrices 55022742 rings 7 seconds 58.896
job 41 / 330 done 1 u 0 1 1 6 matrices 58451483 rings 7 seconds 64.3606
job 42 / 330 done 1 u 0 1 1 7 matrices 49109418 rings 3 seconds 52.7069
job 43 / 330 done 1 u 0 1 2 2 matrices 34241387 rings 101 seconds 38.1198
job 44 / 330 done 1 u 0 1 2 3 matrices 106576758 rings 102 seconds 113.488
job 45 / 330 done 1 u 0 1 2 4 matrices 144290780 rings 26 seconds 157.723
job 46 / 330 done 1 u 0 1 2 5 matrices 173254910 rings 10 seconds 183.13
job 47 / 330 done 1 u 0 1 2 6 matrices 180894489 rings 5 seconds 196.906
job 49 / 330 done 1 u 0 1 3 3 matrices 78993407 rings 21 seconds 86.3103
job 48 / 330 done 1 u 0 1 2 7 matrices 163015430 rings 1 seconds 173.071
job 50 / 330 done 1 u 0 1 3 4 matrices 205588185 rings 26 seconds 223.836
job 51 / 330 done 1 u 0 1 3 5 matrices 241272347 rings 6 seconds 254.8
job 52 / 330 done 1 u 0 1 3 6 matrices 259043755 rings 3 seconds 282.575
job 53 / 330 done 1 u 0 1 3 7 matrices 240221589 rings 0 seconds 255.111
job 54 / 330 done 1 u 0 1 4 4 matrices 130751822 rings 5 seconds 142.966
job 55 / 330 done 1 u 0 1 4 5 matrices 311520272 rings 13 seconds 329.828
job 56 / 330 done 1 u 0 1 4 6 matrices 334764039 rings 5 seconds 364.548
job 57 / 330 done 1 u 0 1 4 7 matrices 315918867 rings 1 seconds 334.299
job 58 / 330 done 1 u 0 1 5 5 matrices 185749738 rings 1 seconds 202.873
job 59 / 330 done 1 u 0 1 5 6 matrices 396604598 rings 3 seconds 418.777
job 60 / 330 done 1 u 0 1 5 7 matrices 388839756 rings 0 seconds 422.34
job 61 / 330 done 1 u 0 1 6 6 matrices 224634026 rings 0 seconds 237.278
job 63 / 330 done 1 u 0 1 7 7 matrices 240734830 rings 0 seconds 254.025
job 64 / 330 done 1 u 0 2 2 2 matrices 583189 rings 29 seconds 0.848845
job 62 / 330 done 1 u 0 1 6 7 matrices 450648014 rings 0 seconds 487.914
job 66 / 330 done 1 u 0 2 2 4 matrices 3418347 rings 10 seconds 4.62836
job 65 / 330 done 1 u 0 2 2 3 matrices 83437363 rings 29 seconds 88.641
job 68 / 330 done 1 u 0 2 2 6 matrices 4202535 rings 0 seconds 5.42877
job 67 / 330 done 1 u 0 2 2 5 matrices 125356740 rings 2 seconds 136.284
job 69 / 330 done 1 u 0 2 2 7 matrices 122733678 rings 0 seconds 129.929
job 70 / 330 done 1 u 0 2 3 3 matrices 114071495 rings 27 seconds 123.776
job 71 / 330 done 0 u 0 2 3 4 matrices 170116172 rings 10 seconds 179.371
job 72 / 330 done 0 u 0 2 3 5 matrices 95658352 rings 0 seconds 103.873
FINAL rank 6 bound 7 complete 0 jobs 71 / 330 matrices 6959322525 singular 118477 completion_nodes 392790 classes 7289 seconds 3752.47 counts 20 98 273 655 1239 2140 2864
