job 1 / 330 done 1 u 0 0 0 1 matrices 39854 rings 398 seconds 0.119256
job 2 / 330 done 1 u 0 0 0 2 matrices 17524 rings 117 seconds 0.0577617
job 3 / 330 done 1 u 0 0 0 3 matrices 14892 rings 102 seconds 0.0556053
job 4 / 330 done 1 u 0 0 0 4 matrices 9933 rings 32 seconds 0.0582634
job 5 / 330 done 1 u 0 0 0 5 matrices 1951 rings 3 seconds 0.042015
job 6 / 330 done 1 u 0 0 0 6 matrices 947 rings 0 seconds 0.0305805
job 7 / 330 done 1 u 0 0 0 7 matrices 409 rings 0 seconds 0.0270393
job 8 / 330 done 1 u 0 0 1 1 matrices 887492 rings 361 seconds 1.06352
job 0 / 330 done 1 u 0 0 0 0 matrices 14 rings 4789 seconds 6.17804
job 9 / 330 done 1 u 0 0 1 2 matrices 7045657 rings 225 seconds 8.04335
job 10 / 330 done 1 u 0 0 1 3 matrices 15436215 rings 60 seconds 16.8805
job 11 / 330 done 1 u 0 0 1 4 matrices 24393257 rings 31 seconds 26.8783
job 12 / 330 done 1 u 0 0 1 5 matrices 30528452 rings 9 seconds 32.7085
job 13 / 330 done 1 u 0 0 1 6 matrices 31289237 rings 14 seconds 34.3376
job 15 / 330 done 1 u 0 0 2 2 matrices 275000 rings 77 seconds 0.461589
job 14 / 330 done 1 u 0 0 1 7 matrices 23776625 rings 0 seconds 25.7556
job 17 / 330 done 1 u 0 0 2 4 matrices 1322598 rings 31 seconds 1.97897
job 16 / 330 done 1 u 0 0 2 3 matrices 30262952 rings 36 seconds 33.4882
job 19 / 330 done 1 u 0 0 2 6 matrices 1781277 rings 0 seconds 2.53747
job 18 / 330 done 1 u 0 0 2 5 matrices 53463295 rings 3 seconds 56.9038
job 21 / 330 done 1 u 0 0 3 3 matrices 153358 rings 20 seconds 0.359607
job 20 / 330 done 1 u 0 0 2 7 matrices 47606586 rings 1 seconds 52.7992
job 22 / 330 done 1 u 0 0 3 4 matrices 66650248 rings 13 seconds 70.7421
job 24 / 330 done 1 u 0 0 3 6 matrices 548837 rings 4 seconds 1.15925
job 23 / 330 done 1 u 0 0 3 5 matrices 80159755 rings 4 seconds 86.6715
job 26 / 330 done 1 u 0 0 4 4 matrices 132035 rings 22 seconds 0.353648
job 25 / 330 done 1 u 0 0 3 7 matrices 77809173 rings 0 seconds 82.368
job 28 / 330 done 1 u 0 0 4 6 matrices 3681077 rings 0 seconds 4.96992
job 27 / 330 done 1 u 0 0 4 5 matrices 106867424 rings 4 seconds 115.469
job 30 / 330 done 1 u 0 0 5 5 matrices 33580 rings 0 seconds 0.283345
job 29 / 330 done 1 u 0 0 4 7 matrices 111809951 rings 1 seconds 118.047
job 31 / 330 done 1 u 0 0 5 6 matrices 146333733 rings 1 seconds 157.489
job 33 / 330 done 1 u 0 0 6 6 matrices 18785 rings 0 seconds 0.186321
job 32 / 330 done 1 u 0 0 5 7 matrices 141965577 rings 0 seconds 149.474
job 35 / 330 done 1 u 0 0 7 7 matrices 7500 rings 0 seconds 0.335688
job 36 / 330 done 1 u 0 1 1 1 matrices 2523716 rings 175 seconds 2.98409
job 37 / 330 done 1 u 0 1 1 2 matrices 17791435 rings 220 seconds 19.2216
job 38 / 330 done 1 u 0 1 1 3 matrices 31839582 rings 66 seconds 33.8481
job 39 / 330 done 1 u 0 1 1 4 matrices 45450739 rings 17 seconds 47.8991
job 34 / 330 done 1 u 0 0 6 7 matrices 167671340 rings 0 seconds 180.063
job 40 / 330 done 1 u 0 1 1 5 matrices 55022742 rings 7 seconds 57.8208
job 41 / 330 done 1 u 0 1 1 6 matrices 58451483 rings 7 seconds 62.9562
job 42 / 330 done 1 u 0 1 1 7 matrices 49109418 rings 3 seconds 51.5859
job 43 / 330 done 1 u 0 1 2 2 matrices 34241387 rings 101 seconds 37.154
job 44 / 330 done 1 u 0 1 2 3 matrices 106576758 rings 102 seconds 110.724
job 45 / 330 done 1 u 0 1 2 4 matrices 144290780 rings 26 seconds 154.39
job 46 / 330 done 1 u 0 1 2 5 matrices 173254910 rings 10 seconds 178.962
job 47 / 330 done 1 u 0 1 2 6 matrices 180894489 rings 5 seconds 193.818
job 49 / 330 done 1 u 0 1 3 3 matrices 78993407 rings 21 seconds 85.3424
job 48 / 330 done 1 u 0 1 2 7 matrices 163015430 rings 1 seconds 169.564
job 50 / 330 done 1 u 0 1 3 4 matrices 205588185 rings 26 seconds 219.889
job 51 / 330 done 1 u 0 1 3 5 matrices 241272347 rings 6 seconds 249.419
job 52 / 330 done 1 u 0 1 3 6 matrices 259043755 rings 3 seconds 276.714
job 53 / 330 done 1 u 0 1 3 7 matrices 240221589 rings 0 seconds 248.148
job 54 / 330 done 1 u 0 1 4 4 matrices 130751822 rings 5 seconds 139.796
job 55 / 330 done 1 u 0 1 4 5 matrices 311520272 rings 13 seconds 320.82
job 56 / 330 done 1 u 0 1 4 6 matrices 334764039 rings 5 seconds 357.368
job 57 / 330 done 1 u 0 1 4 7 matrices 315918867 rings 1 seconds 328.076
job 58 / 330 done 1 u 0 1 5 5 matrices 185749738 rings 1 seconds 201.705
job 59 / 330 done 1 u 0 1 5 6 matrices 396604598 rings 3 seconds 408.677
job 60 / 330 done 1 u 0 1 5 7 matrices 388839756 rings 0 seconds 416.265
job 61 / 330 done 1 u 0 1 6 6 matrices 224634026 rings 0 seconds 232.105
job 63 / 330 done 1 u 0 1 7 7 matrices 240734830 rings 0 seconds 248.455
job 64 / 330 done 1 u 0 2 2 2 matrices 583189 rings 29 seconds 0.871759
job 62 / 330 done 1 u 0 1 6 7 matrices 450648014 rings 0 seconds 480.39
job 66 / 330 done 1 u 0 2 2 4 matrices 3418347 rings 10 seconds 4.48563
job 65 / 330 done 1 u 0 2 2 3 matrices 83437363 rings 29 seconds 86.4649
job 68 / 330 done 1 u 0 2 2 6 matrices 4202535 rings 0 seconds 5.57311
job 67 / 330 done 1 u 0 2 2 5 matrices 125356740 rings 2 seconds 134.268
job 69 / 330 done 1 u 0 2 2 7 matrices 122733678 rings 0 seconds 127.456
job 70 / 330 done 1 u 0 2 3 3 matrices 114071495 rings 27 seconds 122.405
job 71 / 330 done 1 u 0 2 3 4 matrices 287389813 rings 17 seconds 296.419
job 72 / 330 done 1 u 0 2 3 5 matrices 336595731 rings 5 seconds 359.861
job 73 / 330 done 1 u 0 2 3 6 matrices 353670730 rings 4 seconds 363.955
job 75 / 330 done 1 u 0 2 4 4 matrices 5672420 rings 2 seconds 7.28087
job 74 / 330 done 1 u 0 2 3 7 matrices 329755508 rings 0 seconds 352.1
job 77 / 330 done 1 u 0 2 4 6 matrices 13852431 rings 1 seconds 17.3476
job 76 / 330 done 1 u 0 2 4 5 matrices 416240687 rings 6 seconds 427.646
job 78 / 330 done 1 u 0 2 4 7 matrices 415714076 rings 0 seconds 442.536
job 79 / 330 done 1 u 0 2 5 5 matrices 238108183 rings 2 seconds 244.557
job 80 / 330 done 1 u 0 2 5 6 matrices 512248012 rings 1 seconds 544.1
job 82 / 330 done 1 u 0 2 6 6 matrices 8771558 rings 0 seconds 10.8929
job 81 / 330 done 1 u 0 2 5 7 matrices 500939401 rings 0 seconds 513.547
job 84 / 330 done 1 u 0 2 7 7 matrices 295338595 rings 0 seconds 303.312
job 85 / 330 done 1 u 0 3 3 3 matrices 331207 rings 13 seconds 0.632693
job 86 / 330 done 1 u 0 3 3 4 matrices 189758453 rings 12 seconds 195.198
job 83 / 330 done 1 u 0 2 6 7 matrices 564715122 rings 0 seconds 598.411
job 88 / 330 done 1 u 0 3 3 6 matrices 1483493 rings 1 seconds 2.2956
job 87 / 330 done 1 u 0 3 3 5 matrices 216319963 rings 1 seconds 222.373
job 89 / 330 done 1 u 0 3 3 7 matrices 212681234 rings 1 seconds 226.511
job 90 / 330 done 1 u 0 3 4 4 matrices 229663652 rings 15 seconds 236.075
job 91 / 330 done 1 u 0 3 4 5 matrices 512358120 rings 5 seconds 543.698
job 92 / 330 done 1 u 0 3 4 6 matrices 541980953 rings 2 seconds 555.692
job 94 / 330 done 1 u 0 3 5 5 matrices 289861904 rings 1 seconds 297.445
job 93 / 330 done 1 u 0 3 4 7 matrices 523725594 rings 1 seconds 555.372
job 95 / 330 done 1 u 0 3 5 6 matrices 612957128 rings 2 seconds 627.034
job 97 / 330 done 1 u 0 3 6 6 matrices 2142921 rings 0 seconds 3.39419
job 96 / 330 done 1 u 0 3 5 7 matrices 606116780 rings 1 seconds 643.397
job 99 / 330 done 1 u 0 3 7 7 matrices 347555938 rings 0 seconds 368.562
job 100 / 330 done 1 u 0 4 4 4 matrices 252648 rings 5 seconds 0.549411
job 98 / 330 done 1 u 0 3 6 7 matrices 667027002 rings 1 seconds 682.049
job 102 / 330 done 1 u 0 4 4 6 matrices 9991081 rings 0 seconds 12.2626
job 101 / 330 done 1 u 0 4 4 5 matrices 300066434 rings 2 seconds 318.417
job 103 / 330 done 1 u 0 4 4 7 matrices 311326468 rings 0 seconds 319.104
job 104 / 330 done 1 u 0 4 5 5 matrices 332118428 rings 1 seconds 351.761
job 105 / 330 done 1 u 0 4 5 6 matrices 701616537 rings 3 seconds 716.007
job 107 / 330 done 1 u 0 4 6 6 matrices 11783133 rings 0 seconds 14.2562
job 106 / 330 done 1 u 0 4 5 7 matrices 695729174 rings 0 seconds 736.063
job 109 / 330 done 1 u 0 4 7 7 matrices 393397301 rings 0 seconds 416.618
job 110 / 330 done 1 u 0 5 5 5 matrices 62809 rings 8 seconds 0.345388
job 108 / 330 done 1 u 0 4 6 7 matrices 755066633 rings 0 seconds 770.885
job 111 / 330 done 1 u 0 5 5 6 matrices 385728218 rings 0 seconds 409.297
job 112 / 330 done 1 u 0 5 5 7 matrices 387457396 rings 0 seconds 396.989
job 113 / 330 done 1 u 0 5 6 6 matrices 407177182 rings 1 seconds 430.359
job 115 / 330 done 1 u 0 5 7 7 matrices 425794118 rings 0 seconds 452.182
job 116 / 330 done 1 u 0 6 6 6 matrices 35568 rings 0 seconds 0.212219
job 114 / 330 done 1 u 0 5 6 7 matrices 833442507 rings 0 seconds 852.694
job 117 / 330 done 1 u 0 6 6 7 matrices 440754207 rings 0 seconds 468.402
job 119 / 330 done 1 u 0 7 7 7 matrices 15476 rings 0 seconds 0.235355
job 120 / 330 done 1 u 1 1 1 1 matrices 714082 rings 52 seconds 0.867939
job 121 / 330 done 1 u 1 1 1 2 matrices 5764036 rings 67 seconds 6.40759
job 122 / 330 done 1 u 1 1 1 3 matrices 9208400 rings 16 seconds 10.1032
job 123 / 330 done 1 u 1 1 1 4 matrices 12292696 rings 5 seconds 13.3502
job 124 / 330 done 1 u 1 1 1 5 matrices 14804819 rings 10 seconds 16.0318
job 125 / 330 done 1 u 1 1 1 6 matrices 15239908 rings 3 seconds 16.4541
job 126 / 330 done 1 u 1 1 1 7 matrices 13452933 rings 0 seconds 14.6102
job 127 / 330 done 1 u 1 1 2 2 matrices 14913530 rings 79 seconds 16.2032
job 128 / 330 done 1 u 1 1 2 3 matrices 43460983 rings 44 seconds 46.8653
job 118 / 330 done 1 u 0 6 7 7 matrices 456064798 rings 0 seconds 466.521
job 129 / 330 done 1 u 1 1 2 4 matrices 57002415 rings 11 seconds 61.3915
job 130 / 330 done 1 u 1 1 2 5 matrices 66017195 rings 3 seconds 68.3224
job 131 / 330 done 1 u 1 1 2 6 matrices 69321158 rings 0 seconds 74.3285
job 133 / 330 done 1 u 1 1 3 3 matrices 30746181 rings 9 seconds 33.0479
job 132 / 330 done 1 u 1 1 2 7 matrices 62495308 rings 0 seconds 64.7853
job 134 / 330 done 1 u 1 1 3 4 matrices 77472669 rings 8 seconds 82.8318
job 135 / 330 done 1 u 1 1 3 5 matrices 89755297 rings 1 seconds 92.4305
job 136 / 330 done 1 u 1 1 3 6 matrices 93703083 rings 1 seconds 100.229
job 137 / 330 done 1 u 1 1 3 7 matrices 86288149 rings 0 seconds 89.0658
job 138 / 330 done 1 u 1 1 4 4 matrices 48711710 rings 2 seconds 52.0747
job 139 / 330 done 1 u 1 1 4 5 matrices 111481725 rings 2 seconds 114.687
job 140 / 330 done 1 u 1 1 4 6 matrices 116338324 rings 3 seconds 123.788
job 141 / 330 done 1 u 1 1 4 7 matrices 109270512 rings 0 seconds 112.285
job 142 / 330 done 1 u 1 1 5 5 matrices 63766664 rings 3 seconds 67.9521
job 143 / 330 done 1 u 1 1 5 6 matrices 135837867 rings 0 seconds 139.159
job 144 / 330 done 1 u 1 1 5 7 matrices 131310296 rings 0 seconds 139.629
job 145 / 330 done 1 u 1 1 6 6 matrices 73191149 rings 0 seconds 75.276
job 147 / 330 done 1 u 1 1 7 7 matrices 75693002 rings 0 seconds 77.6389
job 146 / 330 done 1 u 1 1 6 7 matrices 146462852 rings 0 seconds 155.559
job 148 / 330 done 1 u 1 2 2 2 matrices 15691462 rings 41 seconds 16.5916
job 149 / 330 done 1 u 1 2 2 3 matrices 65192412 rings 67 seconds 69.7822
job 150 / 330 done 1 u 1 2 2 4 matrices 81909141 rings 8 seconds 84.5926
job 151 / 330 done 1 u 1 2 2 5 matrices 93945007 rings 1 seconds 100.437
job 152 / 330 done 1 u 1 2 2 6 matrices 96838655 rings 2 seconds 99.8976
job 153 / 330 done 1 u 1 2 2 7 matrices 88958874 rings 2 seconds 95.423
job 154 / 330 done 1 u 1 2 3 3 matrices 87673740 rings 38 seconds 90.7657
job 155 / 330 done 1 u 1 2 3 4 matrices 215026469 rings 20 seconds 230.534
job 156 / 330 done 1 u 1 2 3 5 matrices 242054214 rings 9 seconds 249.48
job 157 / 330 done 1 u 1 2 3 6 matrices 249047191 rings 4 seconds 265.348
job 158 / 330 done 1 u 1 2 3 7 matrices 231331650 rings 3 seconds 237.526
job 159 / 330 done 1 u 1 2 4 4 matrices 129619905 rings 6 seconds 138.299
job 160 / 330 done 1 u 1 2 4 5 matrices 288700514 rings 7 seconds 295.169
job 161 / 330 done 1 u 1 2 4 6 matrices 301010820 rings 2 seconds 320.116
job 162 / 330 done 1 u 1 2 4 7 matrices 286714073 rings 0 seconds 293.979
job 163 / 330 done 1 u 1 2 5 5 matrices 161441122 rings 1 seconds 172.486
job 164 / 330 done 1 u 1 2 5 6 matrices 337584395 rings 0 seconds 346.007
job 165 / 330 done 1 u 1 2 5 7 matrices 330665064 rings 3 seconds 352.824
job 166 / 330 done 1 u 1 2 6 6 matrices 180099604 rings 0 seconds 185.611
job 168 / 330 done 1 u 1 2 7 7 matrices 185223039 rings 0 seconds 190.475
job 169 / 330 done 1 u 1 3 3 3 matrices 38292180 rings 4 seconds 39.943
job 167 / 330 done 1 u 1 2 6 7 matrices 357683018 rings 0 seconds 381.396
job 170 / 330 done 1 u 1 3 3 4 matrices 136419965 rings 15 seconds 140.255
job 171 / 330 done 1 u 1 3 3 5 matrices 150438818 rings 0 seconds 160.456
job 172 / 330 done 1 u 1 3 3 6 matrices 156342600 rings 0 seconds 160.456
job 173 / 330 done 1 u 1 3 3 7 matrices 148066222 rings 0 seconds 157.6
job 174 / 330 done 1 u 1 3 4 4 matrices 159347162 rings 17 seconds 163.629
job 175 / 330 done 1 u 1 3 4 5 matrices 348775828 rings 5 seconds 370.021
job 176 / 330 done 1 u 1 3 4 6 matrices 361198961 rings 0 seconds 369.012
job 178 / 330 done 1 u 1 3 5 5 matrices 191543957 rings 1 seconds 196.056
job 177 / 330 done 1 u 1 3 4 7 matrices 349978887 rings 1 seconds 371.715
job 179 / 330 done 1 u 1 3 5 6 matrices 397833720 rings 1 seconds 406.561
job 180 / 330 done 1 u 1 3 5 7 matrices 390032501 rings 0 seconds 414.8
job 181 / 330 done 1 u 1 3 6 6 matrices 210184490 rings 1 seconds 215.823
job 183 / 330 done 1 u 1 3 7 7 matrices 215140321 rings 0 seconds 220.025
job 182 / 330 done 1 u 1 3 6 7 matrices 418519835 rings 2 seconds 443.423
job 184 / 330 done 1 u 1 4 4 4 matrices 61043928 rings 1 seconds 63.2483
job 185 / 330 done 1 u 1 4 4 5 matrices 198505351 rings 1 seconds 210.793
job 186 / 330 done 1 u 1 4 4 6 matrices 206145241 rings 0 seconds 210.728
job 187 / 330 done 1 u 1 4 4 7 matrices 200346091 rings 0 seconds 212.454
job 188 / 330 done 1 u 1 4 5 5 matrices 215674829 rings 2 seconds 220.382
job 190 / 330 done 1 u 1 4 5 7 matrices 441086930 rings 0 seconds 449.729
job 189 / 330 done 1 u 1 4 5 6 matrices 444014806 rings 1 seconds 469.643
job 191 / 330 done 1 u 1 4 6 6 matrices 233112336 rings 0 seconds 238.365
job 193 / 330 done 1 u 1 4 7 7 matrices 237627850 rings 0 seconds 243.216
job 192 / 330 done 1 u 1 4 6 7 matrices 468390972 rings 2 seconds 495.218
job 194 / 330 done 1 u 1 5 5 5 matrices 76946241 rings 0 seconds 79.2449
job 195 / 330 done 1 u 1 5 5 6 matrices 239396342 rings 1 seconds 253.28
job 196 / 330 done 1 u 1 5 5 7 matrices 239998318 rings 0 seconds 245.212
job 197 / 330 done 1 u 1 5 6 6 matrices 250967198 rings 0 seconds 265.985
job 199 / 330 done 1 u 1 5 7 7 matrices 254747159 rings 0 seconds 269.444
job 198 / 330 done 1 u 1 5 6 7 matrices 498828862 rings 3 seconds 508.18
job 200 / 330 done 1 u 1 6 6 6 matrices 86920614 rings 0 seconds 92.4258
job 201 / 330 done 1 u 1 6 6 7 matrices 261560850 rings 0 seconds 266.907
job 202 / 330 done 1 u 1 6 7 7 matrices 265796732 rings 0 seconds 280.714
job 204 / 330 done 1 u 2 2 2 2 matrices 79893 rings 16 seconds 0.135692
job 203 / 330 done 1 u 1 7 7 7 matrices 90740808 rings 0 seconds 93.2032
job 206 / 330 done 1 u 2 2 2 4 matrices 498517 rings 6 seconds 0.675979
job 205 / 330 done 1 u 2 2 2 3 matrices 13494949 rings 10 seconds 14.5627
job 208 / 330 done 1 u 2 2 2 6 matrices 565928 rings 1 seconds 0.744404
job 207 / 330 done 1 u 2 2 2 5 matrices 18314872 rings 2 seconds 18.9886
job 209 / 330 done 1 u 2 2 2 7 matrices 16644477 rings 0 seconds 17.8454
job 210 / 330 done 1 u 2 2 3 3 matrices 26762168 rings 22 seconds 27.6392
job 211 / 330 done 1 u 2 2 3 4 matrices 63595763 rings 17 seconds 67.7692
job 212 / 330 done 1 u 2 2 3 5 matrices 70150699 rings 7 seconds 71.8421
job 213 / 330 done 1 u 2 2 3 6 matrices 70932106 rings 2 seconds 75.5677
job 215 / 330 done 1 u 2 2 4 4 matrices 1182630 rings 2 seconds 1.49085
job 214 / 330 done 1 u 2 2 3 7 matrices 65696510 rings 0 seconds 67.5426
job 217 / 330 done 1 u 2 2 4 6 matrices 2556239 rings 1 seconds 3.20315
job 216 / 330 done 1 u 2 2 4 5 matrices 82086394 rings 3 seconds 87.3798
job 218 / 330 done 1 u 2 2 4 7 matrices 78991902 rings 1 seconds 80.9643
job 219 / 330 done 1 u 2 2 5 5 matrices 45113837 rings 0 seconds 47.9427
job 220 / 330 done 1 u 2 2 5 6 matrices 92308597 rings 1 seconds 94.4773
job 222 / 330 done 1 u 2 2 6 6 matrices 1473196 rings 2 seconds 1.82793
job 221 / 330 done 1 u 2 2 5 7 matrices 87658369 rings 1 seconds 93.0173
job 224 / 330 done 1 u 2 2 7 7 matrices 47278902 rings 0 seconds 50.1455
job 223 / 330 done 1 u 2 2 6 7 matrices 92848115 rings 0 seconds 94.8112
job 225 / 330 done 1 u 2 3 3 3 matrices 22752228 rings 17 seconds 24.4704
job 226 / 330 done 1 u 2 3 3 4 matrices 79417690 rings 40 seconds 81.8825
job 227 / 330 done 1 u 2 3 3 5 matrices 85743003 rings 2 seconds 91.6239
job 228 / 330 done 1 u 2 3 3 6 matrices 87633645 rings 1 seconds 90.0997
job 229 / 330 done 1 u 2 3 3 7 matrices 81417912 rings 0 seconds 86.9718
job 230 / 330 done 1 u 2 3 4 4 matrices 91494331 rings 18 seconds 93.5316
job 231 / 330 done 1 u 2 3 4 5 matrices 197924606 rings 5 seconds 209.528
job 232 / 330 done 1 u 2 3 4 6 matrices 200603483 rings 4 seconds 204.383
job 234 / 330 done 1 u 2 3 5 5 matrices 106643352 rings 2 seconds 109.266
job 233 / 330 done 1 u 2 3 4 7 matrices 189308971 rings 0 seconds 200.27
job 235 / 330 done 1 u 2 3 5 6 matrices 217077092 rings 1 seconds 221.116
job 236 / 330 done 1 u 2 3 5 7 matrices 208754686 rings 1 seconds 220.962
job 237 / 330 done 1 u 2 3 6 6 matrices 111650247 rings 0 seconds 114.004
job 239 / 330 done 1 u 2 3 7 7 matrices 108382415 rings 0 seconds 110.696
job 240 / 330 done 1 u 2 4 4 4 matrices 1103439 rings 1 seconds 1.37332
job 238 / 330 done 1 u 2 3 6 7 matrices 219805792 rings 0 seconds 232.049
job 242 / 330 done 1 u 2 4 4 6 matrices 3516634 rings 0 seconds 4.26332
job 241 / 330 done 1 u 2 4 4 5 matrices 113178603 rings 6 seconds 115.294
job 243 / 330 done 1 u 2 4 4 7 matrices 109220931 rings 0 seconds 115.471
job 244 / 330 done 0 u 2 4 5 5 matrices 71231124 rings 0 seconds 72.8439
job 245 / 330 done 0 u 2 4 5 6 matrices 44348581 rings 0 seconds 46.7047
FINAL rank 6 bound 7 complete 0 jobs 244 / 330 matrices 40448941771 singular 375692 completion_nodes 711711 classes 8176 seconds 21152.3 counts 20 102 286 699 1349 2383 3337
