job 2 / 28 done 1 u 0 0 0 0 0 2 matrices 348 rings 0 seconds 0.0243895
job 5 / 28 done 1 u 0 0 0 0 2 2 matrices 12711 rings 0 seconds 0.176078
job 1 / 28 done 1 u 0 0 0 0 0 1 matrices 13183 rings 22 seconds 0.239367
job 9 / 28 done 1 u 0 0 0 2 2 2 matrices 110789 rings 0 seconds 0.572534
job 14 / 28 done 1 u 0 0 2 2 2 2 matrices 246885 rings 0 seconds 0.853098
job 3 / 28 done 1 u 0 0 0 0 1 1 matrices 492622 rings 12 seconds 2.56793
job 4 / 28 done 1 u 0 0 0 0 1 2 matrices 4086439 rings 0 seconds 8.13643
job 6 / 28 done 1 u 0 0 0 1 1 1 matrices 5632150 rings 0 seconds 14.3229
job 10 / 28 done 1 u 0 0 1 1 1 1 matrices 15977768 rings 6 seconds 32.0272
job 20 / 28 done 1 u 0 2 2 2 2 2 matrices 149740 rings 0 seconds 1.0151
job 21 / 28 done 1 u 1 1 1 1 1 1 matrices 202787 rings 1 seconds 0.793241
job 22 / 28 done 1 u 1 1 1 1 1 2 matrices 1737855 rings 0 seconds 3.25198
job 23 / 28 done 1 u 1 1 1 1 2 2 matrices 5204964 rings 0 seconds 8.79849
job 15 / 28 done 1 u 0 1 1 1 1 1 matrices 22555295 rings 4 seconds 50.8515
job 0 / 28 done 1 u 0 0 0 0 0 0 matrices 6 rings 422 seconds 58.6404
job 24 / 28 done 1 u 1 1 1 2 2 2 matrices 7677041 rings 0 seconds 12.984
job 27 / 28 done 1 u 2 2 2 2 2 2 matrices 5 rings 0 seconds 0.000318996
job 25 / 28 done 1 u 1 1 2 2 2 2 matrices 7018035 rings 1 seconds 9.71175
job 7 / 28 done 1 u 0 0 0 1 1 2 matrices 38670103 rings 0 seconds 63.3856
job 26 / 28 done 1 u 1 2 2 2 2 2 matrices 3303872 rings 0 seconds 8.33637
job 8 / 28 done 1 u 0 0 0 1 2 2 matrices 104498418 rings 1 seconds 147.255
job 11 / 28 done 1 u 0 0 1 1 1 2 matrices 150751137 rings 0 seconds 152.233
job 16 / 28 done 1 u 0 1 1 1 1 2 matrices 161049687 rings 0 seconds 194.908
job 19 / 28 done 1 u 0 1 2 2 2 2 matrices 378008734 rings 0 seconds 332.366
job 13 / 28 done 1 u 0 0 1 2 2 2 matrices 419325330 rings 0 seconds 404.866
job 12 / 28 done 1 u 0 0 1 1 2 2 matrices 392211187 rings 0 seconds 440.182
job 17 / 28 done 1 u 0 1 1 1 2 2 matrices 490394121 rings 0 seconds 494.012
job 18 / 28 done 1 u 0 1 1 2 2 2 matrices 667281094 rings 0 seconds 537.346
FINAL rank 8 bound 2 complete 1 jobs 28 / 28 matrices 2876612306 singular 840242 completion_nodes 1506558 classes 469 seconds 545.509 counts 38 431
