job 9 / 715 done 1 u 0 0 0 9 matrices 691 rings 0 seconds 0.149519
job 6 / 715 done 1 u 0 0 0 6 matrices 6150 rings 5 seconds 0.186069
job 3 / 715 done 1 u 0 0 0 3 matrices 53539 rings 319 seconds 0.215683
job 2 / 715 done 1 u 0 0 0 2 matrices 61096 rings 280 seconds 0.218555
job 8 / 715 done 1 u 0 0 0 8 matrices 8383 rings 8 seconds 0.21959
job 7 / 715 done 1 u 0 0 0 7 matrices 2988 rings 0 seconds 0.223199
job 5 / 715 done 1 u 0 0 0 5 matrices 12688 rings 14 seconds 0.246256
job 4 / 715 done 1 u 0 0 0 4 matrices 61769 rings 163 seconds 0.300123
job 1 / 715 done 1 u 0 0 0 1 matrices 123939 rings 875 seconds 0.311168
job 19 / 715 done 1 u 0 0 2 2 matrices 1181547 rings 209 seconds 1.5367
job 10 / 715 done 1 u 0 0 1 1 matrices 3014035 rings 856 seconds 3.5716
job 21 / 715 done 1 u 0 0 2 4 matrices 6963259 rings 100 seconds 7.03462
job 23 / 715 done 1 u 0 0 2 6 matrices 11921528 rings 14 seconds 13.7578
job 0 / 715 done 1 u 0 0 0 0 matrices 20 rings 11275 seconds 23.4164
job 11 / 715 done 1 u 0 0 1 2 matrices 28031003 rings 535 seconds 29.1306
job 25 / 715 done 1 u 0 0 2 8 matrices 12464390 rings 1 seconds 12.7591
job 27 / 715 done 1 u 0 0 3 3 matrices 733391 rings 72 seconds 1.23221
job 12 / 715 done 1 u 0 0 1 3 matrices 72415714 rings 213 seconds 55.1683
job 18 / 715 done 1 u 0 0 1 9 matrices 180799516 rings 1 seconds 128.081
job 13 / 715 done 1 u 0 0 1 4 matrices 131882026 rings 95 seconds 132.934
job 30 / 715 done 1 u 0 0 3 6 matrices 3362919 rings 21 seconds 5.36916
job 20 / 715 done 1 u 0 0 2 3 matrices 150285872 rings 139 seconds 152.985
job 33 / 715 done 1 u 0 0 3 9 matrices 3207939 rings 1 seconds 6.80204
job 34 / 715 done 1 u 0 0 4 4 matrices 808879 rings 138 seconds 2.26095
job 14 / 715 done 1 u 0 0 1 5 matrices 190910758 rings 29 seconds 177.586
job 16 / 715 done 1 u 0 0 1 7 matrices 254313339 rings 7 seconds 186.087
job 36 / 715 done 1 u 0 0 4 6 matrices 23648030 rings 7 seconds 31.6329
job 38 / 715 done 1 u 0 0 4 8 matrices 2783373 rings 11 seconds 6.7757
job 22 / 715 done 1 u 0 0 2 5 matrices 317130871 rings 18 seconds 232.745
job 40 / 715 done 1 u 0 0 5 5 matrices 185527 rings 9 seconds 1.71323
job 17 / 715 done 1 u 0 0 1 8 matrices 242103124 rings 9 seconds 247.844
job 15 / 715 done 1 u 0 0 1 6 matrices 234793763 rings 30 seconds 247.851
job 28 / 715 done 1 u 0 0 3 4 matrices 361917581 rings 49 seconds 249.678
job 26 / 715 done 1 u 0 0 2 9 matrices 339885652 rings 0 seconds 353.031
job 45 / 715 done 1 u 0 0 6 6 matrices 108790 rings 3 seconds 1.22053
job 24 / 715 done 1 u 0 0 2 7 matrices 424173751 rings 2 seconds 459.931
job 29 / 715 done 1 u 0 0 3 5 matrices 472900854 rings 36 seconds 478.907
job 47 / 715 done 1 u 0 0 6 8 matrices 41188171 rings 0 seconds 54.8051
job 49 / 715 done 1 u 0 0 7 7 matrices 47533 rings 0 seconds 1.73296
job 48 / 715 done 1 u 0 0 6 9 matrices 7609851 rings 0 seconds 10.7339
job 32 / 715 done 1 u 0 0 3 8 matrices 626752404 rings 1 seconds 456.011
job 52 / 715 done 1 u 0 0 8 8 matrices 146377 rings 4 seconds 1.68174
job 35 / 715 done 1 u 0 0 4 5 matrices 650859800 rings 20 seconds 622.074
job 54 / 715 done 1 u 0 0 9 9 matrices 16941 rings 0 seconds 1.41129
job 55 / 715 done 1 u 0 1 1 1 matrices 9761371 rings 490 seconds 8.82902
job 31 / 715 done 1 u 0 0 3 7 matrices 631411699 rings 0 seconds 697.728
job 56 / 715 done 1 u 0 1 1 2 matrices 78946721 rings 514 seconds 62.044
job 37 / 715 done 1 u 0 0 4 7 matrices 849017256 rings 12 seconds 727.201
job 57 / 715 done 1 u 0 1 1 3 matrices 154011992 rings 178 seconds 176.059
job 39 / 715 done 1 u 0 0 4 9 matrices 783518387 rings 0 seconds 798.484
job 58 / 715 done 1 u 0 1 1 4 matrices 241767770 rings 68 seconds 183.304
job 41 / 715 done 1 u 0 0 5 6 matrices 965579025 rings 1 seconds 949.937
job 59 / 715 done 1 u 0 1 1 5 matrices 326735766 rings 34 seconds 369.347
job 62 / 715 done 1 u 0 1 1 8 matrices 425792483 rings 5 seconds 317.793
job 61 / 715 done 1 u 0 1 1 7 matrices 432975652 rings 10 seconds 347.62
job 44 / 715 done 1 u 0 0 5 9 matrices 1028846571 rings 0 seconds 1114.39
job 64 / 715 done 1 u 0 1 2 2 matrices 161939715 rings 298 seconds 121.342
job 42 / 715 done 1 u 0 0 5 7 matrices 1071001113 rings 3 seconds 1190.51
job 60 / 715 done 1 u 0 1 1 6 matrices 397341174 rings 16 seconds 449.093
job 43 / 715 done 1 u 0 0 5 8 matrices 1109349510 rings 0 seconds 1255.95
job 46 / 715 done 1 u 0 0 6 7 matrices 1285807831 rings 0 seconds 1162.5
job 63 / 715 done 1 u 0 1 1 9 matrices 347317299 rings 0 seconds 398.799
job 51 / 715 done 1 u 0 0 7 9 matrices 1483594908 rings 0 seconds 1077.81
job 65 / 715 done 1 u 0 1 2 3 matrices 536313329 rings 311 seconds 428.664
job 53 / 715 done 1 u 0 0 8 9 matrices 1667234888 rings 1 seconds 1230.16
job 72 / 715 done 1 u 0 1 3 3 matrices 406424358 rings 82 seconds 455.106
job 66 / 715 done 1 u 0 1 2 4 matrices 768594949 rings 112 seconds 863.703
job 50 / 715 done 1 u 0 0 7 8 matrices 1522651983 rings 0 seconds 1719.27
job 68 / 715 done 1 u 0 1 2 6 matrices 1199086982 rings 20 seconds 865.606
job 67 / 715 done 1 u 0 1 2 5 matrices 1000620442 rings 46 seconds 1021.7
job 73 / 715 done 1 u 0 1 3 4 matrices 1111868990 rings 95 seconds 890.491
job 70 / 715 done 1 u 0 1 2 8 matrices 1296922464 rings 3 seconds 1164.35
job 71 / 715 done 1 u 0 1 2 9 matrices 1119076472 rings 1 seconds 1138.26
job 69 / 715 done 1 u 0 1 2 7 matrices 1313420978 rings 14 seconds 1459.24
job 74 / 715 done 1 u 0 1 3 5 matrices 1410347328 rings 32 seconds 1284.22
job 79 / 715 done 1 u 0 1 4 4 matrices 746468402 rings 25 seconds 844.041
job 75 / 715 done 1 u 0 1 3 6 matrices 1662497435 rings 14 seconds 1420.18
job 80 / 715 done 1 u 0 1 4 5 matrices 1852365389 rings 44 seconds 1336.22
job 76 / 715 done 1 u 0 1 3 7 matrices 1811345945 rings 5 seconds 1810.85
job 77 / 715 done 1 u 0 1 3 8 matrices 1813898783 rings 4 seconds 2044.39
job 78 / 715 done 1 u 0 1 3 9 matrices 1635188383 rings 1 seconds 1852.27
job 85 / 715 done 1 u 0 1 5 5 matrices 1134365639 rings 10 seconds 1280.31
job 81 / 715 done 1 u 0 1 4 6 matrices 2137189697 rings 15 seconds 1921.36
job 84 / 715 done 1 u 0 1 4 9 matrices 2180138711 rings 2 seconds 1763.99
job 82 / 715 done 1 u 0 1 4 7 matrices 2336093692 rings 7 seconds 2123.03
job 83 / 715 done 1 u 0 1 4 8 matrices 2387411710 rings 2 seconds 2337.48
job 90 / 715 done 1 u 0 1 6 6 matrices 1531465459 rings 3 seconds 1421.58
job 86 / 715 done 1 u 0 1 5 6 matrices 2620763595 rings 16 seconds 2909.93
job 88 / 715 done 1 u 0 1 5 8 matrices 2924856773 rings 1 seconds 2677.93
job 100 / 715 done 1 u 0 2 2 2 matrices 2853976 rings 97 seconds 4.29163
job 87 / 715 done 1 u 0 1 5 7 matrices 2879261803 rings 4 seconds 2801.1
job 102 / 715 done 1 u 0 2 2 4 matrices 17807855 rings 56 seconds 19.0703
job 89 / 715 done 1 u 0 1 5 9 matrices 2748028654 rings 2 seconds 2545.53
job 104 / 715 done 1 u 0 2 2 6 matrices 26066485 rings 11 seconds 26.7445
job 101 / 715 done 1 u 0 2 2 3 matrices 419768196 rings 105 seconds 477.971
job 94 / 715 done 1 u 0 1 7 7 matrices 1860970916 rings 5 seconds 2043.5
job 106 / 715 done 1 u 0 2 2 8 matrices 28658471 rings 1 seconds 39.2976
job 103 / 715 done 1 u 0 2 2 5 matrices 726765556 rings 12 seconds 531.658
job 93 / 715 done 1 u 0 1 6 9 matrices 3283580291 rings 0 seconds 2454.82
job 92 / 715 done 1 u 0 1 6 8 matrices 3445653182 rings 1 seconds 2738.09
job 105 / 715 done 1 u 0 2 2 7 matrices 923014917 rings 3 seconds 674.255
job 108 / 715 done 1 u 0 2 3 3 matrices 598709918 rings 90 seconds 677.779
job 97 / 715 done 1 u 0 1 8 8 matrices 2101739965 rings 1 seconds 2369.44
job 107 / 715 done 1 u 0 2 2 9 matrices 830309011 rings 2 seconds 944.962
job 115 / 715 done 1 u 0 2 4 4 matrices 31511022 rings 27 seconds 43.0916
job 109 / 715 done 1 u 0 2 3 4 matrices 1583944987 rings 74 seconds 1200.54
job 117 / 715 done 1 u 0 2 4 6 matrices 88309137 rings 10 seconds 115.459
job 91 / 715 done 1 u 0 1 6 7 matrices 3347465395 rings 2 seconds 3791.78
job 96 / 715 done 1 u 0 1 7 9 matrices 3801532940 rings 0 seconds 3306.7
job 119 / 715 done 1 u 0 2 4 8 matrices 94842227 rings 3 seconds 126.483
job 110 / 715 done 1 u 0 2 3 5 matrices 1953786721 rings 29 seconds 1464.44
job 99 / 715 done 1 u 0 1 9 9 matrices 2199635169 rings 0 seconds 2406.64
job 95 / 715 done 1 u 0 1 7 8 matrices 3883529553 rings 3 seconds 3876.08
job 111 / 715 done 1 u 0 2 3 6 matrices 2243800581 rings 20 seconds 1634.63
job 113 / 715 done 1 u 0 2 3 8 matrices 2461699611 rings 3 seconds 1920.84
job 121 / 715 done 1 u 0 2 5 5 matrices 1481964897 rings 8 seconds 1078.3
job 126 / 715 done 1 u 0 2 6 6 matrices 60350067 rings 4 seconds 55.656
job 128 / 715 done 1 u 0 2 6 8 matrices 133859038 rings 4 seconds 122.136
job 98 / 715 done 1 u 0 1 8 9 matrices 4209262567 rings 0 seconds 4364.38
job 112 / 715 done 1 u 0 2 3 7 matrices 2428309098 rings 6 seconds 2635.05
job 114 / 715 done 1 u 0 2 3 9 matrices 2240452434 rings 0 seconds 2491.09
job 116 / 715 done 1 u 0 2 4 5 matrices 2466782801 rings 22 seconds 2711.5
job 133 / 715 done 1 u 0 2 8 8 matrices 78534200 rings 1 seconds 101.467
job 118 / 715 done 1 u 0 2 4 7 matrices 3063295350 rings 7 seconds 2675.04
job 123 / 715 done 1 u 0 2 5 7 matrices 3639895938 rings 2 seconds 2733.74
job 136 / 715 done 1 u 0 3 3 3 matrices 1641314 rings 58 seconds 3.04351
job 120 / 715 done 1 u 0 2 4 9 matrices 2856862639 rings 1 seconds 3085.84
job 130 / 715 done 1 u 0 2 7 7 matrices 2272695830 rings 0 seconds 1624.04
job 139 / 715 done 1 u 0 3 3 6 matrices 8522342 rings 13 seconds 11.475
job 122 / 715 done 1 u 0 2 5 6 matrices 3383343324 rings 11 seconds 3559.29
job 125 / 715 done 1 u 0 2 5 9 matrices 3464919217 rings 1 seconds 3438.67
job 142 / 715 done 1 u 0 3 3 9 matrices 8802876 rings 1 seconds 15.8385
job 138 / 715 done 1 u 0 3 3 5 matrices 1272943428 rings 4 seconds 925.887
job 137 / 715 done 1 u 0 3 3 4 matrices 1055794746 rings 48 seconds 1195.04
job 140 / 715 done 1 u 0 3 3 7 matrices 1560717646 rings 4 seconds 1200.85
job 124 / 715 done 1 u 0 2 5 8 matrices 3688764772 rings 1 seconds 4214.58
job 127 / 715 done 1 u 0 2 6 7 matrices 4162168862 rings 2 seconds 3670.7
job 135 / 715 done 1 u 0 2 9 9 matrices 2616707034 rings 0 seconds 2716
job 141 / 715 done 1 u 0 3 3 8 matrices 1562147966 rings 0 seconds 1644.67
job 131 / 715 done 1 u 0 2 7 8 matrices 4755104823 rings 1 seconds 3842.16
job 143 / 715 done 1 u 0 3 4 4 matrices 1319803956 rings 34 seconds 1516.67
job 129 / 715 done 1 u 0 2 6 9 matrices 4108526528 rings 0 seconds 4451.01
job 132 / 715 done 1 u 0 2 7 9 matrices 4664028148 rings 0 seconds 4080.54
job 154 / 715 done 1 u 0 3 6 6 matrices 13876825 rings 1 seconds 16.6137
job 144 / 715 done 1 u 0 3 4 5 matrices 3130697632 rings 37 seconds 2425.75
job 134 / 715 done 1 u 0 2 8 9 matrices 5064101657 rings 0 seconds 4217.35
job 157 / 715 done 1 u 0 3 6 9 matrices 30383373 rings 2 seconds 48.839
job 149 / 715 done 1 u 0 3 5 5 matrices 1846685721 rings 6 seconds 1816.49
job 145 / 715 done 1 u 0 3 4 6 matrices 3550356725 rings 11 seconds 3489.18
job 148 / 715 done 1 u 0 3 4 9 matrices 3553148372 rings 0 seconds 3380.51
job 146 / 715 done 1 u 0 3 4 7 matrices 3779713164 rings 4 seconds 4314.3
job 147 / 715 done 1 u 0 3 4 8 matrices 3798229128 rings 1 seconds 4251.77
job 163 / 715 done 1 u 0 3 9 9 matrices 19421188 rings 0 seconds 22.2245
job 164 / 715 done 1 u 0 4 4 4 matrices 1811456 rings 52 seconds 3.15979
job 153 / 715 done 1 u 0 3 5 9 matrices 4251836365 rings 2 seconds 3183.15
job 166 / 715 done 1 u 0 4 4 6 matrices 66151868 rings 1 seconds 60.9473
job 151 / 715 done 1 u 0 3 5 7 matrices 4411825558 rings 4 seconds 3882.3
job 168 / 715 done 1 u 0 4 4 8 matrices 7395473 rings 5 seconds 12.5541
job 150 / 715 done 1 u 0 3 5 6 matrices 4144407143 rings 16 seconds 3936.6
job 158 / 715 done 1 u 0 3 7 7 matrices 2671896194 rings 1 seconds 2809.34
job 155 / 715 done 1 u 0 3 6 7 matrices 4951998628 rings 1 seconds 4428.32
job 167 / 715 done 1 u 0 4 4 7 matrices 2248962860 rings 0 seconds 1605.43
job 152 / 715 done 1 u 0 3 5 8 matrices 4477428726 rings 1 seconds 5092.61
job 165 / 715 done 1 u 0 4 4 5 matrices 1903400869 rings 18 seconds 1776.05
job 175 / 715 done 1 u 0 4 6 6 matrices 84324758 rings 1 seconds 109.692
job 170 / 715 done 1 u 0 4 5 5 matrices 2191210866 rings 15 seconds 1716.02
job 169 / 715 done 1 u 0 4 4 9 matrices 2157932902 rings 0 seconds 1935.34
job 177 / 715 done 1 u 0 4 6 8 matrices 181622041 rings 2 seconds 233.241
job 156 / 715 done 1 u 0 3 6 8 matrices 5099375007 rings 2 seconds 4877.75
job 161 / 715 done 1 u 0 3 8 8 matrices 2914878777 rings 0 seconds 3275.47
job 159 / 715 done 1 u 0 3 7 8 matrices 5556984949 rings 2 seconds 5541.44
job 182 / 715 done 1 u 0 4 8 8 matrices 10292192 rings 1 seconds 18.7323
job 160 / 715 done 1 u 0 3 7 9 matrices 5479333077 rings 0 seconds 5053.8
job 171 / 715 done 1 u 0 4 5 6 matrices 4829809436 rings 12 seconds 3593.28
job 185 / 715 done 1 u 0 5 5 5 matrices 366956 rings 12 seconds 2.41926
job 179 / 715 done 1 u 0 4 7 7 matrices 3051041833 rings 0 seconds 3447.99
job 162 / 715 done 1 u 0 3 8 9 matrices 5861955757 rings 0 seconds 6340.52
job 172 / 715 done 1 u 0 4 5 7 matrices 5130877917 rings 1 seconds 4607.03
job 186 / 715 done 1 u 0 5 5 6 matrices 2727933293 rings 1 seconds 2152.3
job 184 / 715 done 1 u 0 4 9 9 matrices 3385877323 rings 0 seconds 2411.63
job 176 / 715 done 1 u 0 4 6 7 matrices 5696563422 rings 3 seconds 4825.77
job 173 / 715 done 1 u 0 4 5 8 matrices 5254716215 rings 1 seconds 5640.52
job 174 / 715 done 1 u 0 4 5 9 matrices 5050724438 rings 1 seconds 5731.58
job 178 / 715 done 1 u 0 4 6 9 matrices 5701072128 rings 0 seconds 5241.71
job 187 / 715 done 1 u 0 5 5 7 matrices 2897237960 rings 0 seconds 2266.05
job 181 / 715 done 1 u 0 4 7 9 matrices 6217042859 rings 1 seconds 6101.49
job 183 / 715 done 1 u 0 4 8 9 matrices 6583486563 rings 0 seconds 5065.73
job 190 / 715 done 1 u 0 5 6 6 matrices 3001251511 rings 6 seconds 2679.16
job 188 / 715 done 1 u 0 5 5 8 matrices 2965138567 rings 0 seconds 3121.88
job 200 / 715 done 1 u 0 6 6 6 matrices 214110 rings 0 seconds 1.5109
job 180 / 715 done 1 u 0 4 7 8 matrices 6267196742 rings 1 seconds 6906.88
job 189 / 715 done 1 u 0 5 5 9 matrices 2888296768 rings 0 seconds 3289.77
job 202 / 715 done 1 u 0 6 6 8 matrices 110710353 rings 1 seconds 142.338
job 203 / 715 done 1 u 0 6 6 9 matrices 22778606 rings 0 seconds 32.8886
job 194 / 715 done 1 u 0 5 7 7 matrices 3357416759 rings 1 seconds 3829.61
job 199 / 715 done 1 u 0 5 9 9 matrices 3675709779 rings 0 seconds 2855.6
job 207 / 715 done 1 u 0 6 8 8 matrices 121107457 rings 1 seconds 155.624
job 191 / 715 done 1 u 0 5 6 7 matrices 6330382511 rings 3 seconds 5858.45
job 209 / 715 done 1 u 0 6 9 9 matrices 26086698 rings 0 seconds 38.1571
job 210 / 715 done 1 u 0 7 7 7 matrices 103657 rings 4 seconds 1.90835
job 204 / 715 done 1 u 0 6 7 7 matrices 3623225691 rings 4 seconds 2778.55
job 197 / 715 done 1 u 0 5 8 8 matrices 3594224311 rings 0 seconds 4118.38
job 192 / 715 done 1 u 0 5 6 8 matrices 6484941780 rings 5 seconds 6302.41
job 201 / 715 done 1 u 0 6 6 7 matrices 3431793957 rings 2 seconds 3962.35
job 195 / 715 done 1 u 0 5 7 8 matrices 6932837558 rings 4 seconds 5602.34
job 216 / 715 done 1 u 0 8 8 8 matrices 272919 rings 9 seconds 1.92156
job 196 / 715 done 1 u 0 5 7 9 matrices 6875900792 rings 0 seconds 5192.69
job 193 / 715 done 1 u 0 5 6 9 matrices 6370269425 rings 1 seconds 6779.86
job 219 / 715 done 1 u 0 9 9 9 matrices 37719 rings 0 seconds 1.39111
job 220 / 715 done 1 u 1 1 1 1 matrices 3643621 rings 217 seconds 3.58602
job 221 / 715 done 1 u 1 1 1 2 matrices 31001917 rings 187 seconds 24.417
job 222 / 715 done 1 u 1 1 1 3 matrices 53213745 rings 69 seconds 41.6037
job 223 / 715 done 1 u 1 1 1 4 matrices 77159741 rings 19 seconds 57.8442
job 224 / 715 done 1 u 1 1 1 5 matrices 99922439 rings 21 seconds 75.3256
job 225 / 715 done 1 u 1 1 1 6 matrices 119489940 rings 8 seconds 89.8923
job 226 / 715 done 1 u 1 1 1 7 matrices 130390444 rings 7 seconds 98.601
job 227 / 715 done 1 u 1 1 1 8 matrices 127605776 rings 5 seconds 97.6926
job 228 / 715 done 1 u 1 1 1 9 matrices 108640835 rings 0 seconds 81.5969
job 229 / 715 done 1 u 1 1 2 2 matrices 83654555 rings 201 seconds 61.6844
job 230 / 715 done 1 u 1 1 2 3 matrices 255062844 rings 124 seconds 185.855
job 231 / 715 done 1 u 1 1 2 4 matrices 350734546 rings 60 seconds 254.248
job 232 / 715 done 1 u 1 1 2 5 matrices 443516734 rings 20 seconds 320.168
job 212 / 715 done 1 u 0 7 7 9 matrices 3940344995 rings 1 seconds 3476.64
job 213 / 715 done 1 u 0 7 8 8 matrices 4053069670 rings 0 seconds 3021.21
job 233 / 715 done 1 u 1 1 2 6 matrices 518923204 rings 9 seconds 379.121
job 198 / 715 done 1 u 0 5 8 9 matrices 7246033417 rings 3 seconds 7320.41
job 234 / 715 done 1 u 1 1 2 7 matrices 560597268 rings 7 seconds 420.953
job 236 / 715 done 1 u 1 1 2 9 matrices 494640556 rings 6 seconds 367.573
job 235 / 715 done 1 u 1 1 2 8 matrices 554135593 rings 1 seconds 460.653
job 237 / 715 done 1 u 1 1 3 3 matrices 183775211 rings 47 seconds 214.499
job 211 / 715 done 1 u 0 7 7 8 matrices 3951593477 rings 2 seconds 4154.35
job 238 / 715 done 1 u 1 1 3 4 matrices 490144674 rings 26 seconds 358.917
job 239 / 715 done 1 u 1 1 3 5 matrices 606637821 rings 11 seconds 443.215
job 205 / 715 done 1 u 0 6 7 8 matrices 7457174239 rings 2 seconds 7357.47
job 242 / 715 done 1 u 1 1 3 8 matrices 751497338 rings 0 seconds 670.972
job 244 / 715 done 1 u 1 1 4 4 matrices 319118509 rings 16 seconds 369.783
job 240 / 715 done 1 u 1 1 3 6 matrices 694744906 rings 6 seconds 802.345
job 243 / 715 done 1 u 1 1 3 9 matrices 680627306 rings 0 seconds 677.98
job 241 / 715 done 1 u 1 1 3 7 matrices 748145713 rings 1 seconds 868.391
job 218 / 715 done 1 u 0 8 9 9 matrices 4371703211 rings 0 seconds 4268.49
job 215 / 715 done 1 u 0 7 9 9 matrices 4174920492 rings 0 seconds 4483.78
job 245 / 715 done 1 u 1 1 4 5 matrices 770128875 rings 13 seconds 885.13
job 250 / 715 done 1 u 1 1 5 5 matrices 462755034 rings 17 seconds 542.462
job 246 / 715 done 1 u 1 1 4 6 matrices 877733097 rings 5 seconds 796.23
job 217 / 715 done 1 u 0 8 8 9 matrices 4270829290 rings 0 seconds 4895.55
job 247 / 715 done 1 u 1 1 4 7 matrices 947992553 rings 2 seconds 1101.13
job 248 / 715 done 1 u 1 1 4 8 matrices 949347038 rings 1 seconds 1095.31
job 249 / 715 done 1 u 1 1 4 9 matrices 875616629 rings 0 seconds 1022.01
job 255 / 715 done 1 u 1 1 6 6 matrices 598439452 rings 3 seconds 490.43
job 251 / 715 done 1 u 1 1 5 6 matrices 1052207275 rings 5 seconds 967.415
job 253 / 715 done 1 u 1 1 5 8 matrices 1141696621 rings 4 seconds 877.74
job 206 / 715 done 1 u 0 6 7 9 matrices 7473586706 rings 0 seconds 7364.13
job 254 / 715 done 1 u 1 1 5 9 matrices 1061784702 rings 0 seconds 1190.58
job 252 / 715 done 1 u 1 1 5 7 matrices 1130943762 rings 3 seconds 1311.31
job 259 / 715 done 1 u 1 1 7 7 matrices 699559697 rings 2 seconds 811.92
job 265 / 715 done 1 u 1 2 2 2 matrices 89253009 rings 150 seconds 105.022
job 262 / 715 done 1 u 1 1 8 8 matrices 768462195 rings 0 seconds 567.008
job 257 / 715 done 1 u 1 1 6 8 matrices 1311851179 rings 0 seconds 1078.01
job 260 / 715 done 1 u 1 1 7 8 matrices 1451772038 rings 1 seconds 1052.95
job 214 / 715 done 1 u 0 7 8 9 matrices 8224794109 rings 1 seconds 6468.93
job 266 / 715 done 1 u 1 2 2 3 matrices 383273748 rings 155 seconds 447.734
job 264 / 715 done 1 u 1 1 9 9 matrices 785273468 rings 1 seconds 579.434
job 256 / 715 done 1 u 1 1 6 7 matrices 1289481228 rings 3 seconds 1478.7
job 258 / 715 done 1 u 1 1 6 9 matrices 1253467030 rings 0 seconds 1444.73
job 267 / 715 done 1 u 1 2 2 4 matrices 507627681 rings 49 seconds 593.334
job 269 / 715 done 1 u 1 2 2 6 matrices 713762759 rings 7 seconds 527.489
job 268 / 715 done 1 u 1 2 2 5 matrices 625005682 rings 16 seconds 685.045
job 263 / 715 done 1 u 1 1 8 9 matrices 1531045947 rings 0 seconds 1240.87
job 273 / 715 done 1 u 1 2 3 3 matrices 527867586 rings 122 seconds 389.603
job 270 / 715 done 1 u 1 2 2 7 matrices 765226598 rings 5 seconds 567.583
job 261 / 715 done 1 u 1 1 7 9 matrices 1421516645 rings 0 seconds 1630.3
job 208 / 715 done 1 u 0 6 8 9 matrices 7735631505 rings 0 seconds 8287.36
job 272 / 715 done 1 u 1 2 2 9 matrices 692244171 rings 0 seconds 802.549
job 271 / 715 done 1 u 1 2 2 8 matrices 767271430 rings 0 seconds 897.161
job 280 / 715 done 1 u 1 2 4 4 matrices 853498172 rings 23 seconds 629.478
job 274 / 715 done 1 u 1 2 3 4 matrices 1359435297 rings 70 seconds 1236.84
job 278 / 715 done 1 u 1 2 3 8 matrices 1969998190 rings 5 seconds 1474.82
job 286 / 715 done 1 u 1 2 5 5 matrices 1187208814 rings 10 seconds 866.157
job 275 / 715 done 1 u 1 2 3 5 matrices 1632511000 rings 37 seconds 1888.17
job 277 / 715 done 1 u 1 2 3 7 matrices 1978678629 rings 5 seconds 1890.94
job 279 / 715 done 1 u 1 2 3 9 matrices 1804727592 rings 4 seconds 1866.57
job 276 / 715 done 1 u 1 2 3 6 matrices 1843485693 rings 24 seconds 2138.41
job 281 / 715 done 1 u 1 2 4 5 matrices 2018550292 rings 29 seconds 2130.82
job 283 / 715 done 1 u 1 2 4 7 matrices 2410071769 rings 9 seconds 1917.76
job 291 / 715 done 1 u 1 2 6 6 matrices 1473039976 rings 3 seconds 1066.5
job 282 / 715 done 1 u 1 2 4 6 matrices 2275323425 rings 10 seconds 2588.87
job 287 / 715 done 1 u 1 2 5 6 matrices 2650378141 rings 18 seconds 2106.65
job 284 / 715 done 1 u 1 2 4 8 matrices 2412520873 rings 2 seconds 2668.33
job 285 / 715 done 1 u 1 2 4 9 matrices 2232392349 rings 1 seconds 2607.61
job 295 / 715 done 1 u 1 2 7 7 matrices 1686157163 rings 0 seconds 1223.27
job 288 / 715 done 1 u 1 2 5 7 matrices 2816844382 rings 7 seconds 2032.26
job 301 / 715 done 1 u 1 3 3 3 matrices 236037289 rings 16 seconds 175.418
job 302 / 715 done 1 u 1 3 3 4 matrices 881509970 rings 40 seconds 638.237
job 298 / 715 done 1 u 1 2 8 8 matrices 1816248031 rings 0 seconds 1579.57
job 289 / 715 done 1 u 1 2 5 8 matrices 2830662750 rings 4 seconds 3107.87
job 303 / 715 done 1 u 1 3 3 5 matrices 1038487958 rings 5 seconds 1023.8
job 290 / 715 done 1 u 1 2 5 9 matrices 2670654619 rings 0 seconds 3069.17
job 304 / 715 done 1 u 1 3 3 6 matrices 1166861736 rings 5 seconds 844.041
job 292 / 715 done 1 u 1 2 6 7 matrices 3138874450 rings 6 seconds 3245.57
job 300 / 715 done 1 u 1 2 9 9 matrices 1854530963 rings 0 seconds 2159.94
job 294 / 715 done 1 u 1 2 6 9 matrices 3078402380 rings 1 seconds 3254.74
job 308 / 715 done 1 u 1 3 4 4 matrices 1079915487 rings 38 seconds 798.314
job 305 / 715 done 1 u 1 3 3 7 matrices 1233991103 rings 2 seconds 897.835
job 293 / 715 done 1 u 1 2 6 8 matrices 3207161123 rings 1 seconds 3710.29
job 297 / 715 done 1 u 1 2 7 9 matrices 3400156323 rings 0 seconds 2973.42
job 307 / 715 done 1 u 1 3 3 9 matrices 1135501548 rings 0 seconds 1205.31
job 306 / 715 done 1 u 1 3 3 8 matrices 1227150799 rings 1 seconds 1242.87
job 299 / 715 done 1 u 1 2 8 9 matrices 3618967715 rings 0 seconds 3316.33
job 314 / 715 done 1 u 1 3 5 5 matrices 1448498587 rings 5 seconds 1228.89
job 296 / 715 done 1 u 1 2 7 8 matrices 3480557192 rings 0 seconds 3917.34
job 309 / 715 done 1 u 1 3 4 5 matrices 2514194509 rings 27 seconds 2492.18
job 313 / 715 done 1 u 1 3 4 9 matrices 2752018619 rings 0 seconds 2167.99
job 311 / 715 done 1 u 1 3 4 7 matrices 2934370280 rings 10 seconds 2437.18
job 319 / 715 done 1 u 1 3 6 6 matrices 1740900536 rings 4 seconds 1571.61
job 310 / 715 done 1 u 1 3 4 6 matrices 2782078254 rings 9 seconds 2908.81
job 316 / 715 done 1 u 1 3 5 7 matrices 3341070215 rings 4 seconds 2679.17
job 312 / 715 done 1 u 1 3 4 8 matrices 2939291631 rings 4 seconds 3231.47
job 315 / 715 done 1 u 1 3 5 6 matrices 3165546134 rings 12 seconds 3282.65
job 323 / 715 done 1 u 1 3 7 7 matrices 1958161741 rings 1 seconds 1596.73
job 329 / 715 done 1 u 1 4 4 4 matrices 435298673 rings 6 seconds 319.844
job 317 / 715 done 1 u 1 3 5 8 matrices 3375106593 rings 2 seconds 3421.07
job 318 / 715 done 1 u 1 3 5 9 matrices 3227414420 rings 2 seconds 3727.79
job 326 / 715 done 1 u 1 3 8 8 matrices 2079165529 rings 0 seconds 1854.34
job 320 / 715 done 1 u 1 3 6 7 matrices 3672123601 rings 6 seconds 3577.16
job 331 / 715 done 1 u 1 4 4 6 matrices 1623419560 rings 2 seconds 1503.7
job 321 / 715 done 1 u 1 3 6 8 matrices 3736594129 rings 4 seconds 4033.16
job 330 / 715 done 1 u 1 4 4 5 matrices 1485454536 rings 38 seconds 1550.23
job 328 / 715 done 1 u 1 3 9 9 matrices 2116794449 rings 0 seconds 2342.37
job 333 / 715 done 1 u 1 4 4 8 matrices 1723450434 rings 1 seconds 1494.76
job 332 / 715 done 1 u 1 4 4 7 matrices 1707571701 rings 2 seconds 1925.7
job 334 / 715 done 1 u 1 4 4 9 matrices 1644014648 rings 0 seconds 1369.88
job 324 / 715 done 1 u 1 3 7 8 matrices 4002246152 rings 0 seconds 3831.92
job 322 / 715 done 1 u 1 3 6 9 matrices 3625146621 rings 0 seconds 4071.96
job 325 / 715 done 1 u 1 3 7 9 matrices 3928225483 rings 1 seconds 3880.11
job 335 / 715 done 1 u 1 4 5 5 matrices 1675889980 rings 20 seconds 1893.81
job 340 / 715 done 1 u 1 4 6 6 matrices 1981631535 rings 1 seconds 1407.37
job 327 / 715 done 1 u 1 3 8 9 matrices 4148792178 rings 1 seconds 4266.93
job 344 / 715 done 1 u 1 4 7 7 matrices 2183121626 rings 0 seconds 1549.6
job 337 / 715 done 1 u 1 4 5 7 matrices 3822474955 rings 4 seconds 3430.78
job 339 / 715 done 1 u 1 4 5 9 matrices 3733948388 rings 0 seconds 3211.9
job 341 / 715 done 1 u 1 4 6 7 matrices 4153430224 rings 10 seconds 3100.71
job 336 / 715 done 1 u 1 4 5 6 matrices 3636219932 rings 8 seconds 3774.37
job 350 / 715 done 1 u 1 5 5 5 matrices 622670510 rings 20 seconds 443.99
job 347 / 715 done 1 u 1 4 8 8 matrices 2307875045 rings 0 seconds 2302.83
job 342 / 715 done 1 u 1 4 6 8 matrices 4217341659 rings 0 seconds 3841.68
job 338 / 715 done 1 u 1 4 5 8 matrices 3876692760 rings 0 seconds 4416.99
job 349 / 715 done 1 u 1 4 9 9 matrices 2332285242 rings 0 seconds 2520.11
job 345 / 715 done 1 u 1 4 7 8 matrices 4473449069 rings 2 seconds 3853.04
job 343 / 715 done 1 u 1 4 6 9 matrices 4103438585 rings 0 seconds 4673.96
job 352 / 715 done 1 u 1 5 5 7 matrices 2119088197 rings 0 seconds 1978.24
job 351 / 715 done 1 u 1 5 5 6 matrices 2021664037 rings 1 seconds 2247.51
job 355 / 715 done 1 u 1 5 6 6 matrices 2167977074 rings 2 seconds 1912.6
job 354 / 715 done 1 u 1 5 5 9 matrices 2083182973 rings 0 seconds 2080.04
job 346 / 715 done 1 u 1 4 7 9 matrices 4410537826 rings 0 seconds 4631.55
job 353 / 715 done 1 u 1 5 5 8 matrices 2145528532 rings 0 seconds 2316.56
job 365 / 715 done 1 u 1 6 6 6 matrices 776735313 rings 1 seconds 875.118
job 359 / 715 done 1 u 1 5 7 7 matrices 2377613405 rings 1 seconds 2098.39
job 348 / 715 done 1 u 1 4 8 9 matrices 4617661170 rings 0 seconds 5155.28
job 362 / 715 done 1 u 1 5 8 8 matrices 2499695576 rings 0 seconds 1980.69
job 358 / 715 done 1 u 1 5 6 9 matrices 4525716863 rings 1 seconds 3147.82
job 356 / 715 done 1 u 1 5 6 7 matrices 4537742864 rings 5 seconds 3953.88
job 366 / 715 done 1 u 1 6 6 7 matrices 2414032808 rings 5 seconds 2494.2
job 357 / 715 done 1 u 1 5 6 8 matrices 4605361688 rings 4 seconds 4192.26
job 364 / 715 done 1 u 1 5 9 9 matrices 2528284240 rings 0 seconds 2857.57
job 369 / 715 done 1 u 1 6 7 7 matrices 2525726439 rings 1 seconds 2131.27
job 360 / 715 done 1 u 1 5 7 8 matrices 4848803854 rings 1 seconds 3955.01
job 368 / 715 done 1 u 1 6 6 9 matrices 2441304820 rings 0 seconds 2441.23
job 367 / 715 done 1 u 1 6 6 8 matrices 2463479483 rings 2 seconds 2777.75
job 375 / 715 done 1 u 1 7 7 7 matrices 880544868 rings 0 seconds 993.599
job 361 / 715 done 1 u 1 5 7 9 matrices 4811309051 rings 1 seconds 4945.84
job 372 / 715 done 1 u 1 6 8 8 matrices 2625353990 rings 0 seconds 2653.62
job 376 / 715 done 1 u 1 7 7 8 matrices 2676970725 rings 1 seconds 1847.12
job 363 / 715 done 1 u 1 5 8 9 matrices 4960402444 rings 1 seconds 5484.79
job 381 / 715 done 1 u 1 8 8 8 matrices 941779805 rings 0 seconds 1075.07
job 385 / 715 done 1 u 2 2 2 2 matrices 547750 rings 77 seconds 1.39137
job 374 / 715 done 1 u 1 6 9 9 matrices 2665857060 rings 0 seconds 2983.31
job 387 / 715 done 1 u 2 2 2 4 matrices 3779792 rings 17 seconds 5.28953
job 386 / 715 done 1 u 2 2 2 3 matrices 98482726 rings 76 seconds 114.183
job 389 / 715 done 1 u 2 2 2 6 matrices 5177757 rings 3 seconds 6.90312
job 388 / 715 done 1 u 2 2 2 5 matrices 152862202 rings 7 seconds 173.6
job 391 / 715 done 1 u 2 2 2 8 matrices 5362797 rings 3 seconds 7.04379
job 371 / 715 done 1 u 1 6 7 9 matrices 5094755360 rings 1 seconds 3853.21
job 377 / 715 done 1 u 1 7 7 9 matrices 2675821728 rings 0 seconds 2487.02
job 390 / 715 done 1 u 2 2 2 7 matrices 181924180 rings 4 seconds 207.86
job 392 / 715 done 1 u 2 2 2 9 matrices 160722994 rings 0 seconds 181.327
job 393 / 715 done 1 u 2 2 3 3 matrices 198969493 rings 88 seconds 224.179
job 378 / 715 done 1 u 1 7 8 8 matrices 2747624954 rings 0 seconds 2796.34
job 394 / 715 done 1 u 2 2 3 4 matrices 499771229 rings 49 seconds 464.548
job 370 / 715 done 1 u 1 6 7 8 matrices 5164176982 rings 0 seconds 4661.05
job 400 / 715 done 1 u 2 2 4 4 matrices 9460414 rings 17 seconds 10.2776
job 395 / 715 done 1 u 2 2 3 5 matrices 591041038 rings 19 seconds 670.531
job 373 / 715 done 1 u 1 6 8 9 matrices 5286582636 rings 1 seconds 3956.45
job 384 / 715 done 1 u 1 9 9 9 matrices 971641254 rings 0 seconds 1105.86
job 402 / 715 done 1 u 2 2 4 6 matrices 24233784 rings 6 seconds 32.0717
job 404 / 715 done 1 u 2 2 4 8 matrices 25033683 rings 1 seconds 33.9912
job 398 / 715 done 1 u 2 2 3 8 matrices 677749741 rings 4 seconds 490.504
job 396 / 715 done 1 u 2 2 3 6 matrices 658817382 rings 7 seconds 743.834
job 399 / 715 done 1 u 2 2 3 9 matrices 619287399 rings 0 seconds 443.68
job 397 / 715 done 1 u 2 2 3 7 matrices 691265594 rings 0 seconds 776.632
job 401 / 715 done 1 u 2 2 4 5 matrices 721046951 rings 8 seconds 502.126
job 411 / 715 done 1 u 2 2 6 6 matrices 15407603 rings 3 seconds 13.6918
job 380 / 715 done 1 u 1 7 9 9 matrices 2798255011 rings 0 seconds 3126.48
job 413 / 715 done 1 u 2 2 6 8 matrices 31941253 rings 0 seconds 41.0184
job 406 / 715 done 1 u 2 2 5 5 matrices 416809836 rings 3 seconds 469.09
job 383 / 715 done 1 u 1 8 9 9 matrices 2890277422 rings 0 seconds 1987.26
job 382 / 715 done 1 u 1 8 8 9 matrices 2840407304 rings 0 seconds 2403.04
job 407 / 715 done 1 u 2 2 5 6 matrices 907065942 rings 6 seconds 644.301
job 418 / 715 done 1 u 2 2 8 8 matrices 17691055 rings 0 seconds 15.5701
job 405 / 715 done 1 u 2 2 4 9 matrices 758391591 rings 0 seconds 850.905
job 409 / 715 done 1 u 2 2 5 8 matrices 951779490 rings 2 seconds 671.29
job 403 / 715 done 1 u 2 2 4 7 matrices 829748733 rings 2 seconds 928.942
job 421 / 715 done 1 u 2 3 3 3 matrices 173453916 rings 48 seconds 124.568
job 412 / 715 done 1 u 2 2 6 7 matrices 1045003370 rings 1 seconds 723.814
job 415 / 715 done 1 u 2 2 7 7 matrices 552680928 rings 0 seconds 623.603
job 408 / 715 done 1 u 2 2 5 7 matrices 953798445 rings 3 seconds 1071.1
job 410 / 715 done 1 u 2 2 5 9 matrices 895330621 rings 0 seconds 1000.17
job 416 / 715 done 1 u 2 2 7 8 matrices 1112763584 rings 0 seconds 773.034
job 420 / 715 done 1 u 2 2 9 9 matrices 571910663 rings 0 seconds 642.79
job 423 / 715 done 1 u 2 3 3 5 matrices 739619107 rings 11 seconds 524.707
job 414 / 715 done 1 u 2 2 6 9 matrices 1000856538 rings 0 seconds 1117.6
job 424 / 715 done 1 u 2 3 3 6 matrices 818333114 rings 6 seconds 573.293
job 422 / 715 done 1 u 2 3 3 4 matrices 636099407 rings 78 seconds 717.526
job 419 / 715 done 1 u 2 2 8 9 matrices 1130512521 rings 0 seconds 969.886
job 427 / 715 done 1 u 2 3 3 9 matrices 770290947 rings 0 seconds 584.129
job 428 / 715 done 1 u 2 3 4 4 matrices 772474084 rings 45 seconds 544.59
job 417 / 715 done 1 u 2 2 7 9 matrices 1083635903 rings 0 seconds 1211.65
job 425 / 715 done 1 u 2 3 3 7 matrices 847802330 rings 0 seconds 958.851
job 426 / 715 done 1 u 2 3 3 8 matrices 842545833 rings 4 seconds 948.889
job 434 / 715 done 1 u 2 3 5 5 matrices 993703132 rings 8 seconds 1123.02
job 432 / 715 done 1 u 2 3 4 8 matrices 1979724971 rings 3 seconds 1381.16
job 433 / 715 done 1 u 2 3 4 9 matrices 1852091891 rings 2 seconds 1406.19
job 430 / 715 done 1 u 2 3 4 6 matrices 1910042868 rings 17 seconds 1609.1
job 379 / 715 done 1 u 1 7 8 9 matrices 5500284058 rings 1 seconds 5987.44
job 436 / 715 done 1 u 2 3 5 7 matrices 2238988371 rings 6 seconds 1563.89
job 429 / 715 done 1 u 2 3 4 5 matrices 1763995841 rings 36 seconds 1992.44
job 439 / 715 done 1 u 2 3 6 6 matrices 1169309412 rings 5 seconds 1309.08
job 431 / 715 done 1 u 2 3 4 7 matrices 1998440460 rings 6 seconds 2240.82
job 437 / 715 done 1 u 2 3 5 8 matrices 2240927035 rings 3 seconds 1826.61
job 449 / 715 done 1 u 2 4 4 4 matrices 9445237 rings 6 seconds 8.80028
job 435 / 715 done 1 u 2 3 5 6 matrices 2162016619 rings 12 seconds 2394.81
job 451 / 715 done 1 u 2 4 4 6 matrices 34319629 rings 2 seconds 44.1743
job 438 / 715 done 1 u 2 3 5 9 matrices 2120895711 rings 0 seconds 2232.63
job 453 / 715 done 1 u 2 4 4 8 matrices 35103123 rings 0 seconds 45.8488
job 443 / 715 done 1 u 2 3 7 7 matrices 1266725401 rings 0 seconds 1432.27
job 441 / 715 done 1 u 2 3 6 8 matrices 2437320904 rings 5 seconds 1773.64
job 450 / 715 done 1 u 2 4 4 5 matrices 1029191836 rings 23 seconds 974.449
job 446 / 715 done 1 u 2 3 8 8 matrices 1311209121 rings 0 seconds 1316.04
job 440 / 715 done 1 u 2 3 6 7 matrices 2428175384 rings 8 seconds 1884.5
job 442 / 715 done 1 u 2 3 6 9 matrices 2334188024 rings 1 seconds 1922.5
job 460 / 715 done 1 u 2 4 6 6 matrices 40427727 rings 2 seconds 35.7703
job 448 / 715 done 1 u 2 3 9 9 matrices 1291324868 rings 0 seconds 1442.34
job 462 / 715 done 1 u 2 4 6 8 matrices 84364551 rings 1 seconds 106.161
job 447 / 715 done 1 u 2 3 8 9 matrices 2589491018 rings 0 seconds 1944.64
job 454 / 715 done 1 u 2 4 4 9 matrices 1079499650 rings 0 seconds 1210.37
job 452 / 715 done 1 u 2 4 4 7 matrices 1151376499 rings 1 seconds 1279.47
job 455 / 715 done 1 u 2 4 5 5 matrices 1150073394 rings 18 seconds 1302.91
job 467 / 715 done 1 u 2 4 8 8 matrices 44625599 rings 0 seconds 56.3729
job 445 / 715 done 1 u 2 3 7 9 matrices 2493639365 rings 0 seconds 2545.61
job 444 / 715 done 1 u 2 3 7 8 matrices 2565862084 rings 1 seconds 2859.24
job 464 / 715 done 1 u 2 4 7 7 matrices 1415977961 rings 1 seconds 980.333
job 470 / 715 done 1 u 2 5 5 5 matrices 423877563 rings 3 seconds 474.536
job 459 / 715 done 1 u 2 4 5 9 matrices 2433613297 rings 0 seconds 1687.58
job 461 / 715 done 1 u 2 4 6 7 matrices 2717288160 rings 6 seconds 1891.65
job 458 / 715 done 1 u 2 4 5 8 matrices 2539687776 rings 4 seconds 2171.82
job 471 / 715 done 1 u 2 5 5 6 matrices 1352680664 rings 17 seconds 934.174
job 473 / 715 done 1 u 2 5 5 8 matrices 1401409189 rings 1 seconds 968.816
job 456 / 715 done 1 u 2 4 5 6 matrices 2463902432 rings 13 seconds 2743.87
job 469 / 715 done 1 u 2 4 9 9 matrices 1444635617 rings 0 seconds 1603.83
job 457 / 715 done 1 u 2 4 5 7 matrices 2552993516 rings 5 seconds 2853.81
job 465 / 715 done 1 u 2 4 7 8 matrices 2847467919 rings 2 seconds 2131.71
job 474 / 715 done 1 u 2 5 5 9 matrices 1350274881 rings 0 seconds 944.638
job 472 / 715 done 1 u 2 5 5 7 matrices 1394933670 rings 1 seconds 1549.51
job 463 / 715 done 1 u 2 4 6 9 matrices 2638662095 rings 0 seconds 2797.84
job 475 / 715 done 1 u 2 5 6 6 matrices 1437295772 rings 7 seconds 1616.36
job 485 / 715 done 1 u 2 6 6 6 matrices 15744070 rings 1 seconds 19.5954
job 466 / 715 done 1 u 2 4 7 9 matrices 2791274192 rings 1 seconds 3105.6
job 487 / 715 done 1 u 2 6 6 8 matrices 48649616 rings 0 seconds 60.5734
job 482 / 715 done 1 u 2 5 8 8 matrices 1559968029 rings 1 seconds 1084.44
job 468 / 715 done 1 u 2 4 8 9 matrices 2848677454 rings 0 seconds 3204.38
job 484 / 715 done 1 u 2 5 9 9 matrices 1549165409 rings 0 seconds 1082.86
job 479 / 715 done 1 u 2 5 7 7 matrices 1530438307 rings 1 seconds 1692.21
job 492 / 715 done 1 u 2 6 8 8 matrices 51134622 rings 1 seconds 64.0291
job 476 / 715 done 1 u 2 5 6 7 matrices 2956630268 rings 6 seconds 2022.93
job 481 / 715 done 1 u 2 5 7 9 matrices 3015356842 rings 1 seconds 2090.47
job 486 / 715 done 1 u 2 6 6 7 matrices 1564022640 rings 1 seconds 1371.94
job 477 / 715 done 1 u 2 5 6 8 matrices 2976038955 rings 3 seconds 2816.95
job 495 / 715 done 1 u 2 7 7 7 matrices 552566015 rings 3 seconds 566.322
job 478 / 715 done 1 u 2 5 6 9 matrices 2902038692 rings 0 seconds 2857.86
job 489 / 715 done 1 u 2 6 7 7 matrices 1616792283 rings 0 seconds 1486.93
job 488 / 715 done 1 u 2 6 6 9 matrices 1533310615 rings 0 seconds 1699.98
job 501 / 715 done 1 u 2 8 8 8 matrices 17859367 rings 1 seconds 21.7582
job 494 / 715 done 1 u 2 6 9 9 matrices 1649825042 rings 0 seconds 1348.69
job 480 / 715 done 1 u 2 5 7 8 matrices 3094680772 rings 4 seconds 3298.54
job 496 / 715 done 1 u 2 7 7 8 matrices 1679258780 rings 1 seconds 1163.63
job 505 / 715 done 1 u 3 3 3 3 matrices 139526 rings 28 seconds 0.317925
job 506 / 715 done 1 u 3 3 3 4 matrices 129269622 rings 17 seconds 130.676
job 483 / 715 done 1 u 2 5 8 9 matrices 3112907680 rings 1 seconds 3320.87
job 508 / 715 done 1 u 3 3 3 6 matrices 848648 rings 6 seconds 1.10978
job 504 / 715 done 1 u 2 9 9 9 matrices 580947543 rings 2 seconds 500.092
job 507 / 715 done 1 u 3 3 3 5 matrices 149271753 rings 11 seconds 168.171
job 497 / 715 done 1 u 2 7 7 9 matrices 1651400107 rings 2 seconds 1165.17
job 511 / 715 done 1 u 3 3 3 9 matrices 820657 rings 0 seconds 1.38248
job 509 / 715 done 1 u 3 3 3 7 matrices 164932139 rings 0 seconds 114.745
job 510 / 715 done 1 u 3 3 3 8 matrices 161068813 rings 1 seconds 113.69
job 512 / 715 done 1 u 3 3 4 4 matrices 231731951 rings 32 seconds 261.653
job 498 / 715 done 1 u 2 7 8 8 matrices 1694681021 rings 1 seconds 1497.4
job 514 / 715 done 1 u 3 3 4 6 matrices 563640752 rings 9 seconds 389.733
job 503 / 715 done 1 u 2 8 9 9 matrices 1723691018 rings 0 seconds 1186.9
job 491 / 715 done 1 u 2 6 7 9 matrices 3214971830 rings 0 seconds 2781.46
job 500 / 715 done 1 u 2 7 9 9 matrices 1700259015 rings 0 seconds 1627.51
job 513 / 715 done 1 u 3 3 4 5 matrices 520451204 rings 36 seconds 584.176
job 518 / 715 done 1 u 3 3 5 5 matrices 294455971 rings 3 seconds 204.92
job 523 / 715 done 1 u 3 3 6 6 matrices 1971370 rings 2 seconds 2.3463
job 515 / 715 done 1 u 3 3 4 7 matrices 578199684 rings 8 seconds 637.427
job 517 / 715 done 1 u 3 3 4 9 matrices 524943407 rings 0 seconds 369.236
job 526 / 715 done 1 u 3 3 6 9 matrices 3986876 rings 0 seconds 4.57352
job 502 / 715 done 1 u 2 8 8 9 matrices 1722747650 rings 0 seconds 1824.33
job 516 / 715 done 1 u 3 3 4 8 matrices 567600587 rings 0 seconds 636.612
job 519 / 715 done 1 u 3 3 5 6 matrices 631916486 rings 5 seconds 439.071
job 527 / 715 done 1 u 3 3 7 7 matrices 358419683 rings 2 seconds 252.259
job 521 / 715 done 1 u 3 3 5 8 matrices 640608653 rings 2 seconds 453.222
job 532 / 715 done 1 u 3 3 9 9 matrices 2123781 rings 0 seconds 2.37095
job 524 / 715 done 1 u 3 3 6 7 matrices 698708686 rings 4 seconds 492.473
job 533 / 715 done 1 u 3 4 4 4 matrices 180716323 rings 20 seconds 129.715
job 530 / 715 done 1 u 3 3 8 8 matrices 361965843 rings 0 seconds 250.185
job 520 / 715 done 1 u 3 3 5 7 matrices 649796002 rings 1 seconds 655.916
job 522 / 715 done 1 u 3 3 5 9 matrices 593556458 rings 0 seconds 663.792
job 490 / 715 done 1 u 2 6 7 8 matrices 3233682785 rings 4 seconds 3627.88
job 493 / 715 done 1 u 2 6 8 9 matrices 3260092654 rings 0 seconds 3569.82
job 531 / 715 done 1 u 3 3 8 9 matrices 694917475 rings 0 seconds 486.831
job 525 / 715 done 1 u 3 3 6 8 matrices 686120897 rings 3 seconds 761.775
job 528 / 715 done 1 u 3 3 7 8 matrices 715608463 rings 1 seconds 772.009
job 536 / 715 done 1 u 3 4 4 7 matrices 667530321 rings 3 seconds 468.267
job 535 / 715 done 1 u 3 4 4 6 matrices 652524461 rings 7 seconds 494.15
job 529 / 715 done 1 u 3 3 7 9 matrices 689268885 rings 0 seconds 771.473
job 537 / 715 done 1 u 3 4 4 8 matrices 654442542 rings 0 seconds 582.034
job 534 / 715 done 1 u 3 4 4 5 matrices 607455353 rings 50 seconds 675.507
job 539 / 715 done 1 u 3 4 5 5 matrices 676358313 rings 22 seconds 535.613
job 538 / 715 done 1 u 3 4 4 9 matrices 610207744 rings 2 seconds 685.079
job 544 / 715 done 1 u 3 4 6 6 matrices 770461372 rings 9 seconds 534.215
job 499 / 715 done 1 u 2 7 8 9 matrices 3381696083 rings 1 seconds 3377.58
job 548 / 715 done 1 u 3 4 7 7 matrices 805322414 rings 0 seconds 892.522
job 545 / 715 done 1 u 3 4 6 7 matrices 1567230082 rings 10 seconds 1157.24
job 551 / 715 done 1 u 3 4 8 8 matrices 802323529 rings 0 seconds 651.361
job 540 / 715 done 1 u 3 4 5 6 matrices 1439772612 rings 20 seconds 1397.74
job 541 / 715 done 1 u 3 4 5 7 matrices 1476159524 rings 9 seconds 1450.02
job 549 / 715 done 1 u 3 4 7 8 matrices 1608323741 rings 0 seconds 1130.76
job 554 / 715 done 1 u 3 5 5 5 matrices 250406162 rings 1 seconds 179.081
job 542 / 715 done 1 u 3 4 5 8 matrices 1454153869 rings 3 seconds 1554.82
job 543 / 715 done 1 u 3 4 5 9 matrices 1367059761 rings 2 seconds 1470.71
job 547 / 715 done 1 u 3 4 6 9 matrices 1485139796 rings 0 seconds 1379.71
job 546 / 715 done 1 u 3 4 6 8 matrices 1555156469 rings 2 seconds 1737.68
job 556 / 715 done 1 u 3 5 5 7 matrices 808278760 rings 0 seconds 561.231
job 558 / 715 done 1 u 3 5 5 9 matrices 761550847 rings 0 seconds 529.674
job 553 / 715 done 1 u 3 4 9 9 matrices 771221570 rings 0 seconds 855.219
job 559 / 715 done 1 u 3 5 6 6 matrices 836440105 rings 15 seconds 578.352
job 550 / 715 done 1 u 3 4 7 9 matrices 1539523751 rings 3 seconds 1719.4
job 555 / 715 done 1 u 3 5 5 6 matrices 797212858 rings 20 seconds 885.145
job 569 / 715 done 1 u 3 6 6 6 matrices 1902782 rings 2 seconds 2.83812
job 557 / 715 done 1 u 3 5 5 8 matrices 801877297 rings 0 seconds 894.336
job 552 / 715 done 1 u 3 4 8 9 matrices 1566490897 rings 0 seconds 1629.43
job 572 / 715 done 1 u 3 6 6 9 matrices 5654159 rings 0 seconds 8.05879
job 563 / 715 done 1 u 3 5 7 7 matrices 880403987 rings 0 seconds 686.018
job 560 / 715 done 1 u 3 5 6 7 matrices 1715843291 rings 11 seconds 1181.13
job 566 / 715 done 1 u 3 5 8 8 matrices 876713090 rings 1 seconds 973.909
job 568 / 715 done 1 u 3 5 9 9 matrices 847600127 rings 0 seconds 944.965
job 561 / 715 done 1 u 3 5 6 8 matrices 1706561471 rings 1 seconds 1560.16
job 578 / 715 done 1 u 3 6 9 9 matrices 5962415 rings 0 seconds 5.89777
job 570 / 715 done 1 u 3 6 6 7 matrices 913413607 rings 6 seconds 1016.07
job 567 / 715 done 1 u 3 5 8 9 matrices 1706598088 rings 2 seconds 1175.36
job 565 / 715 done 1 u 3 5 7 9 matrices 1687736253 rings 0 seconds 1302.59
job 571 / 715 done 1 u 3 6 6 8 matrices 896710018 rings 0 seconds 998.662
job 579 / 715 done 1 u 3 7 7 7 matrices 315640242 rings 0 seconds 216.926
job 573 / 715 done 1 u 3 6 7 7 matrices 924297342 rings 2 seconds 1025.36
job 562 / 715 done 1 u 3 5 6 9 matrices 1621099000 rings 1 seconds 1794.57
job 564 / 715 done 1 u 3 5 7 8 matrices 1740253753 rings 1 seconds 1612.23
job 585 / 715 done 1 u 3 8 8 8 matrices 319280346 rings 0 seconds 354.124
job 588 / 715 done 1 u 3 9 9 9 matrices 2179992 rings 0 seconds 2.93117
job 589 / 715 done 1 u 4 4 4 4 matrices 72674 rings 13 seconds 0.201567
job 581 / 715 done 1 u 3 7 7 9 matrices 930201925 rings 0 seconds 641.777
job 591 / 715 done 1 u 4 4 4 6 matrices 3276224 rings 0 seconds 3.12
job 590 / 715 done 1 u 4 4 4 5 matrices 101832158 rings 9 seconds 113.06
job 593 / 715 done 1 u 4 4 4 8 matrices 312919 rings 2 seconds 0.6349
job 575 / 715 done 1 u 3 6 7 9 matrices 1791333178 rings 0 seconds 1219.84
job 582 / 715 done 1 u 3 7 8 8 matrices 950726244 rings 0 seconds 655.491
job 592 / 715 done 1 u 4 4 4 7 matrices 109900976 rings 4 seconds 77.708
job 584 / 715 done 1 u 3 7 9 9 matrices 924686074 rings 0 seconds 654.133
job 594 / 715 done 1 u 4 4 4 9 matrices 97171845 rings 0 seconds 107.163
job 576 / 715 done 1 u 3 6 8 8 matrices 926229339 rings 0 seconds 1026.76
job 600 / 715 done 1 u 4 4 6 6 matrices 5874400 rings 2 seconds 7.41414
job 595 / 715 done 1 u 4 4 5 5 matrices 170502737 rings 12 seconds 122.099
job 602 / 715 done 1 u 4 4 6 8 matrices 11574266 rings 1 seconds 10.3408
job 580 / 715 done 1 u 3 7 7 8 matrices 947890799 rings 0 seconds 929.662
job 597 / 715 done 1 u 4 4 5 7 matrices 365628692 rings 7 seconds 251.811
job 604 / 715 done 1 u 4 4 7 7 matrices 200193517 rings 0 seconds 149.12
job 596 / 715 done 1 u 4 4 5 6 matrices 360938763 rings 12 seconds 342.996
job 607 / 715 done 1 u 4 4 8 8 matrices 594871 rings 2 seconds 0.866874
job 603 / 715 done 1 u 4 4 6 9 matrices 354380500 rings 1 seconds 261.507
job 598 / 715 done 1 u 4 4 5 8 matrices 355480659 rings 2 seconds 391.703
job 599 / 715 done 1 u 4 4 5 9 matrices 327969791 rings 0 seconds 361.153
job 574 / 715 done 1 u 3 6 7 8 matrices 1844580521 rings 3 seconds 1887.61
job 605 / 715 done 1 u 4 4 7 8 matrices 390272218 rings 1 seconds 268.893
job 601 / 715 done 1 u 4 4 6 7 matrices 390723764 rings 3 seconds 431.874
job 609 / 715 done 1 u 4 4 9 9 matrices 179877094 rings 0 seconds 132.602
job 586 / 715 done 1 u 3 8 8 9 matrices 939094948 rings 0 seconds 1035.81
job 610 / 715 done 1 u 4 5 5 5 matrices 125759086 rings 13 seconds 139.91
job 608 / 715 done 1 u 4 4 8 9 matrices 369843974 rings 0 seconds 255.723
job 606 / 715 done 1 u 4 4 7 9 matrices 370587007 rings 1 seconds 274.93
job 587 / 715 done 1 u 3 8 9 9 matrices 938978168 rings 1 seconds 1029.7
job 613 / 715 done 1 u 4 5 5 8 matrices 393432301 rings 1 seconds 273.766
job 615 / 715 done 1 u 4 5 6 6 matrices 423506014 rings 15 seconds 313.731
job 611 / 715 done 1 u 4 5 5 6 matrices 397154304 rings 34 seconds 437.535
job 614 / 715 done 1 u 4 5 5 9 matrices 364163206 rings 0 seconds 403.749
job 619 / 715 done 1 u 4 5 7 7 matrices 437193654 rings 2 seconds 324.283
job 625 / 715 done 1 u 4 6 6 6 matrices 4632557 rings 2 seconds 4.24543
job 612 / 715 done 1 u 4 5 5 7 matrices 403473823 rings 3 seconds 448.938
job 627 / 715 done 1 u 4 6 6 8 matrices 13687418 rings 0 seconds 17.132
job 618 / 715 done 1 u 4 5 6 9 matrices 789508124 rings 0 seconds 545.062
job 577 / 715 done 1 u 3 6 8 9 matrices 1817880412 rings 2 seconds 2021.4
job 624 / 715 done 1 u 4 5 9 9 matrices 399535982 rings 0 seconds 284.359
job 622 / 715 done 1 u 4 5 8 8 matrices 428403885 rings 0 seconds 398.671
job 632 / 715 done 1 u 4 6 8 8 matrices 13999536 rings 0 seconds 17.3467
job 626 / 715 done 1 u 4 6 6 7 matrices 455514712 rings 8 seconds 327.22
job 621 / 715 done 1 u 4 5 7 9 matrices 815770089 rings 1 seconds 562.77
job 628 / 715 done 1 u 4 6 6 9 matrices 424638085 rings 0 seconds 472.715
job 583 / 715 done 1 u 3 7 8 9 matrices 1875440714 rings 2 seconds 2077.76
job 629 / 715 done 1 u 4 6 7 7 matrices 467611752 rings 4 seconds 321.988
job 635 / 715 done 1 u 4 7 7 7 matrices 160306437 rings 0 seconds 111.627
job 616 / 715 done 1 u 4 5 6 7 matrices 859862735 rings 8 seconds 940.25
job 617 / 715 done 1 u 4 5 6 8 matrices 835214679 rings 4 seconds 922.603
job 641 / 715 done 1 u 4 8 8 8 matrices 496628 rings 0 seconds 0.833322
job 620 / 715 done 1 u 4 5 7 8 matrices 861791709 rings 1 seconds 947.324
job 634 / 715 done 1 u 4 6 9 9 matrices 430020344 rings 0 seconds 357.238
job 623 / 715 done 1 u 4 5 8 9 matrices 820456836 rings 0 seconds 906.163
job 645 / 715 done 1 u 5 5 5 5 matrices 5240 rings 11 seconds 0.0707624
job 644 / 715 done 1 u 4 9 9 9 matrices 148981065 rings 0 seconds 166.804
job 638 / 715 done 1 u 4 7 8 8 matrices 476856749 rings 2 seconds 326.232
job 640 / 715 done 1 u 4 7 9 9 matrices 450442309 rings 0 seconds 315.797
job 631 / 715 done 1 u 4 6 7 9 matrices 881815396 rings 1 seconds 602.857
job 649 / 715 done 1 u 5 5 5 9 matrices 47438711 rings 0 seconds 33.8271
job 648 / 715 done 1 u 5 5 5 8 matrices 52590400 rings 0 seconds 37.1757
job 646 / 715 done 1 u 5 5 5 6 matrices 54517508 rings 3 seconds 61.1149
job 647 / 715 done 1 u 5 5 5 7 matrices 55185475 rings 0 seconds 61.2048
job 650 / 715 done 1 u 5 5 6 6 matrices 87622652 rings 11 seconds 61.9107
job 652 / 715 done 1 u 5 5 6 8 matrices 169199047 rings 6 seconds 117.88
job 654 / 715 done 1 u 5 5 7 7 matrices 89736001 rings 1 seconds 100.439
job 651 / 715 done 1 u 5 5 6 7 matrices 176401437 rings 6 seconds 124.525
job 637 / 715 done 1 u 4 7 7 9 matrices 460386598 rings 0 seconds 513.212
job 636 / 715 done 1 u 4 7 7 8 matrices 475981138 rings 3 seconds 529.145
job 655 / 715 done 1 u 5 5 7 8 matrices 175148496 rings 2 seconds 121.662
job 642 / 715 done 1 u 4 8 8 9 matrices 465862265 rings 0 seconds 515.722
job 653 / 715 done 1 u 5 5 6 9 matrices 155383356 rings 2 seconds 172.002
job 657 / 715 done 1 u 5 5 8 8 matrices 86638894 rings 0 seconds 95.436
job 660 / 715 done 1 u 5 6 6 6 matrices 62317161 rings 11 seconds 70.2851
job 656 / 715 done 1 u 5 5 7 9 matrices 163023907 rings 0 seconds 114.036
job 659 / 715 done 1 u 5 5 9 9 matrices 76827731 rings 0 seconds 86.0782
job 658 / 715 done 1 u 5 5 8 9 matrices 163125536 rings 0 seconds 114.465
job 643 / 715 done 1 u 4 8 9 9 matrices 455429469 rings 0 seconds 500.781
job 639 / 715 done 1 u 4 7 8 9 matrices 919345262 rings 1 seconds 641.952
job 661 / 715 done 1 u 5 6 6 7 matrices 189199702 rings 23 seconds 131.928
job 670 / 715 done 1 u 5 7 7 7 matrices 67100625 rings 0 seconds 47.9766
job 630 / 715 done 1 u 4 6 7 8 matrices 921706454 rings 3 seconds 1028.27
job 663 / 715 done 1 u 5 6 6 9 matrices 171091863 rings 0 seconds 189.229
job 662 / 715 done 1 u 5 6 6 8 matrices 183527473 rings 1 seconds 203.35
job 633 / 715 done 1 u 4 6 8 9 matrices 887117050 rings 0 seconds 976.687
job 669 / 715 done 1 u 5 6 9 9 matrices 170802500 rings 0 seconds 187.898
job 664 / 715 done 1 u 5 6 7 7 matrices 194163259 rings 12 seconds 216.247
job 671 / 715 done 1 u 5 7 7 8 matrices 198926528 rings 1 seconds 137.752
job 667 / 715 done 1 u 5 6 8 8 matrices 189099823 rings 0 seconds 210.63
job 680 / 715 done 1 u 6 6 6 6 matrices 1304 rings 8 seconds 0.0340893
job 672 / 715 done 1 u 5 7 7 9 matrices 186731827 rings 0 seconds 132.205
job 682 / 715 done 1 u 6 6 6 8 matrices 581902 rings 1 seconds 0.548185
job 683 / 715 done 1 u 6 6 6 9 matrices 109142 rings 0 seconds 0.135732
job 681 / 715 done 1 u 6 6 6 7 matrices 20192349 rings 6 seconds 22.6023
job 676 / 715 done 1 u 5 8 8 8 matrices 66805540 rings 0 seconds 74.0987
job 666 / 715 done 1 u 5 6 7 9 matrices 357119015 rings 0 seconds 246.503
job 687 / 715 done 1 u 6 6 8 8 matrices 910477 rings 0 seconds 0.963426
job 679 / 715 done 1 u 5 9 9 9 matrices 61257280 rings 0 seconds 42.7562
job 689 / 715 done 1 u 6 6 9 9 matrices 181264 rings 0 seconds 0.235816
job 684 / 715 done 1 u 6 6 7 7 matrices 31587115 rings 6 seconds 23.1834
job 668 / 715 done 1 u 5 6 8 9 matrices 355284151 rings 0 seconds 251.353
job 690 / 715 done 1 u 6 7 7 7 matrices 21937634 rings 8 seconds 15.8313
job 688 / 715 done 1 u 6 6 8 9 matrices 55850672 rings 0 seconds 38.7783
job 691 / 715 done 1 u 6 7 7 8 matrices 64860276 rings 8 seconds 46.1189
job 692 / 715 done 1 u 6 7 7 9 matrices 59793354 rings 1 seconds 42.3254
job 696 / 715 done 1 u 6 8 8 8 matrices 654300 rings 0 seconds 0.581137
job 685 / 715 done 1 u 6 6 7 8 matrices 60723079 rings 5 seconds 67.5589
job 686 / 715 done 1 u 6 6 7 9 matrices 55951733 rings 0 seconds 61.948
job 699 / 715 done 1 u 6 9 9 9 matrices 140086 rings 0 seconds 0.215501
job 700 / 715 done 1 u 7 7 7 7 matrices 185 rings 8 seconds 0.0103817
job 693 / 715 done 1 u 6 7 8 8 matrices 64663842 rings 2 seconds 44.7434
job 701 / 715 done 1 u 7 7 7 8 matrices 4758665 rings 1 seconds 5.34484
job 702 / 715 done 1 u 7 7 7 9 matrices 4331014 rings 0 seconds 3.15637
job 703 / 715 done 1 u 7 7 8 8 matrices 7190129 rings 5 seconds 8.07716
job 704 / 715 done 1 u 7 7 8 9 matrices 13227646 rings 0 seconds 9.07653
job 706 / 715 done 1 u 7 8 8 8 matrices 4973756 rings 2 seconds 3.43327
job 705 / 715 done 1 u 7 7 9 9 matrices 6221626 rings 0 seconds 6.66946
job 707 / 715 done 1 u 7 8 8 9 matrices 13887136 rings 0 seconds 9.71396
job 709 / 715 done 1 u 7 9 9 9 matrices 4509087 rings 0 seconds 3.08835
job 710 / 715 done 1 u 8 8 8 8 matrices 217 rings 2 seconds 0.00333503
job 711 / 715 done 1 u 8 8 8 9 matrices 541270 rings 0 seconds 0.378983
job 712 / 715 done 1 u 8 8 9 9 matrices 792895 rings 1 seconds 0.550353
job 713 / 715 done 1 u 8 9 9 9 matrices 536933 rings 1 seconds 0.379255
job 714 / 715 done 1 u 9 9 9 9 matrices 5 rings 0 seconds 0.00160827
job 708 / 715 done 1 u 7 8 9 9 matrices 13535684 rings 0 seconds 15.0402
job 697 / 715 done 1 u 6 8 8 9 matrices 62509260 rings 0 seconds 41.5619
job 673 / 715 done 1 u 5 7 8 8 matrices 197128740 rings 2 seconds 218.746
job 695 / 715 done 1 u 6 7 9 9 matrices 57989515 rings 0 seconds 51.6074
job 675 / 715 done 1 u 5 7 9 9 matrices 182138217 rings 0 seconds 197.644
job 694 / 715 done 1 u 6 7 8 9 matrices 121507098 rings 1 seconds 72.9429
job 698 / 715 done 1 u 6 8 9 9 matrices 60827005 rings 0 seconds 59.7673
job 677 / 715 done 1 u 5 8 8 9 matrices 191715452 rings 1 seconds 167.973
job 678 / 715 done 1 u 5 8 9 9 matrices 187188205 rings 2 seconds 165.282
job 665 / 715 done 1 u 5 6 7 8 matrices 380662913 rings 2 seconds 381.953
job 674 / 715 done 1 u 5 7 8 9 matrices 377729031 rings 1 seconds 270.143
FINAL rank 6 bound 9 complete 1 jobs 715 / 715 matrices 1005550500034 singular 2256456 completion_nodes 3995697 classes 22977 seconds 79397.3 counts 20 102 286 703 1362 2428 3449 6412 8215
