job 8 / 495 done 1 u 0 0 0 8 matrices 2313 rings 6 seconds 0.0769584
job 6 / 495 done 1 u 0 0 0 6 matrices 2993 rings 3 seconds 0.0883117
job 7 / 495 done 1 u 0 0 0 7 matrices 1251 rings 0 seconds 0.0951224
job 3 / 495 done 1 u 0 0 0 3 matrices 30832 rings 238 seconds 0.102724
job 5 / 495 done 1 u 0 0 0 5 matrices 5062 rings 8 seconds 0.109823
job 2 / 495 done 1 u 0 0 0 2 matrices 37108 rings 186 seconds 0.123778
job 4 / 495 done 1 u 0 0 0 4 matrices 31555 rings 101 seconds 0.139022
job 1 / 495 done 1 u 0 0 0 1 matrices 74336 rings 625 seconds 0.296701
job 17 / 495 done 1 u 0 0 2 2 matrices 626540 rings 138 seconds 0.981705
job 9 / 495 done 1 u 0 0 1 1 matrices 1663429 rings 609 seconds 1.88529
job 19 / 495 done 1 u 0 0 2 4 matrices 3427366 rings 49 seconds 4.24197
job 21 / 495 done 1 u 0 0 2 6 matrices 5197502 rings 5 seconds 6.66751
job 10 / 495 done 1 u 0 0 1 2 matrices 14816898 rings 362 seconds 9.60605
job 24 / 495 done 1 u 0 0 3 3 matrices 330538 rings 46 seconds 0.577106
job 23 / 495 done 1 u 0 0 2 8 matrices 4381212 rings 0 seconds 5.95081
job 0 / 495 done 1 u 0 0 0 0 matrices 17 rings 7762 seconds 14.8805
job 27 / 495 done 1 u 0 0 3 6 matrices 1358610 rings 8 seconds 2.38072
job 11 / 495 done 1 u 0 0 1 3 matrices 34581028 rings 145 seconds 23.3536
job 18 / 495 done 1 u 0 0 2 3 matrices 70506894 rings 80 seconds 45.0387
job 30 / 495 done 1 u 0 0 4 4 matrices 368423 rings 77 seconds 0.792161
job 12 / 495 done 1 u 0 0 1 4 matrices 59272149 rings 57 seconds 57.6385
job 13 / 495 done 1 u 0 0 1 5 matrices 79985325 rings 16 seconds 58.2978
job 16 / 495 done 1 u 0 0 1 8 matrices 67625909 rings 6 seconds 64.8888
job 34 / 495 done 1 u 0 0 4 8 matrices 1007039 rings 3 seconds 2.36432
job 35 / 495 done 1 u 0 0 5 5 matrices 74409 rings 4 seconds 0.680538
job 32 / 495 done 1 u 0 0 4 6 matrices 10450528 rings 2 seconds 12.4294
job 15 / 495 done 1 u 0 0 1 7 matrices 89027437 rings 4 seconds 74.9276
job 14 / 495 done 1 u 0 0 1 6 matrices 94190342 rings 20 seconds 92.1596
job 39 / 495 done 1 u 0 0 6 6 matrices 45824 rings 1 seconds 0.506644
job 25 / 495 done 1 u 0 0 3 4 matrices 163438557 rings 29 seconds 102.139
job 41 / 495 done 1 u 0 0 6 8 matrices 16171953 rings 0 seconds 13.781
job 42 / 495 done 1 u 0 0 7 7 matrices 21302 rings 0 seconds 0.632568
job 20 / 495 done 1 u 0 0 2 5 matrices 137733384 rings 11 seconds 133.611
job 44 / 495 done 1 u 0 0 8 8 matrices 51581 rings 1 seconds 0.740085
job 45 / 495 done 1 u 0 1 1 1 matrices 5064141 rings 315 seconds 6.14344
job 22 / 495 done 1 u 0 0 2 7 matrices 157999820 rings 1 seconds 156.241
job 29 / 495 done 1 u 0 0 3 8 matrices 215697173 rings 1 seconds 139.952
job 46 / 495 done 1 u 0 1 1 2 matrices 39166831 rings 344 seconds 44.2763
job 26 / 495 done 1 u 0 0 3 5 matrices 207148701 rings 21 seconds 187.395
job 47 / 495 done 1 u 0 1 1 3 matrices 72039907 rings 109 seconds 79.4902
job 48 / 495 done 1 u 0 1 1 4 matrices 108557308 rings 35 seconds 79.1897
job 28 / 495 done 1 u 0 0 3 7 matrices 241332725 rings 0 seconds 247.853
job 31 / 495 done 1 u 0 0 4 5 matrices 277696604 rings 14 seconds 226.123
job 50 / 495 done 1 u 0 1 1 6 matrices 164580005 rings 10 seconds 119.647
job 49 / 495 done 1 u 0 1 1 5 matrices 141485765 rings 20 seconds 154.279
job 52 / 495 done 1 u 0 1 1 8 matrices 136865020 rings 4 seconds 99.9857
job 53 / 495 done 1 u 0 1 2 2 matrices 77478280 rings 206 seconds 86.5309
job 33 / 495 done 1 u 0 0 4 7 matrices 334628601 rings 3 seconds 305.929
job 37 / 495 done 1 u 0 0 5 7 matrices 419783340 rings 1 seconds 321.253
job 51 / 495 done 1 u 0 1 1 7 matrices 161072465 rings 8 seconds 177.456
job 36 / 495 done 1 u 0 0 5 6 matrices 403473099 rings 1 seconds 436.777
job 38 / 495 done 1 u 0 0 5 8 matrices 406267553 rings 0 seconds 446.386
job 43 / 495 done 1 u 0 0 7 8 matrices 558579346 rings 0 seconds 398.655
job 60 / 495 done 1 u 0 1 3 3 matrices 185559028 rings 50 seconds 137.858
job 40 / 495 done 1 u 0 0 6 7 matrices 504510450 rings 0 seconds 439.631
job 54 / 495 done 1 u 0 1 2 3 matrices 248929645 rings 189 seconds 284.465
job 56 / 495 done 1 u 0 1 2 5 matrices 438738917 rings 23 seconds 369.551
job 55 / 495 done 1 u 0 1 2 4 matrices 352810480 rings 59 seconds 402.671
job 57 / 495 done 1 u 0 1 2 6 matrices 500472580 rings 12 seconds 504.707
job 59 / 495 done 1 u 0 1 2 8 matrices 447177083 rings 1 seconds 514.584
job 66 / 495 done 1 u 0 1 4 4 matrices 328751816 rings 11 seconds 351.781
job 58 / 495 done 1 u 0 1 2 7 matrices 506279039 rings 3 seconds 574.562
job 61 / 495 done 1 u 0 1 3 4 matrices 501353421 rings 52 seconds 581.402
job 65 / 495 done 1 u 0 1 3 8 matrices 645627668 rings 1 seconds 481.006
job 64 / 495 done 1 u 0 1 3 7 matrices 714365914 rings 1 seconds 529.6
job 62 / 495 done 1 u 0 1 3 5 matrices 610803445 rings 15 seconds 661.832
job 67 / 495 done 1 u 0 1 4 5 matrices 801305580 rings 26 seconds 755.674
job 63 / 495 done 1 u 0 1 3 6 matrices 699234381 rings 8 seconds 815.966
job 68 / 495 done 1 u 0 1 4 6 matrices 905221210 rings 7 seconds 668.39
job 71 / 495 done 1 u 0 1 5 5 matrices 482711741 rings 6 seconds 562.704
job 81 / 495 done 1 u 0 2 2 2 matrices 1439954 rings 63 seconds 2.12575
job 75 / 495 done 1 u 0 1 6 6 matrices 630009648 rings 0 seconds 463.963
job 83 / 495 done 1 u 0 2 2 4 matrices 8492979 rings 30 seconds 8.98985
job 82 / 495 done 1 u 0 2 2 3 matrices 195484861 rings 57 seconds 226.203
job 85 / 495 done 1 u 0 2 2 6 matrices 11702835 rings 5 seconds 15.784
job 84 / 495 done 1 u 0 2 2 5 matrices 318394713 rings 8 seconds 234.498
job 87 / 495 done 1 u 0 2 2 8 matrices 10826552 rings 0 seconds 11.1223
job 73 / 495 done 1 u 0 1 5 7 matrices 1141787827 rings 1 seconds 837.238
job 69 / 495 done 1 u 0 1 4 7 matrices 924515512 rings 1 seconds 1070.88
job 70 / 495 done 1 u 0 1 4 8 matrices 879751634 rings 0 seconds 1018.62
job 88 / 495 done 1 u 0 2 3 3 matrices 276384134 rings 55 seconds 203.419
job 74 / 495 done 1 u 0 1 5 8 matrices 1084129391 rings 1 seconds 935.924
job 80 / 495 done 1 u 0 1 8 8 matrices 763964077 rings 1 seconds 558.403
job 94 / 495 done 1 u 0 2 4 4 matrices 14743702 rings 12 seconds 14.6199
job 86 / 495 done 1 u 0 2 2 7 matrices 366802214 rings 1 seconds 424.959
job 78 / 495 done 1 u 0 1 7 7 matrices 717355068 rings 2 seconds 832.167
job 72 / 495 done 1 u 0 1 5 6 matrices 1090100817 rings 7 seconds 1274.98
job 96 / 495 done 1 u 0 2 4 6 matrices 38637093 rings 3 seconds 52.7605
job 98 / 495 done 1 u 0 2 4 8 matrices 37760461 rings 1 seconds 52.6244
job 89 / 495 done 1 u 0 2 3 4 matrices 709427704 rings 31 seconds 521.919
job 77 / 495 done 1 u 0 1 6 8 matrices 1291393593 rings 0 seconds 1370.77
job 76 / 495 done 1 u 0 1 6 7 matrices 1323585167 rings 1 seconds 1517
job 103 / 495 done 1 u 0 2 6 6 matrices 25922283 rings 0 seconds 35.2456
job 92 / 495 done 1 u 0 2 3 7 matrices 965219012 rings 1 seconds 715.549
job 105 / 495 done 1 u 0 2 6 8 matrices 53638710 rings 2 seconds 51.1179
job 95 / 495 done 1 u 0 2 4 5 matrices 1068709566 rings 11 seconds 782.7
job 93 / 495 done 1 u 0 2 3 8 matrices 906947379 rings 0 seconds 814.374
job 90 / 495 done 1 u 0 2 3 5 matrices 855952174 rings 12 seconds 990.754
job 109 / 495 done 1 u 0 3 3 3 matrices 726770 rings 38 seconds 1.75188
job 108 / 495 done 1 u 0 2 8 8 matrices 30835528 rings 0 seconds 41.2337
job 99 / 495 done 1 u 0 2 5 5 matrices 629549091 rings 6 seconds 730.785
job 112 / 495 done 1 u 0 3 3 6 matrices 3448431 rings 7 seconds 7.1289
job 91 / 495 done 1 u 0 2 3 6 matrices 956578785 rings 12 seconds 1110.08
job 79 / 495 done 1 u 0 1 7 8 matrices 1457634902 rings 1 seconds 1694.06
job 97 / 495 done 1 u 0 2 4 7 matrices 1225904334 rings 1 seconds 1059.07
job 110 / 495 done 1 u 0 3 3 4 matrices 468651480 rings 33 seconds 545.294
job 106 / 495 done 1 u 0 2 7 7 matrices 885119189 rings 0 seconds 643.331
job 101 / 495 done 1 u 0 2 5 7 matrices 1446839887 rings 2 seconds 1082.84
job 111 / 495 done 1 u 0 3 3 5 matrices 551683698 rings 3 seconds 650.294
job 113 / 495 done 1 u 0 3 3 7 matrices 622001531 rings 1 seconds 722.349
job 114 / 495 done 1 u 0 3 3 8 matrices 582424397 rings 0 seconds 678.855
job 115 / 495 done 1 u 0 3 4 4 matrices 578410208 rings 26 seconds 678.488
job 100 / 495 done 1 u 0 2 5 6 matrices 1408661347 rings 4 seconds 1654.32
job 124 / 495 done 1 u 0 3 6 6 matrices 5010612 rings 0 seconds 9.12764
job 102 / 495 done 1 u 0 2 5 8 matrices 1389290028 rings 0 seconds 1605.51
job 107 / 495 done 1 u 0 2 7 8 matrices 1778590043 rings 0 seconds 1421.78
job 120 / 495 done 1 u 0 3 5 5 matrices 774714248 rings 1 seconds 907.551
job 104 / 495 done 1 u 0 2 6 7 matrices 1646674843 rings 0 seconds 1742.5
job 119 / 495 done 1 u 0 3 4 8 matrices 1432979769 rings 1 seconds 1081.46
job 130 / 495 done 1 u 0 4 4 4 matrices 775269 rings 23 seconds 1.41261
job 118 / 495 done 1 u 0 3 4 7 matrices 1507376571 rings 1 seconds 1128.79
job 132 / 495 done 1 u 0 4 4 6 matrices 28747966 rings 0 seconds 28.4979
job 116 / 495 done 1 u 0 3 4 5 matrices 1339469343 rings 18 seconds 1347.7
job 134 / 495 done 1 u 0 4 4 8 matrices 2897968 rings 2 seconds 6.89528
job 117 / 495 done 1 u 0 3 4 6 matrices 1485406719 rings 5 seconds 1249.76
job 123 / 495 done 1 u 0 3 5 8 matrices 1707054344 rings 0 seconds 1286.32
job 131 / 495 done 1 u 0 4 4 5 matrices 806244006 rings 3 seconds 855.854
job 121 / 495 done 1 u 0 3 5 6 matrices 1706765139 rings 13 seconds 1688.61
job 129 / 495 done 1 u 0 3 8 8 matrices 1091326884 rings 0 seconds 987.584
job 127 / 495 done 1 u 0 3 7 7 matrices 1034440230 rings 0 seconds 1184.04
job 139 / 495 done 1 u 0 4 6 6 matrices 35630903 rings 0 seconds 32.2399
job 141 / 495 done 1 u 0 4 6 8 matrices 73610109 rings 1 seconds 65.0212
job 133 / 495 done 1 u 0 4 4 7 matrices 896526791 rings 0 seconds 1013.54
job 144 / 495 done 1 u 0 4 8 8 matrices 4174665 rings 0 seconds 8.97796
job 145 / 495 done 1 u 0 5 5 5 matrices 148444 rings 11 seconds 1.01381
job 135 / 495 done 1 u 0 4 5 5 matrices 904486321 rings 3 seconds 1028.24
job 122 / 495 done 1 u 0 3 5 7 matrices 1748595835 rings 1 seconds 1956.23
job 126 / 495 done 1 u 0 3 6 8 matrices 1928521132 rings 0 seconds 1540.92
job 125 / 495 done 1 u 0 3 6 7 matrices 1952368876 rings 1 seconds 2245.7
job 142 / 495 done 1 u 0 4 7 7 matrices 1167565217 rings 0 seconds 834.073
job 136 / 495 done 1 u 0 4 5 6 matrices 1966693904 rings 6 seconds 1839.88
job 149 / 495 done 1 u 0 5 6 6 matrices 1188403393 rings 1 seconds 842.628
job 148 / 495 done 1 u 0 5 5 8 matrices 1119604057 rings 0 seconds 942.803
job 147 / 495 done 1 u 0 5 5 7 matrices 1133230045 rings 0 seconds 1032.52
job 155 / 495 done 1 u 0 6 6 6 matrices 81588 rings 0 seconds 0.564292
job 128 / 495 done 1 u 0 3 7 8 matrices 2082069791 rings 2 seconds 2427.04
job 146 / 495 done 1 u 0 5 5 6 matrices 1103693836 rings 1 seconds 1300.62
job 157 / 495 done 1 u 0 6 6 8 matrices 44538334 rings 0 seconds 57.4743
job 137 / 495 done 1 u 0 4 5 7 matrices 2036795788 rings 0 seconds 2211.56
job 160 / 495 done 1 u 0 6 8 8 matrices 48194930 rings 0 seconds 62.5864
job 161 / 495 done 1 u 0 7 7 7 matrices 41649 rings 2 seconds 0.833789
job 143 / 495 done 1 u 0 4 7 8 matrices 2376591279 rings 1 seconds 1893.78
job 152 / 495 done 1 u 0 5 7 7 matrices 1288973914 rings 0 seconds 1042.03
job 164 / 495 done 1 u 0 8 8 8 matrices 111740 rings 4 seconds 0.705779
job 165 / 495 done 1 u 1 1 1 1 matrices 1682630 rings 141 seconds 1.54873
job 166 / 495 done 1 u 1 1 1 2 matrices 13866137 rings 127 seconds 10.7277
job 167 / 495 done 1 u 1 1 1 3 matrices 22902471 rings 42 seconds 17.9103
job 168 / 495 done 1 u 1 1 1 4 matrices 32786174 rings 12 seconds 24.1274
job 169 / 495 done 1 u 1 1 1 5 matrices 40637008 rings 15 seconds 30.5635
job 156 / 495 done 1 u 0 6 6 7 matrices 1327522865 rings 0 seconds 940.508
job 170 / 495 done 1 u 1 1 1 6 matrices 46241395 rings 5 seconds 34.7539
job 138 / 495 done 1 u 0 4 5 8 matrices 1982411436 rings 1 seconds 2280.73
job 171 / 495 done 1 u 1 1 1 7 matrices 46361877 rings 6 seconds 34.4389
job 172 / 495 done 1 u 1 1 1 8 matrices 40270940 rings 0 seconds 30.7442
job 173 / 495 done 1 u 1 1 2 2 matrices 37046348 rings 132 seconds 46.9564
job 140 / 495 done 1 u 0 4 6 7 matrices 2226463476 rings 0 seconds 2325.67
job 175 / 495 done 1 u 1 1 2 4 matrices 148530407 rings 31 seconds 112.09
job 174 / 495 done 1 u 1 1 2 3 matrices 110846257 rings 84 seconds 133.836
job 177 / 495 done 1 u 1 1 2 6 matrices 205332895 rings 4 seconds 153.069
job 176 / 495 done 1 u 1 1 2 5 matrices 181721664 rings 5 seconds 218.454
job 180 / 495 done 1 u 1 1 3 3 matrices 79426301 rings 26 seconds 58.9961
job 178 / 495 done 1 u 1 1 2 7 matrices 206121211 rings 4 seconds 153.066
job 179 / 495 done 1 u 1 1 2 8 matrices 183731000 rings 0 seconds 216.601
job 182 / 495 done 1 u 1 1 3 5 matrices 248044351 rings 5 seconds 184.107
job 150 / 495 done 1 u 0 5 6 7 matrices 2446617982 rings 0 seconds 1963.75
job 183 / 495 done 1 u 1 1 3 6 matrices 275616811 rings 2 seconds 204.925
job 154 / 495 done 1 u 0 5 8 8 matrices 1333297321 rings 0 seconds 1538.91
job 181 / 495 done 1 u 1 1 3 4 matrices 206301729 rings 14 seconds 240.191
job 186 / 495 done 1 u 1 1 4 4 matrices 132784782 rings 3 seconds 137.152
job 185 / 495 done 1 u 1 1 3 8 matrices 256925317 rings 0 seconds 190.06
job 184 / 495 done 1 u 1 1 3 7 matrices 277780758 rings 1 seconds 325.749
job 187 / 495 done 1 u 1 1 4 5 matrices 311781062 rings 6 seconds 227.242
job 191 / 495 done 1 u 1 1 5 5 matrices 183782692 rings 5 seconds 134.775
job 151 / 495 done 1 u 0 5 6 8 matrices 2467421300 rings 0 seconds 2260
job 158 / 495 done 1 u 0 6 7 7 matrices 1372083662 rings 4 seconds 1622.69
job 188 / 495 done 1 u 1 1 4 6 matrices 344873888 rings 3 seconds 396.588
job 189 / 495 done 1 u 1 1 4 7 matrices 353658758 rings 2 seconds 410.025
job 195 / 495 done 1 u 1 1 6 6 matrices 228395526 rings 0 seconds 166.292
job 190 / 495 done 1 u 1 1 4 8 matrices 328314934 rings 0 seconds 384.399
job 193 / 495 done 1 u 1 1 5 7 matrices 418531570 rings 1 seconds 303.52
job 201 / 495 done 1 u 1 2 2 2 matrices 39733834 rings 92 seconds 30.4576
job 194 / 495 done 1 u 1 1 5 8 matrices 396961549 rings 0 seconds 286.823
job 192 / 495 done 1 u 1 1 5 6 matrices 408050653 rings 3 seconds 474.729
job 153 / 495 done 1 u 0 5 7 8 matrices 2577533262 rings 1 seconds 2225.1
job 202 / 495 done 1 u 1 2 2 3 matrices 166706134 rings 102 seconds 123.533
job 162 / 495 done 1 u 0 7 7 8 matrices 1461311047 rings 2 seconds 1515.66
job 198 / 495 done 1 u 1 1 7 7 matrices 251495872 rings 2 seconds 290.347
job 163 / 495 done 1 u 0 7 8 8 matrices 1494786279 rings 0 seconds 1519.2
job 197 / 495 done 1 u 1 1 6 8 matrices 460684817 rings 0 seconds 369.978
job 200 / 495 done 1 u 1 1 8 8 matrices 261216513 rings 0 seconds 304.836
job 203 / 495 done 1 u 1 2 2 4 matrices 216578407 rings 25 seconds 247.856
job 199 / 495 done 1 u 1 1 7 8 matrices 502290187 rings 0 seconds 363.597
job 206 / 495 done 1 u 1 2 2 7 matrices 285819186 rings 4 seconds 211.623
job 196 / 495 done 1 u 1 1 6 7 matrices 472704204 rings 0 seconds 581.986
job 208 / 495 done 1 u 1 2 3 3 matrices 227277146 rings 69 seconds 261.76
job 204 / 495 done 1 u 1 2 2 5 matrices 259458036 rings 5 seconds 314.534
job 205 / 495 done 1 u 1 2 2 6 matrices 285165757 rings 4 seconds 330.668
job 207 / 495 done 1 u 1 2 2 8 matrices 263939680 rings 0 seconds 308.596
job 214 / 495 done 1 u 1 2 4 4 matrices 353699012 rings 15 seconds 257.509
job 210 / 495 done 1 u 1 2 3 5 matrices 669187422 rings 24 seconds 488.256
job 209 / 495 done 1 u 1 2 3 4 matrices 574842556 rings 42 seconds 549.568
job 213 / 495 done 1 u 1 2 3 8 matrices 686311196 rings 1 seconds 498.929
job 212 / 495 done 1 u 1 2 3 7 matrices 742065595 rings 4 seconds 703.197
job 211 / 495 done 1 u 1 2 3 6 matrices 732454592 rings 12 seconds 723.469
job 219 / 495 done 1 u 1 2 5 5 matrices 469960419 rings 5 seconds 549.206
job 159 / 495 done 1 u 0 6 7 8 matrices 2781751465 rings 1 seconds 3144.02
job 220 / 495 done 1 u 1 2 5 6 matrices 1025215075 rings 10 seconds 738.542
job 215 / 495 done 1 u 1 2 4 5 matrices 816003608 rings 16 seconds 969.606
job 218 / 495 done 1 u 1 2 4 8 matrices 848742392 rings 0 seconds 974.709
job 217 / 495 done 1 u 1 2 4 7 matrices 903947967 rings 3 seconds 1003.55
job 223 / 495 done 1 u 1 2 6 6 matrices 559726853 rings 1 seconds 615.029
job 221 / 495 done 1 u 1 2 5 7 matrices 1046057246 rings 5 seconds 745.506
job 216 / 495 done 1 u 1 2 4 6 matrices 897200028 rings 6 seconds 1045.97
job 229 / 495 done 1 u 1 3 3 3 matrices 100105564 rings 7 seconds 118.895
job 226 / 495 done 1 u 1 2 7 7 matrices 607419419 rings 0 seconds 707.995
job 222 / 495 done 1 u 1 2 5 8 matrices 1005316780 rings 1 seconds 1001.99
job 228 / 495 done 1 u 1 2 8 8 matrices 629883647 rings 0 seconds 454.467
job 225 / 495 done 1 u 1 2 6 8 matrices 1127786254 rings 0 seconds 806.782
job 233 / 495 done 1 u 1 3 3 7 matrices 464011966 rings 1 seconds 367.19
job 230 / 495 done 1 u 1 3 3 4 matrices 367156801 rings 23 seconds 422.286
job 234 / 495 done 1 u 1 3 3 8 matrices 432307359 rings 0 seconds 416.248
job 231 / 495 done 1 u 1 3 3 5 matrices 422617522 rings 3 seconds 501.643
job 232 / 495 done 1 u 1 3 3 6 matrices 460058743 rings 3 seconds 535.567
job 235 / 495 done 1 u 1 3 4 4 matrices 442448268 rings 27 seconds 519.384
job 227 / 495 done 1 u 1 2 7 8 matrices 1214712299 rings 0 seconds 876.266
job 224 / 495 done 1 u 1 2 6 7 matrices 1154774207 rings 0 seconds 1347.31
job 240 / 495 done 1 u 1 3 5 5 matrices 564876650 rings 2 seconds 650.954
job 238 / 495 done 1 u 1 3 4 7 matrices 1097394922 rings 3 seconds 864.92
job 239 / 495 done 1 u 1 3 4 8 matrices 1046431260 rings 0 seconds 879.355
job 236 / 495 done 1 u 1 3 4 5 matrices 1005521902 rings 16 seconds 1012.27
job 244 / 495 done 1 u 1 3 6 6 matrices 653990428 rings 1 seconds 753.558
job 242 / 495 done 1 u 1 3 5 7 matrices 1239350254 rings 1 seconds 888.343
job 250 / 495 done 1 u 1 4 4 4 matrices 176179448 rings 4 seconds 207.142
job 241 / 495 done 1 u 1 3 5 6 matrices 1212005737 rings 9 seconds 1067.92
job 237 / 495 done 1 u 1 3 4 6 matrices 1084488339 rings 3 seconds 1245.37
job 251 / 495 done 1 u 1 4 4 5 matrices 582085822 rings 13 seconds 418.704
job 247 / 495 done 1 u 1 3 7 7 matrices 701538330 rings 0 seconds 815.04
job 246 / 495 done 1 u 1 3 6 8 matrices 1321785922 rings 1 seconds 949.632
job 253 / 495 done 1 u 1 4 4 7 matrices 635625489 rings 1 seconds 517.154
job 243 / 495 done 1 u 1 3 5 8 matrices 1195177615 rings 1 seconds 1393.5
job 255 / 495 done 1 u 1 4 5 5 matrices 645935550 rings 6 seconds 463.109
job 254 / 495 done 1 u 1 4 4 8 matrices 610970603 rings 0 seconds 536.812
job 252 / 495 done 1 u 1 4 4 6 matrices 625168515 rings 1 seconds 723.472
job 249 / 495 done 1 u 1 3 8 8 matrices 715138529 rings 0 seconds 832.478
job 245 / 495 done 1 u 1 3 6 7 matrices 1346284186 rings 2 seconds 1594.33
job 259 / 495 done 1 u 1 4 6 6 matrices 735741669 rings 1 seconds 527.498
job 265 / 495 done 1 u 1 5 5 5 matrices 237761043 rings 0 seconds 276.845
job 262 / 495 done 1 u 1 4 7 7 matrices 785816480 rings 0 seconds 590.634
job 248 / 495 done 1 u 1 3 7 8 matrices 1410991560 rings 0 seconds 1631.08
job 257 / 495 done 1 u 1 4 5 7 matrices 1403410188 rings 2 seconds 1004.01
job 267 / 495 done 1 u 1 5 5 7 matrices 768205152 rings 0 seconds 675.043
job 264 / 495 done 1 u 1 4 8 8 matrices 798283394 rings 0 seconds 914.791
job 268 / 495 done 1 u 1 5 5 8 matrices 761384325 rings 0 seconds 645.624
job 260 / 495 done 1 u 1 4 6 7 matrices 1510546389 rings 3 seconds 1146.36
job 256 / 495 done 1 u 1 4 5 6 matrices 1378254704 rings 4 seconds 1465.5
job 266 / 495 done 1 u 1 5 5 6 matrices 751414902 rings 1 seconds 903.488
job 275 / 495 done 1 u 1 6 6 6 matrices 282534627 rings 0 seconds 202.261
job 269 / 495 done 1 u 1 5 6 6 matrices 797808072 rings 0 seconds 703.119
job 258 / 495 done 1 u 1 4 5 8 matrices 1373616663 rings 0 seconds 1607.27
job 274 / 495 done 1 u 1 5 8 8 matrices 859410691 rings 0 seconds 611.121
job 276 / 495 done 1 u 1 6 6 7 matrices 862820167 rings 2 seconds 610.872
job 261 / 495 done 1 u 1 4 6 8 matrices 1500427726 rings 0 seconds 1792.19
job 263 / 495 done 1 u 1 4 7 8 matrices 1556608028 rings 1 seconds 1775.14
job 281 / 495 done 1 u 1 7 7 7 matrices 306064825 rings 0 seconds 217.949
job 285 / 495 done 1 u 2 2 2 2 matrices 229427 rings 35 seconds 0.42454
job 278 / 495 done 1 u 1 6 7 7 matrices 885815599 rings 1 seconds 628.692
job 287 / 495 done 1 u 2 2 2 4 matrices 1555967 rings 12 seconds 1.56879
job 286 / 495 done 1 u 2 2 2 3 matrices 39303801 rings 37 seconds 30.1622
job 289 / 495 done 1 u 2 2 2 6 matrices 1980265 rings 1 seconds 1.96871
job 271 / 495 done 1 u 1 5 6 8 matrices 1615216284 rings 1 seconds 1140.64
job 291 / 495 done 1 u 2 2 2 8 matrices 1777882 rings 0 seconds 1.85674
job 288 / 495 done 1 u 2 2 2 5 matrices 57458294 rings 4 seconds 43.2115
job 290 / 495 done 1 u 2 2 2 7 matrices 62085788 rings 4 seconds 45.9732
job 272 / 495 done 1 u 1 5 7 7 matrices 839381294 rings 0 seconds 972.212
job 292 / 495 done 1 u 2 2 3 3 matrices 78388162 rings 46 seconds 59.0709
job 293 / 495 done 1 u 2 2 3 4 matrices 192106259 rings 24 seconds 138.666
job 294 / 495 done 1 u 2 2 3 5 matrices 221460281 rings 8 seconds 162.57
job 298 / 495 done 1 u 2 2 4 4 matrices 3762526 rings 3 seconds 3.99435
job 296 / 495 done 1 u 2 2 3 7 matrices 236727549 rings 0 seconds 173.059
job 300 / 495 done 1 u 2 2 4 6 matrices 9097479 rings 3 seconds 8.40788
job 277 / 495 done 1 u 1 6 6 8 matrices 859641087 rings 2 seconds 1050.16
job 302 / 495 done 1 u 2 2 4 8 matrices 8561686 rings 0 seconds 13.0571
job 295 / 495 done 1 u 2 2 3 6 matrices 238732876 rings 4 seconds 233.26
job 284 / 495 done 1 u 1 8 8 8 matrices 320483848 rings 0 seconds 376.76
job 297 / 495 done 1 u 2 2 3 8 matrices 216132191 rings 0 seconds 217.794
job 299 / 495 done 1 u 2 2 4 5 matrices 267044548 rings 4 seconds 195.157
job 307 / 495 done 1 u 2 2 6 6 matrices 5587023 rings 2 seconds 4.99104
job 301 / 495 done 1 u 2 2 4 7 matrices 283738113 rings 2 seconds 206.65
job 303 / 495 done 1 u 2 2 5 5 matrices 150054725 rings 2 seconds 185.403
job 309 / 495 done 1 u 2 2 6 8 matrices 10908140 rings 0 seconds 10.2198
job 304 / 495 done 1 u 2 2 5 6 matrices 319143433 rings 4 seconds 228.322
job 312 / 495 done 1 u 2 2 8 8 matrices 5798832 rings 0 seconds 5.45921
job 280 / 495 done 1 u 1 6 8 8 matrices 903107517 rings 0 seconds 1075.09
job 313 / 495 done 1 u 2 3 3 3 matrices 67214232 rings 28 seconds 49.5757
job 306 / 495 done 1 u 2 2 5 8 matrices 302884582 rings 0 seconds 253.726
job 308 / 495 done 1 u 2 2 6 7 matrices 345969186 rings 1 seconds 251.145
job 310 / 495 done 1 u 2 2 7 7 matrices 179244703 rings 0 seconds 209.981
job 305 / 495 done 1 u 2 2 5 7 matrices 323269193 rings 3 seconds 378.253
job 282 / 495 done 1 u 1 7 7 8 matrices 920291441 rings 0 seconds 950.617
job 270 / 495 done 1 u 1 5 6 7 matrices 1637987888 rings 3 seconds 1920.19
job 315 / 495 done 1 u 2 3 3 5 matrices 273898006 rings 8 seconds 198.964
job 283 / 495 done 1 u 1 7 8 8 matrices 938915409 rings 0 seconds 967.764
job 314 / 495 done 1 u 2 3 3 4 matrices 243246522 rings 45 seconds 279.181
job 311 / 495 done 1 u 2 2 7 8 matrices 351707312 rings 0 seconds 372.212
job 316 / 495 done 1 u 2 3 3 6 matrices 294899316 rings 1 seconds 221.935
job 317 / 495 done 1 u 2 3 3 7 matrices 290578467 rings 0 seconds 212.455
job 318 / 495 done 1 u 2 3 3 8 matrices 271594616 rings 2 seconds 319.305
job 319 / 495 done 1 u 2 3 4 4 matrices 291078712 rings 28 seconds 341.064
job 273 / 495 done 1 u 1 5 7 8 matrices 1685814383 rings 0 seconds 1929.27
job 279 / 495 done 1 u 1 6 7 8 matrices 1781658566 rings 0 seconds 1725.66
job 324 / 495 done 1 u 2 3 5 5 matrices 355572654 rings 6 seconds 408.865
job 322 / 495 done 1 u 2 3 4 7 matrices 681897951 rings 3 seconds 491.46
job 323 / 495 done 1 u 2 3 4 8 matrices 637599071 rings 2 seconds 474.393
job 334 / 495 done 1 u 2 4 4 4 matrices 3677974 rings 1 seconds 3.29788
job 327 / 495 done 1 u 2 3 5 8 matrices 722161003 rings 0 seconds 566.629
job 336 / 495 done 1 u 2 4 4 6 matrices 12814031 rings 1 seconds 12.3432
job 320 / 495 done 1 u 2 3 4 5 matrices 643340897 rings 20 seconds 734.564
job 328 / 495 done 1 u 2 3 6 6 matrices 399876940 rings 0 seconds 469.672
job 338 / 495 done 1 u 2 4 4 8 matrices 12258230 rings 0 seconds 15.3857
job 321 / 495 done 1 u 2 3 4 6 matrices 681042247 rings 9 seconds 784.213
job 335 / 495 done 1 u 2 4 4 5 matrices 372440629 rings 19 seconds 277.091
job 333 / 495 done 1 u 2 3 8 8 matrices 407637171 rings 0 seconds 293.11
job 343 / 495 done 1 u 2 4 6 6 matrices 14762387 rings 0 seconds 12.6169
job 326 / 495 done 1 u 2 3 5 7 matrices 754104089 rings 2 seconds 724.857
job 331 / 495 done 1 u 2 3 7 7 matrices 412760054 rings 0 seconds 473.785
job 330 / 495 done 1 u 2 3 6 8 matrices 784216141 rings 3 seconds 585.35
job 345 / 495 done 1 u 2 4 6 8 matrices 29026964 rings 0 seconds 25.4557
job 348 / 495 done 1 u 2 4 8 8 matrices 15023663 rings 0 seconds 13.5273
job 325 / 495 done 1 u 2 3 5 6 matrices 755086023 rings 8 seconds 875.966
job 337 / 495 done 1 u 2 4 4 7 matrices 389375627 rings 0 seconds 277.84
job 349 / 495 done 1 u 2 5 5 5 matrices 146820334 rings 1 seconds 109.592
job 339 / 495 done 1 u 2 4 5 5 matrices 408805795 rings 12 seconds 492.275
job 329 / 495 done 1 u 2 3 6 7 matrices 806408554 rings 0 seconds 941.723
job 332 / 495 done 1 u 2 3 7 8 matrices 810091833 rings 0 seconds 736.239
job 352 / 495 done 1 u 2 5 5 8 matrices 450610292 rings 0 seconds 323.062
job 351 / 495 done 1 u 2 5 5 7 matrices 464590130 rings 0 seconds 330.654
job 346 / 495 done 1 u 2 4 7 7 matrices 458226225 rings 1 seconds 523.667
job 342 / 495 done 1 u 2 4 5 8 matrices 826675121 rings 1 seconds 637.401
job 359 / 495 done 1 u 2 6 6 6 matrices 5627577 rings 0 seconds 4.93961
job 350 / 495 done 1 u 2 5 5 6 matrices 461162138 rings 4 seconds 538.122
job 361 / 495 done 1 u 2 6 6 8 matrices 16710497 rings 0 seconds 20.5057
job 356 / 495 done 1 u 2 5 7 7 matrices 492898369 rings 0 seconds 349.07
job 340 / 495 done 1 u 2 4 5 6 matrices 848827214 rings 6 seconds 1017.95
job 341 / 495 done 1 u 2 4 5 7 matrices 856662806 rings 1 seconds 982.171
job 364 / 495 done 1 u 2 6 8 8 matrices 17364514 rings 0 seconds 23.3374
job 360 / 495 done 1 u 2 6 6 7 matrices 505331093 rings 0 seconds 358.609
job 344 / 495 done 1 u 2 4 6 7 matrices 901733167 rings 1 seconds 984.765
job 368 / 495 done 1 u 2 8 8 8 matrices 5956328 rings 0 seconds 9.24472
job 369 / 495 done 1 u 3 3 3 3 matrices 46566 rings 12 seconds 0.129013
job 353 / 495 done 1 u 2 5 6 6 matrices 481895265 rings 2 seconds 616.431
job 370 / 495 done 1 u 3 3 3 4 matrices 43181347 rings 8 seconds 53.7773
job 372 / 495 done 1 u 3 3 3 6 matrices 234799 rings 3 seconds 0.445927
job 371 / 495 done 1 u 3 3 3 5 matrices 48250698 rings 6 seconds 62.5236
job 347 / 495 done 1 u 2 4 7 8 matrices 904136267 rings 2 seconds 1040.26
job 355 / 495 done 1 u 2 5 6 8 matrices 951650285 rings 0 seconds 675.822
job 358 / 495 done 1 u 2 5 8 8 matrices 488233488 rings 0 seconds 560.144
job 373 / 495 done 1 u 3 3 3 7 matrices 48856779 rings 0 seconds 62.5851
job 374 / 495 done 1 u 3 3 3 8 matrices 44960258 rings 0 seconds 56.9536
job 365 / 495 done 1 u 2 7 7 7 matrices 174313938 rings 2 seconds 201.929
job 375 / 495 done 1 u 3 3 4 4 matrices 76032541 rings 21 seconds 93.2153
job 357 / 495 done 1 u 2 5 7 8 matrices 977691235 rings 3 seconds 691.502
job 376 / 495 done 1 u 3 3 4 5 matrices 167739726 rings 20 seconds 120.995
job 380 / 495 done 1 u 3 3 5 5 matrices 92650261 rings 2 seconds 105.92
job 384 / 495 done 1 u 3 3 6 6 matrices 477941 rings 0 seconds 0.761632
job 377 / 495 done 1 u 3 3 4 6 matrices 174771213 rings 7 seconds 201.811
job 362 / 495 done 1 u 2 6 7 7 matrices 514925875 rings 0 seconds 599.528
job 382 / 495 done 1 u 3 3 5 7 matrices 190900028 rings 1 seconds 137.589
job 379 / 495 done 1 u 3 3 4 8 matrices 159331759 rings 0 seconds 204.95
job 383 / 495 done 1 u 3 3 5 8 matrices 180108510 rings 1 seconds 129.766
job 378 / 495 done 1 u 3 3 4 7 matrices 172624999 rings 4 seconds 217.539
job 367 / 495 done 1 u 2 7 8 8 matrices 524833681 rings 0 seconds 375.559
job 390 / 495 done 1 u 3 4 4 4 matrices 59131914 rings 13 seconds 42.9877
job 381 / 495 done 1 u 3 3 5 6 matrices 194635457 rings 4 seconds 237.176
job 387 / 495 done 1 u 3 3 7 7 matrices 101254423 rings 2 seconds 119.046
job 389 / 495 done 1 u 3 3 8 8 matrices 96549398 rings 0 seconds 122.579
job 388 / 495 done 1 u 3 3 7 8 matrices 194486260 rings 0 seconds 139.57
job 385 / 495 done 1 u 3 3 6 7 matrices 202336814 rings 1 seconds 234.335
job 392 / 495 done 1 u 3 4 4 6 matrices 202414869 rings 3 seconds 146.42
job 393 / 495 done 1 u 3 4 4 7 matrices 198853065 rings 2 seconds 144.407
job 386 / 495 done 1 u 3 3 6 8 matrices 191632048 rings 1 seconds 220.364
job 354 / 495 done 1 u 2 5 6 7 matrices 971946017 rings 4 seconds 1137.47
job 363 / 495 done 1 u 2 6 7 8 matrices 1018560224 rings 2 seconds 721.164
job 391 / 495 done 1 u 3 4 4 5 matrices 193501438 rings 35 seconds 244.024
job 366 / 495 done 1 u 2 7 7 8 matrices 523033321 rings 0 seconds 640.168
job 394 / 495 done 1 u 3 4 4 8 matrices 186779930 rings 0 seconds 228.203
job 395 / 495 done 1 u 3 4 5 5 matrices 211836113 rings 14 seconds 248.231
job 399 / 495 done 1 u 3 4 6 6 matrices 231257501 rings 3 seconds 165.367
job 405 / 495 done 1 u 3 5 5 5 matrices 77065675 rings 1 seconds 95.9328
job 397 / 495 done 1 u 3 4 5 7 matrices 436267729 rings 4 seconds 311.442
job 402 / 495 done 1 u 3 4 7 7 matrices 228333658 rings 0 seconds 269.661
job 408 / 495 done 1 u 3 5 5 8 matrices 226457547 rings 0 seconds 161.18
job 400 / 495 done 1 u 3 4 6 7 matrices 457402953 rings 1 seconds 325.818
job 404 / 495 done 1 u 3 4 8 8 matrices 217563687 rings 0 seconds 272.827
job 403 / 495 done 1 u 3 4 7 8 matrices 443352757 rings 0 seconds 313.878
job 415 / 495 done 1 u 3 6 6 6 matrices 400365 rings 0 seconds 0.487327
job 406 / 495 done 1 u 3 5 5 6 matrices 240771349 rings 8 seconds 292.367
job 407 / 495 done 1 u 3 5 5 7 matrices 237614518 rings 0 seconds 275.487
job 398 / 495 done 1 u 3 4 5 8 matrices 410623944 rings 0 seconds 470.929
job 409 / 495 done 1 u 3 5 6 6 matrices 251387304 rings 3 seconds 308.027
job 396 / 495 done 1 u 3 4 5 6 matrices 440735197 rings 6 seconds 561.736
job 412 / 495 done 1 u 3 5 7 7 matrices 250243813 rings 0 seconds 179.742
job 401 / 495 done 1 u 3 4 6 8 matrices 435627299 rings 1 seconds 499.671
job 416 / 495 done 1 u 3 6 6 7 matrices 261856382 rings 3 seconds 191.349
job 410 / 495 done 1 u 3 5 6 7 matrices 495007027 rings 3 seconds 349.337
job 425 / 495 done 1 u 4 4 4 4 matrices 19154 rings 7 seconds 0.0709585
job 421 / 495 done 1 u 3 7 7 7 matrices 87836865 rings 0 seconds 113.863
job 427 / 495 done 1 u 4 4 4 6 matrices 920804 rings 0 seconds 1.28948
job 424 / 495 done 1 u 3 8 8 8 matrices 84708503 rings 0 seconds 64.5381
job 429 / 495 done 1 u 4 4 4 8 matrices 73041 rings 0 seconds 0.144134
job 426 / 495 done 1 u 4 4 4 5 matrices 27344840 rings 3 seconds 19.6785
job 414 / 495 done 1 u 3 5 8 8 matrices 239382199 rings 0 seconds 299.524
job 430 / 495 done 1 u 4 4 5 5 matrices 45299287 rings 9 seconds 34.104
job 428 / 495 done 1 u 4 4 4 7 matrices 27689793 rings 2 seconds 35.483
job 434 / 495 done 1 u 4 4 6 6 matrices 1586438 rings 1 seconds 2.17738
job 413 / 495 done 1 u 3 5 7 8 matrices 482483479 rings 0 seconds 340.151
job 436 / 495 done 1 u 4 4 6 8 matrices 2908770 rings 0 seconds 2.94985
job 431 / 495 done 1 u 4 4 5 6 matrices 94023971 rings 7 seconds 67.2995
job 422 / 495 done 1 u 3 7 7 8 matrices 260394736 rings 0 seconds 196.192
job 439 / 495 done 1 u 4 4 8 8 matrices 144417 rings 0 seconds 0.276824
job 437 / 495 done 1 u 4 4 7 7 matrices 47513249 rings 0 seconds 34.8196
job 433 / 495 done 1 u 4 4 5 8 matrices 83853734 rings 2 seconds 62.8528
job 417 / 495 done 1 u 3 6 6 8 matrices 252601788 rings 0 seconds 309.054
job 440 / 495 done 1 u 4 5 5 5 matrices 33091480 rings 10 seconds 25.8986
job 418 / 495 done 1 u 3 6 7 7 matrices 261314383 rings 2 seconds 303.607
job 432 / 495 done 1 u 4 4 5 7 matrices 90552727 rings 6 seconds 114.259
job 438 / 495 done 1 u 4 4 7 8 matrices 89607478 rings 0 seconds 64.6014
job 435 / 495 done 1 u 4 4 6 7 matrices 95744011 rings 2 seconds 122.33
job 441 / 495 done 1 u 4 5 5 6 matrices 102624665 rings 22 seconds 73.1503
job 442 / 495 done 1 u 4 5 5 7 matrices 100079299 rings 1 seconds 76.5894
job 420 / 495 done 1 u 3 6 8 8 matrices 253273798 rings 0 seconds 311.226
job 450 / 495 done 1 u 4 6 6 6 matrices 1244028 rings 0 seconds 1.08771
job 452 / 495 done 1 u 4 6 6 8 matrices 3503553 rings 0 seconds 2.98291
job 423 / 495 done 1 u 3 7 8 8 matrices 255466309 rings 0 seconds 292.151
job 444 / 495 done 1 u 4 5 6 6 matrices 107354859 rings 11 seconds 81.6919
job 455 / 495 done 1 u 4 6 8 8 matrices 3450017 rings 0 seconds 3.37766
job 447 / 495 done 1 u 4 5 7 7 matrices 104898140 rings 0 seconds 74.4074
job 443 / 495 done 1 u 4 5 5 8 matrices 93154847 rings 0 seconds 114.248
job 456 / 495 done 1 u 4 7 7 7 matrices 38247209 rings 0 seconds 29.223
job 459 / 495 done 1 u 4 8 8 8 matrices 125765 rings 0 seconds 0.207486
job 460 / 495 done 1 u 5 5 5 5 matrices 1028 rings 9 seconds 0.0253375
job 411 / 495 done 1 u 3 5 6 8 matrices 480352856 rings 1 seconds 563.295
job 461 / 495 done 1 u 5 5 5 6 matrices 11030100 rings 1 seconds 8.81035
job 463 / 495 done 1 u 5 5 5 8 matrices 9586785 rings 0 seconds 6.80383
job 449 / 495 done 1 u 4 5 8 8 matrices 97072301 rings 0 seconds 76.5457
job 462 / 495 done 1 u 5 5 5 7 matrices 10685204 rings 0 seconds 11.9148
job 464 / 495 done 1 u 5 5 6 6 matrices 17489140 rings 8 seconds 12.2289
job 453 / 495 done 1 u 4 6 7 7 matrices 112649303 rings 0 seconds 82.2123
job 467 / 495 done 1 u 5 5 7 7 matrices 16895703 rings 0 seconds 12.5765
job 451 / 495 done 1 u 4 6 6 7 matrices 112059914 rings 0 seconds 102.096
job 469 / 495 done 1 u 5 5 8 8 matrices 14929755 rings 0 seconds 11.0018
job 466 / 495 done 1 u 5 5 6 8 matrices 30865425 rings 0 seconds 37.0137
job 468 / 495 done 1 u 5 5 7 8 matrices 31373034 rings 0 seconds 23.2486
job 470 / 495 done 1 u 5 6 6 6 matrices 12484251 rings 9 seconds 8.8108
job 465 / 495 done 1 u 5 5 6 7 matrices 34027570 rings 5 seconds 41.2197
job 457 / 495 done 1 u 4 7 7 8 matrices 109945303 rings 1 seconds 78.8122
job 471 / 495 done 1 u 5 6 6 7 matrices 36531317 rings 8 seconds 26.1628
job 476 / 495 done 1 u 5 7 7 7 matrices 12559908 rings 0 seconds 9.84615
job 473 / 495 done 1 u 5 6 7 7 matrices 36952318 rings 2 seconds 27.0131
job 479 / 495 done 1 u 5 8 8 8 matrices 11571816 rings 0 seconds 7.99736
job 480 / 495 done 1 u 6 6 6 6 matrices 332 rings 8 seconds 0.00739668
job 481 / 495 done 1 u 6 6 6 7 matrices 2691106 rings 1 seconds 1.89811
job 482 / 495 done 1 u 6 6 6 8 matrices 78639 rings 0 seconds 0.0806131
job 472 / 495 done 1 u 5 6 6 8 matrices 33937819 rings 1 seconds 39.7568
job 483 / 495 done 1 u 6 6 7 7 matrices 4111541 rings 5 seconds 3.01246
job 485 / 495 done 1 u 6 6 8 8 matrices 118734 rings 0 seconds 0.108624
job 475 / 495 done 1 u 5 6 8 8 matrices 33415155 rings 0 seconds 40.1219
job 486 / 495 done 1 u 6 7 7 7 matrices 2824647 rings 2 seconds 2.05914
job 477 / 495 done 1 u 5 7 7 8 matrices 36030208 rings 0 seconds 25.6216
job 489 / 495 done 1 u 6 8 8 8 matrices 86168 rings 0 seconds 0.0781343
job 490 / 495 done 1 u 7 7 7 7 matrices 52 rings 2 seconds 0.00234753
job 491 / 495 done 1 u 7 7 7 8 matrices 295181 rings 0 seconds 0.211194
job 492 / 495 done 1 u 7 7 8 8 matrices 443120 rings 1 seconds 0.31265
job 493 / 495 done 1 u 7 8 8 8 matrices 304608 rings 1 seconds 0.219632
job 494 / 495 done 1 u 8 8 8 8 matrices 29 rings 0 seconds 0.00111023
job 488 / 495 done 1 u 6 7 8 8 matrices 7753813 rings 0 seconds 4.89636
job 484 / 495 done 1 u 6 6 7 8 matrices 7461216 rings 0 seconds 8.12528
job 478 / 495 done 1 u 5 7 8 8 matrices 34627560 rings 0 seconds 24.0455
job 474 / 495 done 1 u 5 6 7 8 matrices 69195035 rings 1 seconds 48.4759
job 487 / 495 done 1 u 6 7 7 8 matrices 8056203 rings 0 seconds 8.38651
job 458 / 495 done 1 u 4 7 8 8 matrices 108067001 rings 2 seconds 116.93
job 445 / 495 done 1 u 4 5 6 7 matrices 210651456 rings 2 seconds 219.081
job 446 / 495 done 1 u 4 5 6 8 matrices 198017882 rings 0 seconds 222.291
job 419 / 495 done 1 u 3 6 7 8 matrices 509790704 rings 1 seconds 536.062
job 448 / 495 done 1 u 4 5 7 8 matrices 201314810 rings 0 seconds 204.878
job 454 / 495 done 1 u 4 6 7 8 matrices 216251247 rings 1 seconds 181.052
FINAL rank 6 bound 8 complete 1 jobs 495 / 495 matrices 222656497279 singular 1000488 completion_nodes 1758638 classes 14762 seconds 17982.3 counts 20 102 286 703 1362 2428 3449 6412
